I/TCPTester-bin( 1338): Receiving from socket, offset 0
D/TCPTester( 1284): Receive data from socket, bytesRead = 2, 0200
D/TCPTester( 1284): Full command received
D/TCPTester( 1284): Test successful
D/TCPTester( 1284): Iptables command to execute: iptables -D OUTPUT -p tcp --tcp-flags RST RST --sport 27614 --dport 6969 -d 192.95.61.160 -j DROP && iptables --list
D/TCPTester( 1284): iptables rule disabled
D/TCPTester( 1284): Running test Test Reserved-est from 10.108.56.88:19199 to 192.95.61.160:6969 failed 10
D/TCPTester( 1284): Iptables command to execute: iptables -A OUTPUT -p tcp --tcp-flags RST RST --sport 19199 --dport 6969 -d 192.95.61.160 -j DROP && iptables --list
D/TCPTester( 1284): iptables rule enabled
D/TCPTester( 1284): Sending message 0F0C0A6C38584AFFC05F3DA01B3902
D/TCPTester( 1284): Client connected, writing the message to socket
I/TCPTester-bin( 1338): Received 15 bytes
D/TCPTester-bin( 1338): Payload: 
D/TCPTester-bin( 1338): 0F 0C 0A 6C 38 58 4A FF C0 5F 3D A0 1B 39 02 
D/TCPTester-bin( 1338): Selecting test for opcode 12
D/TCPTester-bin( 1338): socket() ok
D/TCPTester-bin( 1338): setsockopt() ok
D/TCPTester-bin( 1338): TCP Checksum: 8038
D/TCPTester-bin( 1338): 10.108.56.88:19199 --> 
D/TCPTester-bin( 1338): 		 192.95.61.160:6969
D/TCPTester-bin( 1338): 	Seq: 35030 	Ack: 0
D/TCPTester-bin( 1338): TCP Checksum: 71C1
D/TCPTester-bin( 1338): 192.95.61.160:6969 --> 
D/TCPTester-bin( 1338): 		 10.108.56.88:19199
D/TCPTester-bin( 1338): 	Seq: 12345 	Ack: 35031
D/TCPTester-bin( 1338): 45 00 00 28 00 01 00 00 33 06 47 0C C0 5F 3D A0 0A 6C 38 58 1B 39 4A FF 00 00 30 39 00 00 88 D7 50 12 20 00 71 C1 BE 04 
D/TCPTester-bin( 1338): SYNACK 	Seq: 12345 	Ack: 35031
D/TCPTester-bin( 1338): TCP Checksum: 4FEF
D/TCPTester-bin( 1338): 10.108.56.88:19199 --> 
D/TCPTester-bin( 1338): 		 192.95.61.160:6969
D/TCPTester-bin( 1338): 	Seq: 35031 	Ack: 12346
D/TCPTester-bin( 1338): TCP Checksum: 6A50
D/TCPTester-bin( 1338): 10.108.56.88:19199 --> 
D/TCPTester-bin( 1338): 		 192.95.61.160:6969
D/TCPTester-bin( 1338): 	Seq: 35031 	Ack: 12346
D/TCPTester-bin( 1338): 45 00 00 2D 00 00 00 00 28 06 00 00 0A 6C 38 58 C0 5F 3D A0 4A FF 1B 39 00 00 88 D7 00 00 30 3A 52 18 FF D7 6A 50 00 00 48 45 4C 4C 4F 
D/TCPTester-bin( 1338): TCP Checksum: 4A2B
D/TCPTester-bin( 1338): 192.95.61.160:6969 --> 
D/TCPTester-bin( 1338): 		 10.108.56.88:19199
D/TCPTester-bin( 1338): 	Seq: 12346 	Ack: 35036
D/TCPTester-bin( 1338): 45 00 00 2D 00 01 00 00 33 06 47 07 C0 5F 3D A0 0A 6C 38 58 1B 39 4A FF 00 00 30 3A 00 00 88 DC 52 10 20 00 4A 2B 00 00 4F 4C 4C 45 48 
D/TCPTester-bin( 1338): TCP Checksum: 4DE5
D/TCPTester-bin( 1338): 10.108.56.88:19199 --> 
D/TCPTester-bin( 1338): 		 192.95.61.160:6969
D/TCPTester-bin( 1338): 	Seq: 35036 	Ack: 12351
D/TCPTester-bin( 1338): TCP Checksum: 4DE4
D/TCPTester-bin( 1338): 10.108.56.88:19199 --> 
D/TCPTester-bin( 1338): 		 192.95.61.160:6969
D/TCPTester-bin( 1338): 	Seq: 35036 	Ack: 12351
D/TCPTester-bin( 1338): TCP Checksum: 2FBB
D/TCPTester-bin( 1338): 192.95.61.160:6969 --> 
D/TCPTester-bin( 1338): 		 10.108.56.88:19199
D/TCPTester-bin( 1338): 	Seq: 12351 	Ack: 35037
D/TCPTester-bin( 1338): 45 00 00 28 00 01 00 00 33 06 47 0C C0 5F 3D A0 0A 6C 38 58 1B 39 4A FF 00 00 30 3F 00 00 88 DD 50 11 20 00 2F BB 00 00 
D/TCPTester-bin( 1338): TCP Checksum: F745
D/TCPTester-bin( 1338): 10.108.56.88:19199 --> 
D/TCPTester-bin( 1338): 		 192.95.61.160:6969
D/TCPTester-bin( 1338): 	Seq: 35036 	Ack: 35038
D/TCPTester-bin( 1338): Reserved byte 02 passed
D/TCPTester-bin( 1338): Sending message to the socket, opcode 0
D/TCPTester-bin( 1338): Test complete
I/TCPTester-bin( 1338): Receiving from socket, offset 0
D/TCPTester( 1284): Receive data from socket, bytesRead = 2, 0200
D/TCPTester( 1284): Full command received
D/TCPTester( 1284): Test successful
D/TCPTester( 1284): Iptables command to execute: iptables -D OUTPUT -p tcp --tcp-flags RST RST --sport 19199 --dport 6969 -d 192.95.61.160 -j DROP && iptables --list
D/TCPTester( 1284): iptables rule disabled
D/TCPTester( 1284): Running test Test Reserved-est from 10.108.56.88:11317 to 192.95.61.160:6969 failed 100
D/TCPTester( 1284): Iptables command to execute: iptables -A OUTPUT -p tcp --tcp-flags RST RST --sport 11317 --dport 6969 -d 192.95.61.160 -j DROP && iptables --list
D/TCPTester( 1284): iptables rule enabled
D/TCPTester( 1284): Sending message 0F0C0A6C38582C35C05F3DA01B3904
D/TCPTester( 1284): Client connected, writing the message to socket
I/TCPTester-bin( 1338): Received 15 bytes
D/TCPTester-bin( 1338): Payload: 
D/TCPTester-bin( 1338): 0F 0C 0A 6C 38 58 2C 35 C0 5F 3D A0 1B 39 04 
D/TCPTester-bin( 1338): Selecting test for opcode 12
D/TCPTester-bin( 1338): socket() ok
D/TCPTester-bin( 1338): setsockopt() ok
D/TCPTester-bin( 1338): TCP Checksum: 6CB1
D/TCPTester-bin( 1338): 10.108.56.88:11317 --> 
D/TCPTester-bin( 1338): 		 192.95.61.160:6969
D/TCPTester-bin( 1338): 	Seq: 47911 	Ack: 0
D/TCPTester-bin( 1338): TCP Checksum: 5E3A
D/TCPTester-bin( 1338): 192.95.61.160:6969 --> 
D/TCPTester-bin( 1338): 		 10.108.56.88:11317
D/TCPTester-bin( 1338): 	Seq: 12345 	Ack: 47912
D/TCPTester-bin( 1338): 45 00 00 28 00 01 00 00 33 06 47 0C C0 5F 3D A0 0A 6C 38 58 1B 39 2C 35 00 00 30 39 00 00 BB 28 50 12 20 00 5E 3A BE 04 
D/TCPTester-bin( 1338): SYNACK 	Seq: 12345 	Ack: 47912
D/TCPTester-bin( 1338): TCP Checksum: 3C68
D/TCPTester-bin( 1338): 10.108.56.88:11317 --> 
D/TCPTester-bin( 1338): 		 192.95.61.160:6969
D/TCPTester-bin( 1338): 	Seq: 47912 	Ack: 12346
D/TCPTester-bin( 1338): TCP Checksum: 54C9
D/TCPTester-bin( 1338): 10.108.56.88:11317 --> 
D/TCPTester-bin( 1338): 		 192.95.61.160:6969
D/TCPTester-bin( 1338): 	Seq: 47912 	Ack: 12346
D/TCPTester-bin( 1338): 45 00 00 2D 00 00 00 00 28 06 00 00 0A 6C 38 58 C0 5F 3D A0 2C 35 1B 39 00 00 BB 28 00 00 30 3A 54 18 FF D7 54 C9 00 00 48 45 4C 4C 4F 
D/TCPTester-bin( 1338): TCP Checksum: 34A4
D/TCPTester-bin( 1338): 192.95.61.160:6969 --> 
D/TCPTester-bin( 1338): 		 10.108.56.88:11317
D/TCPTester-bin( 1338): 	Seq: 12346 	Ack: 47917
D/TCPTester-bin( 1338): 45 00 00 2D 00 01 00 00 33 06 47 07 C0 5F 3D A0 0A 6C 38 58 1B 39 2C 35 00 00 30 3A 00 00 BB 2D 54 10 20 00 34 A4 00 00 4F 4C 4C 45 48 
D/TCPTester-bin( 1338): TCP Checksum: 385E
D/TCPTester-bin( 1338): 10.108.56.88:11317 --> 
D/TCPTester-bin( 1338): 		 192.95.61.160:6969
D/TCPTester-bin( 1338): 	Seq: 47917 	Ack: 12351
D/TCPTester-bin( 1338): TCP Checksum: 385D
D/TCPTester-bin( 1338): 10.108.56.88:11317 --> 
D/TCPTester-bin( 1338): 		 192.95.61.160:6969
D/TCPTester-bin( 1338): 	Seq: 47917 	Ack: 12351
D/TCPTester-bin( 1338): TCP Checksum: 1C34
D/TCPTester-bin( 1338): 192.95.61.160:6969 --> 
D/TCPTester-bin( 1338): 		 10.108.56.88:11317
D/TCPTester-bin( 1338): 	Seq: 12351 	Ack: 47918
D/TCPTester-bin( 1338): 45 00 00 28 00 01 00 00 33 06 47 0C C0 5F 3D A0 0A 6C 38 58 1B 39 2C 35 00 00 30 3F 00 00 BB 2E 50 11 20 00 1C 34 00 00 
D/TCPTester-bin( 1338): TCP Checksum: B16D
D/TCPTester-bin( 1338): 10.108.56.88:11317 --> 
D/TCPTester-bin( 1338): 		 192.95.61.160:6969
D/TCPTester-bin( 1338): 	Seq: 47917 	Ack: 47919
D/TCPTester-bin( 1338): Reserved byte 04 passed
D/TCPTester-bin( 1338): Sending message to the socket, opcode 0
D/TCPTester-bin( 1338): Test complete
I/TCPTester-bin( 1338): Receiving from socket, offset 0
D/TCPTester( 1284): Receive data from socket, bytesRead = 2, 0200
D/TCPTester( 1284): Full command received
D/TCPTester( 1284): Test successful
D/TCPTester( 1284): Iptables command to execute: iptables -D OUTPUT -p tcp --tcp-flags RST RST --sport 11317 --dport 6969 -d 192.95.61.160 -j DROP && iptables --list
D/TCPTester( 1284): iptables rule disabled
D/TCPTester( 1284): Running test Test Reserved-est from 10.108.56.88:59194 to 192.95.61.160:6969 failed 1000
D/TCPTester( 1284): Iptables command to execute: iptables -A OUTPUT -p tcp --tcp-flags RST RST --sport 59194 --dport 6969 -d 192.95.61.160 -j DROP && iptables --list
D/TCPTester( 1284): iptables rule enabled
D/TCPTester( 1284): Sending message 0F0C0A6C3858E73AC05F3DA01B3908
D/TCPTester( 1284): Client connected, writing the message to socket
I/TCPTester-bin( 1338): Received 15 bytes
D/TCPTester-bin( 1338): Payload: 
D/TCPTester-bin( 1338): 0F 0C 0A 6C 38 58 E7 3A C0 5F 3D A0 1B 39 08 
D/TCPTester-bin( 1338): Selecting test for opcode 12
D/TCPTester-bin( 1338): socket() ok
D/TCPTester-bin( 1338): setsockopt() ok
D/TCPTester-bin( 1338): TCP Checksum: 86B6
D/TCPTester-bin( 1338): 10.108.56.88:59194 --> 
D/TCPTester-bin( 1338): 		 192.95.61.160:6969
D/TCPTester-bin( 1338): 	Seq: 58908 	Ack: 0
D/TCPTester-bin( 1338): TCP Checksum: 783F
D/TCPTester-bin( 1338): 192.95.61.160:6969 --> 
D/TCPTester-bin( 1338): 		 10.108.56.88:59194
D/TCPTester-bin( 1338): 	Seq: 12345 	Ack: 58909
D/TCPTester-bin( 1338): 45 00 00 28 00 01 00 00 33 06 47 0C C0 5F 3D A0 0A 6C 38 58 1B 39 E7 3A 00 00 30 39 00 00 E6 1D 50 12 20 00 78 3F BE 04 
D/TCPTester-bin( 1338): SYNACK 	Seq: 12345 	Ack: 58909
D/TCPTester-bin( 1338): TCP Checksum: 566D
D/TCPTester-bin( 1338): 10.108.56.88:59194 --> 
D/TCPTester-bin( 1338): 		 192.95.61.160:6969
D/TCPTester-bin( 1338): 	Seq: 58909 	Ack: 12346
D/TCPTester-bin( 1338): TCP Checksum: 6ACE
D/TCPTester-bin( 1338): 10.108.56.88:59194 --> 
D/TCPTester-bin( 1338): 		 192.95.61.160:6969
D/TCPTester-bin( 1338): 	Seq: 58909 	Ack: 12346
D/TCPTester-bin( 1338): 45 00 00 2D 00 00 00 00 28 06 00 00 0A 6C 38 58 C0 5F 3D A0 E7 3A 1B 39 00 00 E6 1D 00 00 30 3A 58 18 FF D7 6A CE 00 00 48 45 4C 4C 4F 
D/TCPTester-bin( 1338): TCP Checksum: 4AA9
D/TCPTester-bin( 1338): 192.95.61.160:6969 --> 
D/TCPTester-bin( 1338): 		 10.108.56.88:59194
D/TCPTester-bin( 1338): 	Seq: 12346 	Ack: 58914
D/TCPTester-bin( 1338): 45 00 00 2D 00 01 00 00 33 06 47 07 C0 5F 3D A0 0A 6C 38 58 1B 39 E7 3A 00 00 30 3A 00 00 E6 22 58 10 20 00 4A A9 00 00 4F 4C 4C 45 48 
D/TCPTester-bin( 1338): TCP Checksum: 4E63
D/TCPTester-bin( 1338): 10.108.56.88:59194 --> 
D/TCPTester-bin( 1338): 		 192.95.61.160:6969
D/TCPTester-bin( 1338): 	Seq: 58914 	Ack: 12351
D/TCPTester-bin( 1338): TCP Checksum: 4E62
D/TCPTester-bin( 1338): 10.108.56.88:59194 --> 
D/TCPTester-bin( 1338): 		 192.95.61.160:6969
D/TCPTester-bin( 1338): 	Seq: 58914 	Ack: 12351
D/TCPTester-bin( 1338): TCP Checksum: 3639
D/TCPTester-bin( 1338): 192.95.61.160:6969 --> 
D/TCPTester-bin( 1338): 		 10.108.56.88:59194
D/TCPTester-bin( 1338): 	Seq: 12351 	Ack: 58915
D/TCPTester-bin( 1338): 45 00 00 28 00 01 00 00 33 06 47 0C C0 5F 3D A0 0A 6C 38 58 1B 39 E7 3A 00 00 30 3F 00 00 E6 23 50 11 20 00 36 39 00 00 
D/TCPTester-bin( 1338): TCP Checksum: A07D
D/TCPTester-bin( 1338): 10.108.56.88:59194 --> 
D/TCPTester-bin( 1338): 		 192.95.61.160:6969
D/TCPTester-bin( 1338): 	Seq: 58914 	Ack: 58916
D/TCPTester-bin( 1338): Reserved byte 08 passed
D/TCPTester-bin( 1338): Sending message to the socket, opcode 0
D/TCPTester-bin( 1338): Test complete
I/TCPTester-bin( 1338): Receiving from socket, offset 0
D/TCPTester( 1284): Receive data from socket, bytesRead = 2, 0200
D/TCPTester( 1284): Full command received
D/TCPTester( 1284): Test successful
D/TCPTester( 1284): Iptables command to execute: iptables -D OUTPUT -p tcp --tcp-flags RST RST --sport 59194 --dport 6969 -d 192.95.61.160 -j DROP && iptables --list
D/TCPTester( 1284): iptables rule disabled
D/TCPTester( 1284): Running test Test ACK-checksum-incorrect-seq from 10.108.56.88:48758 to 192.95.61.160:6969 failed
D/TCPTester( 1284): Iptables command to execute: iptables -A OUTPUT -p tcp --tcp-flags RST RST --sport 48758 --dport 6969 -d 192.95.61.160 -j DROP && iptables --list
D/TCPTester( 1284): iptables rule enabled
D/TCPTester( 1284): Sending message 0E0D0A6C3858BE76C05F3DA01B39
D/TCPTester( 1284): Client connected, writing the message to socket
I/TCPTester-bin( 1338): Received 14 bytes
D/TCPTester-bin( 1338): Payload: 
D/TCPTester-bin( 1338): 0E 0D 0A 6C 38 58 BE 76 C0 5F 3D A0 1B 39 
D/TCPTester-bin( 1338): Selecting test for opcode 13
D/TCPTester-bin( 1338): socket() ok
D/TCPTester-bin( 1338): setsockopt() ok
D/TCPTester-bin( 1338): TCP Checksum: AA59
D/TCPTester-bin( 1338): 10.108.56.88:48758 --> 
D/TCPTester-bin( 1338): 		 192.95.61.160:6969
D/TCPTester-bin( 1338): 	Seq: 11329 	Ack: 3203334157
D/TCPTester-bin( 1338): TCP Checksum: 6138
D/TCPTester-bin( 1338): 192.95.61.160:6969 --> 
D/TCPTester-bin( 1338): 		 10.108.56.88:48758
D/TCPTester-bin( 1338): 	Seq: 12345 	Ack: 11330
D/TCPTester-bin( 1338): 45 00 00 28 00 01 00 00 33 06 47 0C C0 5F 3D A0 0A 6C 38 58 1B 39 BE 76 00 00 30 39 00 00 2C 42 50 12 20 00 61 38 00 00 
D/TCPTester-bin( 1338): Checksum NATing recalculated: 25203, 6273
D/TCPTester-bin( 1338): Checksum NATing recalculated (Seq): 48878, BEEE
D/TCPTester-bin( 1338): SYNACK 	Seq: 12345 	Ack: 11330
D/TCPTester-bin( 1338): TCP Checksum: 390D
D/TCPTester-bin( 1338): 10.108.56.88:48758 --> 
D/TCPTester-bin( 1338): 		 192.95.61.160:6969
D/TCPTester-bin( 1338): 	Seq: 11330 	Ack: 12346
D/TCPTester-bin( 1338): TCP Checksum: 556E
D/TCPTester-bin( 1338): 10.108.56.88:48758 --> 
D/TCPTester-bin( 1338): 		 192.95.61.160:6969
D/TCPTester-bin( 1338): 	Seq: 11330 	Ack: 12346
D/TCPTester-bin( 1338): 45 00 00 2D 00 00 00 00 28 06 00 00 0A 6C 38 58 C0 5F 3D A0 BE 76 1B 39 00 00 2C 42 00 00 30 3A 50 18 FF D7 55 6E 00 00 48 45 4C 4C 4F 
D/TCPTester-bin( 1338): TCP Checksum: 3549
D/TCPTester-bin( 1338): 192.95.61.160:6969 --> 
D/TCPTester-bin( 1338): 		 10.108.56.88:48758
D/TCPTester-bin( 1338): 	Seq: 12346 	Ack: 11335
D/TCPTester-bin( 1338): 45 00 00 2D 00 01 00 00 33 06 47 07 C0 5F 3D A0 0A 6C 38 58 1B 39 BE 76 00 00 30 3A 00 00 2C 47 50 10 20 00 35 49 00 00 4F 4C 4C 45 48 
D/TCPTester-bin( 1338): TCP Checksum: 3903
D/TCPTester-bin( 1338): 10.108.56.88:48758 --> 
D/TCPTester-bin( 1338): 		 192.95.61.160:6969
D/TCPTester-bin( 1338): 	Seq: 11335 	Ack: 12351
D/TCPTester-bin( 1338): TCP Checksum: 3902
D/TCPTester-bin( 1338): 10.108.56.88:48758 --> 
D/TCPTester-bin( 1338): 		 192.95.61.160:6969
D/TCPTester-bin( 1338): 	Seq: 11335 	Ack: 12351
D/TCPTester-bin( 1338): TCP Checksum: 18D9
D/TCPTester-bin( 1338): 192.95.61.160:6969 --> 
D/TCPTester-bin( 1338): 		 10.108.56.88:48758
D/TCPTester-bin( 1338): 	Seq: 12351 	Ack: 11336
D/TCPTester-bin( 1338): 45 00 00 28 00 01 00 00 33 06 47 0C C0 5F 3D A0 0A 6C 38 58 1B 39 BE 76 00 00 30 3F 00 00 2C 48 50 11 20 00 18 D9 00 00 
D/TCPTester-bin( 1338): TCP Checksum: 3CF9
D/TCPTester-bin( 1338): 10.108.56.88:48758 --> 
D/TCPTester-bin( 1338): 		 192.95.61.160:6969
D/TCPTester-bin( 1338): 	Seq: 11335 	Ack: 11337
D/TCPTester-bin( 1338): Sending message to the socket, opcode 0
D/TCPTester-bin( 1338): Test complete
I/TCPTester-bin( 1338): Receiving from socket, offset 0
D/TCPTester( 1284): Receive data from socket, bytesRead = 2, 0200
D/TCPTester( 1284): Full command received
D/TCPTester( 1284): Test successful
D/TCPTester( 1284): Iptables command to execute: iptables -D OUTPUT -p tcp --tcp-flags RST RST --sport 48758 --dport 6969 -d 192.95.61.160 -j DROP && iptables --list
D/TCPTester( 1284): iptables rule disabled
D/TCPTester( 1284): Finish SocketTesterServer comms thread
I/TCPTester-bin( 1338): Received 0 bytes
D/TCPTester-bin( 1338): End of File
D/TCPTester( 1284): Finished
D/TCPTester( 1284): Finish SocketTesterServer comms thread
D/TCPTester( 1284): Finished
D/TCPTester( 1284): The LocalSocketServer thread stopping
D/TCPTester( 1284): 18 results
D/TCPTester( 1284): Network info: NetworkInfo: type: mobile[HSDPA], state: CONNECTED/CONNECTED, reason: connected, extra: everywhere, roaming: false, failover: false, isAvailable: true, isConnectedToProvisioningNetwork: false
D/TCPTester( 1284): Test ACK-only from 10.108.56.88:23775 to 192.95.61.160:6969 passed
D/TCPTester( 1284): Test URG-only from 10.108.56.88:4477 to 192.95.61.160:6969 passed
D/TCPTester( 1284): Test ACK-URG from 10.108.56.88:37932 to 192.95.61.160:6969 passed
D/TCPTester( 1284): Test plain-URG from 10.108.56.88:21707 to 192.95.61.160:6969 passed
D/TCPTester( 1284): Test ACK-checksum-incorrect from 10.108.56.88:22472 to 192.95.61.160:6969 passed
D/TCPTester( 1284): Test ACK-checksum from 10.108.56.88:7703 to 192.95.61.160:6969 passed
D/TCPTester( 1284): Test URG-URG from 10.108.56.88:4364 to 192.95.61.160:6969 passed
D/TCPTester( 1284): Test URG-checksum from 10.108.56.88:7347 to 192.95.61.160:6969 failed
D/TCPTester( 1284): Test URG-checksum-incorrect from 10.108.56.88:45921 to 192.95.61.160:6969 passed
D/TCPTester( 1284): Test Reserved-syn from 10.108.56.88:59180 to 192.95.61.160:6969 passed 1
D/TCPTester( 1284): Test Reserved-syn from 10.108.56.88:36157 to 192.95.61.160:6969 passed 10
D/TCPTester( 1284): Test Reserved-syn from 10.108.56.88:5717 to 192.95.61.160:6969 passed 100
D/TCPTester( 1284): Test Reserved-syn from 10.108.56.88:65327 to 192.95.61.160:6969 passed 1000
D/TCPTester( 1284): Test Reserved-est from 10.108.56.88:27614 to 192.95.61.160:6969 passed 1
D/TCPTester( 1284): Test Reserved-est from 10.108.56.88:19199 to 192.95.61.160:6969 passed 10
D/TCPTester( 1284): Test Reserved-est from 10.108.56.88:11317 to 192.95.61.160:6969 passed 100
D/TCPTester( 1284): Test Reserved-est from 10.108.56.88:59194 to 192.95.61.160:6969 passed 1000
D/TCPTester( 1284): Test ACK-checksum-incorrect-seq from 10.108.56.88:48758 to 192.95.61.160:6969 passed

