ThinkAir:beefyControl andrius$ adb logcat | grep TCPTester
D/TCPTester-bin( 1397): TCP Checksum: E81C
D/TCPTester-bin( 1397): 10.84.13.68:62700 --> 
D/TCPTester-bin( 1397): 		 192.95.61.160:6969
D/TCPTester-bin( 1397): 	Seq: 29158 	Ack: 12348
D/TCPTester-bin( 1397): TCP Checksum: E81B
D/TCPTester-bin( 1397): 10.84.13.68:62700 --> 
D/TCPTester-bin( 1397): 		 192.95.61.160:6969
D/TCPTester-bin( 1397): 	Seq: 29158 	Ack: 12348
D/TCPTester-bin( 1397): TCP Checksum: C7F2
D/TCPTester-bin( 1397): 192.95.61.160:6969 --> 
D/TCPTester-bin( 1397): 		 10.84.13.68:62700
D/TCPTester-bin( 1397): 	Seq: 12348 	Ack: 29159
D/TCPTester-bin( 1397): 45 00 00 28 00 01 00 00 34 06 71 38 C0 5F 3D A0 0A 54 0D 44 1B 39 F4 EC 00 00 30 3C 00 00 71 E7 50 11 20 00 C7 F2 00 00 
D/TCPTester-bin( 1397): TCP Checksum: A670
D/TCPTester-bin( 1397): 10.84.13.68:62700 --> 
D/TCPTester-bin( 1397): 		 192.95.61.160:6969
D/TCPTester-bin( 1397): 	Seq: 29158 	Ack: 29160
D/TCPTester-bin( 1397): Sending message to the socket, opcode 0
D/TCPTester-bin( 1397): Test complete
I/TCPTester-bin( 1397): Receiving from socket, offset 0
D/TCPTester( 1328): Receive data from socket, bytesRead = 2, 0200
D/TCPTester( 1328): Full command received
D/TCPTester( 1328): Test successful
D/TCPTester( 1328): Iptables command to execute: iptables -D OUTPUT -p tcp --tcp-flags RST RST --sport 62700 --dport 6969 -d 192.95.61.160 -j DROP && iptables --list
D/TCPTester( 1328): iptables rule disabled
D/TCPTester( 1328): Running test Test ACK-URG from 10.84.13.68:46293 to 192.95.61.160:6969 failed
D/TCPTester( 1328): Iptables command to execute: iptables -A OUTPUT -p tcp --tcp-flags RST RST --sport 46293 --dport 6969 -d 192.95.61.160 -j DROP && iptables --list
D/TCPTester( 1328): iptables rule enabled
D/TCPTester( 1328): Sending message 0E040A540D44B4D5C05F3DA01B39
D/TCPTester( 1328): Client connected, writing the message to socket
I/TCPTester-bin( 1397): Received 14 bytes
D/TCPTester-bin( 1397): Payload: 
D/TCPTester-bin( 1397): 0E 04 0A 54 0D 44 B4 D5 C0 5F 3D A0 1B 39 
D/TCPTester-bin( 1397): Selecting test for opcode 4
D/TCPTester-bin( 1397): socket() ok
D/TCPTester-bin( 1397): setsockopt() ok
D/TCPTester-bin( 1397): TCP Checksum: C034
D/TCPTester-bin( 1397): 10.84.13.68:46293 --> 
D/TCPTester-bin( 1397): 		 192.95.61.160:6969
D/TCPTester-bin( 1397): 	Seq: 19261 	Ack: 3203334147
D/TCPTester-bin( 1397): TCP Checksum: 70B1
D/TCPTester-bin( 1397): 192.95.61.160:6969 --> 
D/TCPTester-bin( 1397): 		 10.84.13.68:46293
D/TCPTester-bin( 1397): 	Seq: 12345 	Ack: 19262
D/TCPTester-bin( 1397): 45 00 00 28 00 01 00 00 34 06 71 38 C0 5F 3D A0 0A 54 0D 44 1B 39 B4 D5 00 00 30 39 00 00 4B 3E 50 12 20 00 70 B1 BE 03 
D/TCPTester-bin( 1397): SYNACK 	Seq: 12345 	Ack: 19262
D/TCPTester-bin( 1397): TCP Checksum: 4EDE
D/TCPTester-bin( 1397): 10.84.13.68:46293 --> 
D/TCPTester-bin( 1397): 		 192.95.61.160:6969
D/TCPTester-bin( 1397): 	Seq: 19262 	Ack: 12346
D/TCPTester-bin( 1397): TCP Checksum: 6B3F
D/TCPTester-bin( 1397): 10.84.13.68:46293 --> 
D/TCPTester-bin( 1397): 		 192.95.61.160:6969
D/TCPTester-bin( 1397): 	Seq: 19262 	Ack: 12346
D/TCPTester-bin( 1397): 45 00 00 2D 00 00 00 00 28 06 00 00 0A 54 0D 44 C0 5F 3D A0 B4 D5 1B 39 00 00 4B 3E 00 00 30 3A 50 18 FF D7 6B 3F 00 00 48 45 4C 4C 4F 
D/TCPTester-bin( 1397): TCP Checksum: 4B1A
D/TCPTester-bin( 1397): 192.95.61.160:6969 --> 
D/TCPTester-bin( 1397): 		 10.84.13.68:46293
D/TCPTester-bin( 1397): 	Seq: 12346 	Ack: 19267
D/TCPTester-bin( 1397): 45 00 00 2D 00 01 00 00 34 06 71 33 C0 5F 3D A0 0A 54 0D 44 1B 39 B4 D5 00 00 30 3A 00 00 4B 43 50 10 20 00 4B 1A 00 00 4F 4C 4C 45 48 
D/TCPTester-bin( 1397): TCP Checksum: 4ED4
D/TCPTester-bin( 1397): 10.84.13.68:46293 --> 
D/TCPTester-bin( 1397): 		 192.95.61.160:6969
D/TCPTester-bin( 1397): 	Seq: 19267 	Ack: 12351
D/TCPTester-bin( 1397): TCP Checksum: 4ED3
D/TCPTester-bin( 1397): 10.84.13.68:46293 --> 
D/TCPTester-bin( 1397): 		 192.95.61.160:6969
D/TCPTester-bin( 1397): 	Seq: 19267 	Ack: 12351
D/TCPTester-bin( 1397): TCP Checksum: 2EAA
D/TCPTester-bin( 1397): 192.95.61.160:6969 --> 
D/TCPTester-bin( 1397): 		 10.84.13.68:46293
D/TCPTester-bin( 1397): 	Seq: 12351 	Ack: 19268
D/TCPTester-bin( 1397): 45 00 00 28 00 01 00 00 34 06 71 38 C0 5F 3D A0 0A 54 0D 44 1B 39 B4 D5 00 00 30 3F 00 00 4B 44 50 11 20 00 2E AA 00 00 
D/TCPTester-bin( 1397): TCP Checksum: 33CE
D/TCPTester-bin( 1397): 10.84.13.68:46293 --> 
D/TCPTester-bin( 1397): 		 192.95.61.160:6969
D/TCPTester-bin( 1397): 	Seq: 19267 	Ack: 19269
D/TCPTester-bin( 1397): Sending message to the socket, opcode 0
D/TCPTester-bin( 1397): Test complete
I/TCPTester-bin( 1397): Receiving from socket, offset 0
D/TCPTester( 1328): Receive data from socket, bytesRead = 2, 0200
D/TCPTester( 1328): Full command received
D/TCPTester( 1328): Test successful
D/TCPTester( 1328): Iptables command to execute: iptables -D OUTPUT -p tcp --tcp-flags RST RST --sport 46293 --dport 6969 -d 192.95.61.160 -j DROP && iptables --list
D/TCPTester( 1328): iptables rule disabled
D/TCPTester( 1328): Running test Test plain-URG from 10.84.13.68:54375 to 192.95.61.160:6969 failed
D/TCPTester( 1328): Iptables command to execute: iptables -A OUTPUT -p tcp --tcp-flags RST RST --sport 54375 --dport 6969 -d 192.95.61.160 -j DROP && iptables --list
D/TCPTester( 1328): iptables rule enabled
D/TCPTester( 1328): Sending message 0E050A540D44D467C05F3DA01B39
D/TCPTester( 1328): Client connected, writing the message to socket
I/TCPTester-bin( 1397): Received 14 bytes
D/TCPTester-bin( 1397): Payload: 
D/TCPTester-bin( 1397): 0E 05 0A 54 0D 44 D4 67 C0 5F 3D A0 1B 39 
D/TCPTester-bin( 1397): Selecting test for opcode 5
D/TCPTester-bin( 1397): socket() ok
D/TCPTester-bin( 1397): setsockopt() ok
D/TCPTester-bin( 1397): TCP Checksum: CC49
D/TCPTester-bin( 1397): 10.84.13.68:54375 --> 
D/TCPTester-bin( 1397): 		 192.95.61.160:6969
D/TCPTester-bin( 1397): 	Seq: 56968 	Ack: 0
D/TCPTester-bin( 1397): TCP Checksum: BDD2
D/TCPTester-bin( 1397): 192.95.61.160:6969 --> 
D/TCPTester-bin( 1397): 		 10.84.13.68:54375
D/TCPTester-bin( 1397): 	Seq: 12345 	Ack: 56969
D/TCPTester-bin( 1397): 45 00 00 28 00 01 00 00 34 06 71 38 C0 5F 3D A0 0A 54 0D 44 1B 39 D4 67 00 00 30 39 00 00 DE 89 50 12 20 00 BD D2 BE 04 
D/TCPTester-bin( 1397): SYNACK 	Seq: 12345 	Ack: 56969
D/TCPTester-bin( 1397): TCP Checksum: 9C00
D/TCPTester-bin( 1397): 10.84.13.68:54375 --> 
D/TCPTester-bin( 1397): 		 192.95.61.160:6969
D/TCPTester-bin( 1397): 	Seq: 56969 	Ack: 12346
D/TCPTester-bin( 1397): TCP Checksum: B861
D/TCPTester-bin( 1397): 10.84.13.68:54375 --> 
D/TCPTester-bin( 1397): 		 192.95.61.160:6969
D/TCPTester-bin( 1397): 	Seq: 56969 	Ack: 12346
D/TCPTester-bin( 1397): 45 00 00 2D 00 00 00 00 28 06 00 00 0A 54 0D 44 C0 5F 3D A0 D4 67 1B 39 00 00 DE 89 00 00 30 3A 50 18 FF D7 B8 61 00 00 48 45 4C 4C 4F 
D/TCPTester-bin( 1397): TCP Checksum: 983C
D/TCPTester-bin( 1397): 192.95.61.160:6969 --> 
D/TCPTester-bin( 1397): 		 10.84.13.68:54375
D/TCPTester-bin( 1397): 	Seq: 12346 	Ack: 56974
D/TCPTester-bin( 1397): 45 00 00 2D 00 01 00 00 34 06 71 33 C0 5F 3D A0 0A 54 0D 44 1B 39 D4 67 00 00 30 3A 00 00 DE 8E 50 10 20 00 98 3C 00 00 4F 4C 4C 45 48 
D/TCPTester-bin( 1397): TCP Checksum: 9BF6
D/TCPTester-bin( 1397): 10.84.13.68:54375 --> 
D/TCPTester-bin( 1397): 		 192.95.61.160:6969
D/TCPTester-bin( 1397): 	Seq: 56974 	Ack: 12351
D/TCPTester-bin( 1397): TCP Checksum: 9BF5
D/TCPTester-bin( 1397): 10.84.13.68:54375 --> 
D/TCPTester-bin( 1397): 		 192.95.61.160:6969
D/TCPTester-bin( 1397): 	Seq: 56974 	Ack: 12351
D/TCPTester-bin( 1397): TCP Checksum: 7BCC
D/TCPTester-bin( 1397): 192.95.61.160:6969 --> 
D/TCPTester-bin( 1397): 		 10.84.13.68:54375
D/TCPTester-bin( 1397): 	Seq: 12351 	Ack: 56975
D/TCPTester-bin( 1397): 45 00 00 28 00 01 00 00 34 06 71 38 C0 5F 3D A0 0A 54 0D 44 1B 39 D4 67 00 00 30 3F 00 00 DE 8F 50 11 20 00 7B CC 00 00 
D/TCPTester-bin( 1397): TCP Checksum: EDA4
D/TCPTester-bin( 1397): 10.84.13.68:54375 --> 
D/TCPTester-bin( 1397): 		 192.95.61.160:6969
D/TCPTester-bin( 1397): 	Seq: 56974 	Ack: 56976
D/TCPTester-bin( 1397): Sending message to the socket, opcode 0
D/TCPTester-bin( 1397): Test complete
I/TCPTester-bin( 1397): Receiving from socket, offset 0
D/TCPTester( 1328): Receive data from socket, bytesRead = 2, 0200
D/TCPTester( 1328): Full command received
D/TCPTester( 1328): Test successful
D/TCPTester( 1328): Iptables command to execute: iptables -D OUTPUT -p tcp --tcp-flags RST RST --sport 54375 --dport 6969 -d 192.95.61.160 -j DROP && iptables --list
D/TCPTester( 1328): iptables rule disabled
D/TCPTester( 1328): Running test Test ACK-checksum-incorrect from 10.84.13.68:16116 to 192.95.61.160:6969 failed
D/TCPTester( 1328): Iptables command to execute: iptables -A OUTPUT -p tcp --tcp-flags RST RST --sport 16116 --dport 6969 -d 192.95.61.160 -j DROP && iptables --list
D/TCPTester( 1328): iptables rule enabled
D/TCPTester( 1328): Sending message 0E060A540D443EF4C05F3DA01B39
D/TCPTester( 1328): Client connected, writing the message to socket
I/TCPTester-bin( 1397): Received 14 bytes
D/TCPTester-bin( 1397): Payload: 
D/TCPTester-bin( 1397): 0E 06 0A 54 0D 44 3E F4 C0 5F 3D A0 1B 39 
D/TCPTester-bin( 1397): Selecting test for opcode 6
D/TCPTester-bin( 1397): socket() ok
D/TCPTester-bin( 1397): setsockopt() ok
D/TCPTester-bin( 1397): TCP Checksum: 6BC9
D/TCPTester-bin( 1397): 10.84.13.68:16116 --> 
D/TCPTester-bin( 1397): 		 192.95.61.160:6969
D/TCPTester-bin( 1397): 	Seq: 5512 	Ack: 3203334149
D/TCPTester-bin( 1397): TCP Checksum: 6863
D/TCPTester-bin( 1397): 192.95.61.160:6969 --> 
D/TCPTester-bin( 1397): 		 10.84.13.68:16116
D/TCPTester-bin( 1397): 	Seq: 12345 	Ack: 5513
D/TCPTester-bin( 1397): 45 00 00 28 00 01 00 00 34 06 71 38 C0 5F 3D A0 0A 54 0D 44 1B 39 3E F4 00 00 30 39 00 00 15 89 50 12 20 00 68 63 00 00 
D/TCPTester-bin( 1397): Checksum NATing recalculated: 48879, BEEF
D/TCPTester-bin( 1397): Checksum NATing recalculated (Seq): 1202, 04B2
D/TCPTester-bin( 1397): SYNACK 	Seq: 12345 	Ack: 5513
D/TCPTester-bin( 1397): TCP Checksum: FA74
D/TCPTester-bin( 1397): 10.84.13.68:16116 --> 
D/TCPTester-bin( 1397): 		 192.95.61.160:6969
D/TCPTester-bin( 1397): 	Seq: 5513 	Ack: 12346
D/TCPTester-bin( 1397): TCP Checksum: 16D6
D/TCPTester-bin( 1397): 10.84.13.68:16116 --> 
D/TCPTester-bin( 1397): 		 192.95.61.160:6969
D/TCPTester-bin( 1397): 	Seq: 5513 	Ack: 12346
D/TCPTester-bin( 1397): 45 00 00 2D 00 00 00 00 28 06 00 00 0A 54 0D 44 C0 5F 3D A0 3E F4 1B 39 00 00 15 89 00 00 30 3A 50 18 FF D7 16 D6 00 00 48 45 4C 4C 4F 
D/TCPTester-bin( 1397): TCP Checksum: F6B0
D/TCPTester-bin( 1397): 192.95.61.160:6969 --> 
D/TCPTester-bin( 1397): 		 10.84.13.68:16116
D/TCPTester-bin( 1397): 	Seq: 12346 	Ack: 5518
D/TCPTester-bin( 1397): 45 00 00 2D 00 01 00 00 34 06 71 33 C0 5F 3D A0 0A 54 0D 44 1B 39 3E F4 00 00 30 3A 00 00 15 8E 50 10 20 00 F6 B0 00 00 4F 4C 4C 45 48 
D/TCPTester-bin( 1397): TCP Checksum: FA6A
D/TCPTester-bin( 1397): 10.84.13.68:16116 --> 
D/TCPTester-bin( 1397): 		 192.95.61.160:6969
D/TCPTester-bin( 1397): 	Seq: 5518 	Ack: 12351
D/TCPTester-bin( 1397): TCP Checksum: FA69
D/TCPTester-bin( 1397): 10.84.13.68:16116 --> 
D/TCPTester-bin( 1397): 		 192.95.61.160:6969
D/TCPTester-bin( 1397): 	Seq: 5518 	Ack: 12351
D/TCPTester-bin( 1397): TCP Checksum: DA40
D/TCPTester-bin( 1397): 192.95.61.160:6969 --> 
D/TCPTester-bin( 1397): 		 10.84.13.68:16116
D/TCPTester-bin( 1397): 	Seq: 12351 	Ack: 5519
D/TCPTester-bin( 1397): 45 00 00 28 00 01 00 00 34 06 71 38 C0 5F 3D A0 0A 54 0D 44 1B 39 3E F4 00 00 30 3F 00 00 15 8F 50 11 20 00 DA 40 00 00 
D/TCPTester-bin( 1397): TCP Checksum: 151A
D/TCPTester-bin( 1397): 10.84.13.68:16116 --> 
D/TCPTester-bin( 1397): 		 192.95.61.160:6969
D/TCPTester-bin( 1397): 	Seq: 5518 	Ack: 5520
D/TCPTester-bin( 1397): Sending message to the socket, opcode 0
D/TCPTester-bin( 1397): Test complete
I/TCPTester-bin( 1397): Receiving from socket, offset 0
D/TCPTester( 1328): Receive data from socket, bytesRead = 2, 0200
D/TCPTester( 1328): Full command received
D/TCPTester( 1328): Test successful
D/TCPTester( 1328): Iptables command to execute: iptables -D OUTPUT -p tcp --tcp-flags RST RST --sport 16116 --dport 6969 -d 192.95.61.160 -j DROP && iptables --list
D/TCPTester( 1328): iptables rule disabled
D/TCPTester( 1328): Running test Test ACK-checksum from 10.84.13.68:38338 to 192.95.61.160:6969 failed
D/TCPTester( 1328): Iptables command to execute: iptables -A OUTPUT -p tcp --tcp-flags RST RST --sport 38338 --dport 6969 -d 192.95.61.160 -j DROP && iptables --list
D/TCPTester( 1328): iptables rule enabled
D/TCPTester( 1328): Sending message 0E070A540D4495C2C05F3DA01B39
D/TCPTester( 1328): Client connected, writing the message to socket
I/TCPTester-bin( 1397): Received 14 bytes
D/TCPTester-bin( 1397): Payload: 
D/TCPTester-bin( 1397): 0E 07 0A 54 0D 44 95 C2 C0 5F 3D A0 1B 39 
D/TCPTester-bin( 1397): Selecting test for opcode 7
D/TCPTester-bin( 1397): socket() ok
D/TCPTester-bin( 1397): setsockopt() ok
D/TCPTester-bin( 1397): TCP Checksum: 3C66
D/TCPTester-bin( 1397): 10.84.13.68:38338 --> 
D/TCPTester-bin( 1397): 		 192.95.61.160:6969
D/TCPTester-bin( 1397): 	Seq: 60955 	Ack: 3203334150
D/TCPTester-bin( 1397): TCP Checksum: 1195
D/TCPTester-bin( 1397): 192.95.61.160:6969 --> 
D/TCPTester-bin( 1397): 		 10.84.13.68:38338
D/TCPTester-bin( 1397): 	Seq: 12345 	Ack: 60956
D/TCPTester-bin( 1397): 45 00 00 2A 00 01 00 00 34 06 71 36 C0 5F 3D A0 0A 54 0D 44 1B 39 95 C2 00 00 30 39 00 00 EE 1C 50 12 20 00 11 95 00 00 99 52 
D/TCPTester-bin( 1397): Checksum NATing recalculated: 48879, BEEF
D/TCPTester-bin( 1397): Checksum NATing recalculated (Seq): 56645, DD45
D/TCPTester-bin( 1397): SYNACK 	Seq: 12345 	Ack: 60956
D/TCPTester-bin( 1397): TCP Checksum: CB12
D/TCPTester-bin( 1397): 10.84.13.68:38338 --> 
D/TCPTester-bin( 1397): 		 192.95.61.160:6969
D/TCPTester-bin( 1397): 	Seq: 60956 	Ack: 12346
D/TCPTester-bin( 1397): TCP Checksum: E773
D/TCPTester-bin( 1397): 10.84.13.68:38338 --> 
D/TCPTester-bin( 1397): 		 192.95.61.160:6969
D/TCPTester-bin( 1397): 	Seq: 60956 	Ack: 12346
D/TCPTester-bin( 1397): 45 00 00 2D 00 00 00 00 28 06 00 00 0A 54 0D 44 C0 5F 3D A0 95 C2 1B 39 00 00 EE 1C 00 00 30 3A 50 18 FF D7 E7 73 00 00 48 45 4C 4C 4F 
D/TCPTester-bin( 1397): TCP Checksum: C74E
D/TCPTester-bin( 1397): 192.95.61.160:6969 --> 
D/TCPTester-bin( 1397): 		 10.84.13.68:38338
D/TCPTester-bin( 1397): 	Seq: 12346 	Ack: 60961
D/TCPTester-bin( 1397): 45 00 00 2D 00 01 00 00 34 06 71 33 C0 5F 3D A0 0A 54 0D 44 1B 39 95 C2 00 00 30 3A 00 00 EE 21 50 10 20 00 C7 4E 00 00 4F 4C 4C 45 48 
D/TCPTester-bin( 1397): TCP Checksum: CB08
D/TCPTester-bin( 1397): 10.84.13.68:38338 --> 
D/TCPTester-bin( 1397): 		 192.95.61.160:6969
D/TCPTester-bin( 1397): 	Seq: 60961 	Ack: 12351
D/TCPTester-bin( 1397): TCP Checksum: CB07
D/TCPTester-bin( 1397): 10.84.13.68:38338 --> 
D/TCPTester-bin( 1397): 		 192.95.61.160:6969
D/TCPTester-bin( 1397): 	Seq: 60961 	Ack: 12351
D/TCPTester-bin( 1397): TCP Checksum: AADE
D/TCPTester-bin( 1397): 192.95.61.160:6969 --> 
D/TCPTester-bin( 1397): 		 10.84.13.68:38338
D/TCPTester-bin( 1397): 	Seq: 12351 	Ack: 60962
D/TCPTester-bin( 1397): 45 00 00 28 00 01 00 00 34 06 71 38 C0 5F 3D A0 0A 54 0D 44 1B 39 95 C2 00 00 30 3F 00 00 EE 22 50 11 20 00 AA DE 00 00 
D/TCPTester-bin( 1397): TCP Checksum: 0D24
D/TCPTester-bin( 1397): 10.84.13.68:38338 --> 
D/TCPTester-bin( 1397): 		 192.95.61.160:6969
D/TCPTester-bin( 1397): 	Seq: 60961 	Ack: 60963
D/TCPTester-bin( 1397): Sending message to the socket, opcode 0
D/TCPTester-bin( 1397): Test complete
I/TCPTester-bin( 1397): Receiving from socket, offset 0
D/TCPTester( 1328): Receive data from socket, bytesRead = 2, 0200
D/TCPTester( 1328): Full command received
D/TCPTester( 1328): Test successful
D/TCPTester( 1328): Iptables command to execute: iptables -D OUTPUT -p tcp --tcp-flags RST RST --sport 38338 --dport 6969 -d 192.95.61.160 -j DROP && iptables --list
D/TCPTester( 1328): iptables rule disabled
D/TCPTester( 1328): Running test Test URG-URG from 10.84.13.68:58719 to 192.95.61.160:6969 failed
D/TCPTester( 1328): Iptables command to execute: iptables -A OUTPUT -p tcp --tcp-flags RST RST --sport 58719 --dport 6969 -d 192.95.61.160 -j DROP && iptables --list
D/TCPTester( 1328): iptables rule enabled
D/TCPTester( 1328): Sending message 0E080A540D44E55FC05F3DA01B39
D/TCPTester( 1328): Client connected, writing the message to socket
I/TCPTester-bin( 1397): Received 14 bytes
D/TCPTester-bin( 1397): Payload: 
D/TCPTester-bin( 1397): 0E 08 0A 54 0D 44 E5 5F C0 5F 3D A0 1B 39 
D/TCPTester-bin( 1397): Selecting test for opcode 8
D/TCPTester-bin( 1397): socket() ok
D/TCPTester-bin( 1397): setsockopt() ok
D/TCPTester-bin( 1397): TCP Checksum: 3B6A
D/TCPTester-bin( 1397): 10.84.13.68:58719 --> 
D/TCPTester-bin( 1397): 		 192.95.61.160:6969
D/TCPTester-bin( 1397): 	Seq: 41064 	Ack: 0
D/TCPTester-bin( 1397): TCP Checksum: EAF7
D/TCPTester-bin( 1397): 192.95.61.160:6969 --> 
D/TCPTester-bin( 1397): 		 10.84.13.68:58719
D/TCPTester-bin( 1397): 	Seq: 12345 	Ack: 41065
D/TCPTester-bin( 1397): 45 00 00 28 00 01 00 00 34 06 71 38 C0 5F 3D A0 0A 54 0D 44 1B 39 E5 5F 00 00 30 39 00 00 A0 69 50 12 20 00 EA F7 BE 07 
D/TCPTester-bin( 1397): SYNACK 	Seq: 12345 	Ack: 41065
D/TCPTester-bin( 1397): TCP Checksum: C928
D/TCPTester-bin( 1397): 10.84.13.68:58719 --> 
D/TCPTester-bin( 1397): 		 192.95.61.160:6969
D/TCPTester-bin( 1397): 	Seq: 41065 	Ack: 12346
D/TCPTester-bin( 1397): TCP Checksum: E589
D/TCPTester-bin( 1397): 10.84.13.68:58719 --> 
D/TCPTester-bin( 1397): 		 192.95.61.160:6969
D/TCPTester-bin( 1397): 	Seq: 41065 	Ack: 12346
D/TCPTester-bin( 1397): 45 00 00 2D 00 00 00 00 28 06 00 00 0A 54 0D 44 C0 5F 3D A0 E5 5F 1B 39 00 00 A0 69 00 00 30 3A 50 18 FF D7 E5 89 00 00 48 45 4C 4C 4F 
D/TCPTester-bin( 1397): TCP Checksum: C564
D/TCPTester-bin( 1397): 192.95.61.160:6969 --> 
D/TCPTester-bin( 1397): 		 10.84.13.68:58719
D/TCPTester-bin( 1397): 	Seq: 12346 	Ack: 41070
D/TCPTester-bin( 1397): 45 00 00 2D 00 01 00 00 34 06 71 33 C0 5F 3D A0 0A 54 0D 44 1B 39 E5 5F 00 00 30 3A 00 00 A0 6E 50 10 20 00 C5 64 00 00 4F 4C 4C 45 48 
D/TCPTester-bin( 1397): TCP Checksum: C91E
D/TCPTester-bin( 1397): 10.84.13.68:58719 --> 
D/TCPTester-bin( 1397): 		 192.95.61.160:6969
D/TCPTester-bin( 1397): 	Seq: 41070 	Ack: 12351
D/TCPTester-bin( 1397): TCP Checksum: C91D
D/TCPTester-bin( 1397): 10.84.13.68:58719 --> 
D/TCPTester-bin( 1397): 		 192.95.61.160:6969
D/TCPTester-bin( 1397): 	Seq: 41070 	Ack: 12351
D/TCPTester-bin( 1397): TCP Checksum: A8F4
D/TCPTester-bin( 1397): 192.95.61.160:6969 --> 
D/TCPTester-bin( 1397): 		 10.84.13.68:58719
D/TCPTester-bin( 1397): 	Seq: 12351 	Ack: 41071
D/TCPTester-bin( 1397): 45 00 00 28 00 01 00 00 34 06 71 38 C0 5F 3D A0 0A 54 0D 44 1B 39 E5 5F 00 00 30 3F 00 00 A0 6F 50 11 20 00 A8 F4 00 00 
D/TCPTester-bin( 1397): TCP Checksum: 58ED
D/TCPTester-bin( 1397): 10.84.13.68:58719 --> 
D/TCPTester-bin( 1397): 		 192.95.61.160:6969
D/TCPTester-bin( 1397): 	Seq: 41070 	Ack: 41072
D/TCPTester-bin( 1397): Sending message to the socket, opcode 0
D/TCPTester-bin( 1397): Test complete
I/TCPTester-bin( 1397): Receiving from socket, offset 0
D/TCPTester( 1328): Receive data from socket, bytesRead = 2, 0200
D/TCPTester( 1328): Full command received
D/TCPTester( 1328): Test successful
D/TCPTester( 1328): Iptables command to execute: iptables -D OUTPUT -p tcp --tcp-flags RST RST --sport 58719 --dport 6969 -d 192.95.61.160 -j DROP && iptables --list
D/TCPTester( 1328): iptables rule disabled
D/TCPTester( 1328): Running test Test URG-checksum from 10.84.13.68:43514 to 192.95.61.160:6969 failed
D/TCPTester( 1328): Iptables command to execute: iptables -A OUTPUT -p tcp --tcp-flags RST RST --sport 43514 --dport 6969 -d 192.95.61.160 -j DROP && iptables --list
D/TCPTester( 1328): iptables rule enabled
D/TCPTester( 1328): Sending message 0E090A540D44A9FAC05F3DA01B39
D/TCPTester( 1328): Client connected, writing the message to socket
I/TCPTester-bin( 1397): Received 14 bytes
D/TCPTester-bin( 1397): Payload: 
D/TCPTester-bin( 1397): 0E 09 0A 54 0D 44 A9 FA C0 5F 3D A0 1B 39 
D/TCPTester-bin( 1397): Selecting test for opcode 9
D/TCPTester-bin( 1397): socket() ok
D/TCPTester-bin( 1397): setsockopt() ok
D/TCPTester-bin( 1397): TCP Checksum: 548E
D/TCPTester-bin( 1397): 10.84.13.68:43514 --> 
D/TCPTester-bin( 1397): 		 192.95.61.160:6969
D/TCPTester-bin( 1397): 	Seq: 49832 	Ack: 0
D/TCPTester-bin( 1397): TCP Checksum: 0420
D/TCPTester-bin( 1397): 192.95.61.160:6969 --> 
D/TCPTester-bin( 1397): 		 10.84.13.68:43514
D/TCPTester-bin( 1397): 	Seq: 12345 	Ack: 49833
D/TCPTester-bin( 1397): 45 00 00 28 00 01 00 00 34 06 71 38 C0 5F 3D A0 0A 54 0D 44 1B 39 A9 FA 00 00 30 39 00 00 C2 A9 50 12 20 00 04 20 BE 04 
D/TCPTester-bin( 1397): Checksum NATing recalculated: 50610, C5B2
D/TCPTester-bin( 1397): Checksum NATing recalculated (Seq): 47253, B895
E/TCPTester-bin( 1397): SYNACK packet expected check BEEF, got: C5B2 or B895
E/TCPTester-bin( 1397): TCP SYNACK packet failure: 4, Success
E/TCPTester-bin( 1397): TCP handshake failed: Success
D/TCPTester-bin( 1397): Sending message to the socket, opcode 1
D/TCPTester-bin( 1397): Test complete
I/TCPTester-bin( 1397): Receiving from socket, offset 0
D/TCPTester( 1328): Receive data from socket, bytesRead = 2, 0201
D/TCPTester( 1328): Full command received
D/TCPTester( 1328): Test failed
D/TCPTester( 1328): Iptables command to execute: iptables -D OUTPUT -p tcp --tcp-flags RST RST --sport 43514 --dport 6969 -d 192.95.61.160 -j DROP && iptables --list
D/TCPTester( 1328): iptables rule disabled
D/TCPTester( 1328): Running test Test URG-checksum-incorrect from 10.84.13.68:19798 to 192.95.61.160:6969 failed
D/TCPTester( 1328): Iptables command to execute: iptables -A OUTPUT -p tcp --tcp-flags RST RST --sport 19798 --dport 6969 -d 192.95.61.160 -j DROP && iptables --list
D/TCPTester( 1328): iptables rule enabled
D/TCPTester( 1328): Sending message 0E0A0A540D444D56C05F3DA01B39
D/TCPTester( 1328): Client connected, writing the message to socket
I/TCPTester-bin( 1397): Received 14 bytes
D/TCPTester-bin( 1397): Payload: 
D/TCPTester-bin( 1397): 0E 0A 0A 54 0D 44 4D 56 C0 5F 3D A0 1B 39 
D/TCPTester-bin( 1397): Selecting test for opcode 10
D/TCPTester-bin( 1397): socket() ok
D/TCPTester-bin( 1397): setsockopt() ok
D/TCPTester-bin( 1397): TCP Checksum: 2E85
D/TCPTester-bin( 1397): 10.84.13.68:19798 --> 
D/TCPTester-bin( 1397): 		 192.95.61.160:6969
D/TCPTester-bin( 1397): 	Seq: 17749 	Ack: 0
D/TCPTester-bin( 1397): TCP Checksum: 5A01
D/TCPTester-bin( 1397): 192.95.61.160:6969 --> 
D/TCPTester-bin( 1397): 		 10.84.13.68:19798
D/TCPTester-bin( 1397): 	Seq: 12345 	Ack: 17750
D/TCPTester-bin( 1397): 45 00 00 28 00 01 00 00 34 06 71 38 C0 5F 3D A0 0A 54 0D 44 1B 39 4D 56 00 00 30 39 00 00 45 56 50 12 20 00 5A 01 00 00 
D/TCPTester-bin( 1397): Checksum NATing recalculated: 48879, BEEF
D/TCPTester-bin( 1397): Checksum NATing recalculated (Seq): 13439, 347F
D/TCPTester-bin( 1397): SYNACK 	Seq: 12345 	Ack: 17750
D/TCPTester-bin( 1397): TCP Checksum: BC45
D/TCPTester-bin( 1397): 10.84.13.68:19798 --> 
D/TCPTester-bin( 1397): 		 192.95.61.160:6969
D/TCPTester-bin( 1397): 	Seq: 17750 	Ack: 12346
D/TCPTester-bin( 1397): TCP Checksum: D8A6
D/TCPTester-bin( 1397): 10.84.13.68:19798 --> 
D/TCPTester-bin( 1397): 		 192.95.61.160:6969
D/TCPTester-bin( 1397): 	Seq: 17750 	Ack: 12346
D/TCPTester-bin( 1397): 45 00 00 2D 00 00 00 00 28 06 00 00 0A 54 0D 44 C0 5F 3D A0 4D 56 1B 39 00 00 45 56 00 00 30 3A 50 18 FF D7 D8 A6 00 00 48 45 4C 4C 4F 
D/TCPTester-bin( 1397): TCP Checksum: B881
D/TCPTester-bin( 1397): 192.95.61.160:6969 --> 
D/TCPTester-bin( 1397): 		 10.84.13.68:19798
D/TCPTester-bin( 1397): 	Seq: 12346 	Ack: 17755
D/TCPTester-bin( 1397): 45 00 00 2D 00 01 00 00 34 06 71 33 C0 5F 3D A0 0A 54 0D 44 1B 39 4D 56 00 00 30 3A 00 00 45 5B 50 10 20 00 B8 81 00 00 4F 4C 4C 45 48 
D/TCPTester-bin( 1397): TCP Checksum: BC3B
D/TCPTester-bin( 1397): 10.84.13.68:19798 --> 
D/TCPTester-bin( 1397): 		 192.95.61.160:6969
D/TCPTester-bin( 1397): 	Seq: 17755 	Ack: 12351
D/TCPTester-bin( 1397): TCP Checksum: BC3A
D/TCPTester-bin( 1397): 10.84.13.68:19798 --> 
D/TCPTester-bin( 1397): 		 192.95.61.160:6969
D/TCPTester-bin( 1397): 	Seq: 17755 	Ack: 12351
D/TCPTester-bin( 1397): TCP Checksum: 9C11
D/TCPTester-bin( 1397): 192.95.61.160:6969 --> 
D/TCPTester-bin( 1397): 		 10.84.13.68:19798
D/TCPTester-bin( 1397): 	Seq: 12351 	Ack: 17756
D/TCPTester-bin( 1397): 45 00 00 28 00 01 00 00 34 06 71 38 C0 5F 3D A0 0A 54 0D 44 1B 39 4D 56 00 00 30 3F 00 00 45 5C 50 11 20 00 9C 11 00 00 
D/TCPTester-bin( 1397): TCP Checksum: A71D
D/TCPTester-bin( 1397): 10.84.13.68:19798 --> 
D/TCPTester-bin( 1397): 		 192.95.61.160:6969
D/TCPTester-bin( 1397): 	Seq: 17755 	Ack: 17757
D/TCPTester-bin( 1397): Sending message to the socket, opcode 0
D/TCPTester-bin( 1397): Test complete
I/TCPTester-bin( 1397): Receiving from socket, offset 0
D/TCPTester( 1328): Receive data from socket, bytesRead = 2, 0200
D/TCPTester( 1328): Full command received
D/TCPTester( 1328): Test successful
D/TCPTester( 1328): Iptables command to execute: iptables -D OUTPUT -p tcp --tcp-flags RST RST --sport 19798 --dport 6969 -d 192.95.61.160 -j DROP && iptables --list
D/TCPTester( 1328): iptables rule disabled
D/TCPTester( 1328): Running test Test Reserved-syn from 10.84.13.68:13854 to 192.95.61.160:6969 failed 1
D/TCPTester( 1328): Iptables command to execute: iptables -A OUTPUT -p tcp --tcp-flags RST RST --sport 13854 --dport 6969 -d 192.95.61.160 -j DROP && iptables --list
D/TCPTester( 1328): iptables rule enabled
D/TCPTester( 1328): Sending message 0F0B0A540D44361EC05F3DA01B3901
D/TCPTester( 1328): Client connected, writing the message to socket
I/TCPTester-bin( 1397): Received 15 bytes
D/TCPTester-bin( 1397): Payload: 
D/TCPTester-bin( 1397): 0F 0B 0A 54 0D 44 36 1E C0 5F 3D A0 1B 39 01 
D/TCPTester-bin( 1397): Selecting test for opcode 11
D/TCPTester-bin( 1397): socket() ok
D/TCPTester-bin( 1397): setsockopt() ok
D/TCPTester-bin( 1397): TCP Checksum: 7CF0
D/TCPTester-bin( 1397): 10.84.13.68:13854 --> 
D/TCPTester-bin( 1397): 		 192.95.61.160:6969
D/TCPTester-bin( 1397): 	Seq: 52011 	Ack: 0
D/TCPTester-bin( 1397): TCP Checksum: 2C7E
D/TCPTester-bin( 1397): 192.95.61.160:6969 --> 
D/TCPTester-bin( 1397): 		 10.84.13.68:13854
D/TCPTester-bin( 1397): 	Seq: 12345 	Ack: 52012
D/TCPTester-bin( 1397): 45 00 00 28 00 01 00 00 34 06 71 38 C0 5F 3D A0 0A 54 0D 44 1B 39 36 1E 00 00 30 39 00 00 CB 2C 51 12 20 00 2C 7E 00 00 
D/TCPTester-bin( 1397): SYNACK 	Seq: 12345 	Ack: 52012
D/TCPTester-bin( 1397): TCP Checksum: 4CA7
D/TCPTester-bin( 1397): 10.84.13.68:13854 --> 
D/TCPTester-bin( 1397): 		 192.95.61.160:6969
D/TCPTester-bin( 1397): 	Seq: 52012 	Ack: 12346
D/TCPTester-bin( 1397): TCP Checksum: 6A08
D/TCPTester-bin( 1397): 10.84.13.68:13854 --> 
D/TCPTester-bin( 1397): 		 192.95.61.160:6969
D/TCPTester-bin( 1397): 	Seq: 52012 	Ack: 12346
D/TCPTester-bin( 1397): 45 00 00 2D 00 00 00 00 28 06 00 00 0A 54 0D 44 C0 5F 3D A0 36 1E 1B 39 00 00 CB 2C 00 00 30 3A 50 18 FF D7 6A 08 00 00 48 45 4C 4C 4F 
D/TCPTester-bin( 1397): TCP Checksum: 49E3
D/TCPTester-bin( 1397): 192.95.61.160:6969 --> 
D/TCPTester-bin( 1397): 		 10.84.13.68:13854
D/TCPTester-bin( 1397): 	Seq: 12346 	Ack: 52017
D/TCPTester-bin( 1397): 45 00 00 2D 00 01 00 00 34 06 71 33 C0 5F 3D A0 0A 54 0D 44 1B 39 36 1E 00 00 30 3A 00 00 CB 31 50 10 20 00 49 E3 00 00 4F 4C 4C 45 48 
D/TCPTester-bin( 1397): TCP Checksum: 4D9D
D/TCPTester-bin( 1397): 10.84.13.68:13854 --> 
D/TCPTester-bin( 1397): 		 192.95.61.160:6969
D/TCPTester-bin( 1397): 	Seq: 52017 	Ack: 12351
D/TCPTester-bin( 1397): TCP Checksum: 4D9C
D/TCPTester-bin( 1397): 10.84.13.68:13854 --> 
D/TCPTester-bin( 1397): 		 192.95.61.160:6969
D/TCPTester-bin( 1397): 	Seq: 52017 	Ack: 12351
D/TCPTester-bin( 1397): TCP Checksum: 2D73
D/TCPTester-bin( 1397): 192.95.61.160:6969 --> 
D/TCPTester-bin( 1397): 		 10.84.13.68:13854
D/TCPTester-bin( 1397): 	Seq: 12351 	Ack: 52018
D/TCPTester-bin( 1397): 45 00 00 28 00 01 00 00 34 06 71 38 C0 5F 3D A0 0A 54 0D 44 1B 39 36 1E 00 00 30 3F 00 00 CB 32 50 11 20 00 2D 73 00 00 
D/TCPTester-bin( 1397): TCP Checksum: B2A8
D/TCPTester-bin( 1397): 10.84.13.68:13854 --> 
D/TCPTester-bin( 1397): 		 192.95.61.160:6969
D/TCPTester-bin( 1397): 	Seq: 52017 	Ack: 52019
D/TCPTester-bin( 1397): Reserved byte 01 passed
D/TCPTester-bin( 1397): Sending message to the socket, opcode 0
D/TCPTester-bin( 1397): Test complete
I/TCPTester-bin( 1397): Receiving from socket, offset 0
D/TCPTester( 1328): Receive data from socket, bytesRead = 2, 0200
D/TCPTester( 1328): Full command received
D/TCPTester( 1328): Test successful
D/TCPTester( 1328): Iptables command to execute: iptables -D OUTPUT -p tcp --tcp-flags RST RST --sport 13854 --dport 6969 -d 192.95.61.160 -j DROP && iptables --list
D/TCPTester( 1328): iptables rule disabled
D/TCPTester( 1328): Running test Test Reserved-syn from 10.84.13.68:59566 to 192.95.61.160:6969 failed 10
D/TCPTester( 1328): Iptables command to execute: iptables -A OUTPUT -p tcp --tcp-flags RST RST --sport 59566 --dport 6969 -d 192.95.61.160 -j DROP && iptables --list
D/TCPTester( 1328): iptables rule enabled
D/TCPTester( 1328): Sending message 0F0B0A540D44E8AEC05F3DA01B3902
D/TCPTester( 1328): Client connected, writing the message to socket
I/TCPTester-bin( 1397): Received 15 bytes
D/TCPTester-bin( 1397): Payload: 
D/TCPTester-bin( 1397): 0F 0B 0A 54 0D 44 E8 AE C0 5F 3D A0 1B 39 02 
D/TCPTester-bin( 1397): Selecting test for opcode 11
D/TCPTester-bin( 1397): socket() ok
D/TCPTester-bin( 1397): setsockopt() ok
D/TCPTester-bin( 1397): TCP Checksum: 6748
D/TCPTester-bin( 1397): 10.84.13.68:59566 --> 
D/TCPTester-bin( 1397): 		 192.95.61.160:6969
D/TCPTester-bin( 1397): 	Seq: 11587 	Ack: 0
D/TCPTester-bin( 1397): TCP Checksum: 16D6
D/TCPTester-bin( 1397): 192.95.61.160:6969 --> 
D/TCPTester-bin( 1397): 		 10.84.13.68:59566
D/TCPTester-bin( 1397): 	Seq: 12345 	Ack: 11588
D/TCPTester-bin( 1397): 45 00 00 28 00 01 00 00 34 06 71 38 C0 5F 3D A0 0A 54 0D 44 1B 39 E8 AE 00 00 30 39 00 00 2D 44 52 12 20 00 16 D6 00 00 
D/TCPTester-bin( 1397): SYNACK 	Seq: 12345 	Ack: 11588
D/TCPTester-bin( 1397): TCP Checksum: 36FF
D/TCPTester-bin( 1397): 10.84.13.68:59566 --> 
D/TCPTester-bin( 1397): 		 192.95.61.160:6969
D/TCPTester-bin( 1397): 	Seq: 11588 	Ack: 12346
D/TCPTester-bin( 1397): TCP Checksum: 5560
D/TCPTester-bin( 1397): 10.84.13.68:59566 --> 
D/TCPTester-bin( 1397): 		 192.95.61.160:6969
D/TCPTester-bin( 1397): 	Seq: 11588 	Ack: 12346
D/TCPTester-bin( 1397): 45 00 00 2D 00 00 00 00 28 06 00 00 0A 54 0D 44 C0 5F 3D A0 E8 AE 1B 39 00 00 2D 44 00 00 30 3A 50 18 FF D7 55 60 00 00 48 45 4C 4C 4F 
D/TCPTester-bin( 1397): TCP Checksum: 353B
D/TCPTester-bin( 1397): 192.95.61.160:6969 --> 
D/TCPTester-bin( 1397): 		 10.84.13.68:59566
D/TCPTester-bin( 1397): 	Seq: 12346 	Ack: 11593
D/TCPTester-bin( 1397): 45 00 00 2D 00 01 00 00 34 06 71 33 C0 5F 3D A0 0A 54 0D 44 1B 39 E8 AE 00 00 30 3A 00 00 2D 49 50 10 20 00 35 3B 00 00 4F 4C 4C 45 48 
D/TCPTester-bin( 1397): TCP Checksum: 38F5
D/TCPTester-bin( 1397): 10.84.13.68:59566 --> 
D/TCPTester-bin( 1397): 		 192.95.61.160:6969
D/TCPTester-bin( 1397): 	Seq: 11593 	Ack: 12351
D/TCPTester-bin( 1397): TCP Checksum: 38F4
D/TCPTester-bin( 1397): 10.84.13.68:59566 --> 
D/TCPTester-bin( 1397): 		 192.95.61.160:6969
D/TCPTester-bin( 1397): 	Seq: 11593 	Ack: 12351
D/TCPTester-bin( 1397): TCP Checksum: 18CB
D/TCPTester-bin( 1397): 192.95.61.160:6969 --> 
D/TCPTester-bin( 1397): 		 10.84.13.68:59566
D/TCPTester-bin( 1397): 	Seq: 12351 	Ack: 11594
D/TCPTester-bin( 1397): 45 00 00 28 00 01 00 00 34 06 71 38 C0 5F 3D A0 0A 54 0D 44 1B 39 E8 AE 00 00 30 3F 00 00 2D 4A 50 11 20 00 18 CB 00 00 
D/TCPTester-bin( 1397): TCP Checksum: 3BE9
D/TCPTester-bin( 1397): 10.84.13.68:59566 --> 
D/TCPTester-bin( 1397): 		 192.95.61.160:6969
D/TCPTester-bin( 1397): 	Seq: 11593 	Ack: 11595
D/TCPTester-bin( 1397): Reserved byte 02 passed
D/TCPTester-bin( 1397): Sending message to the socket, opcode 0
D/TCPTester-bin( 1397): Test complete
I/TCPTester-bin( 1397): Receiving from socket, offset 0
D/TCPTester( 1328): Receive data from socket, bytesRead = 2, 0200
D/TCPTester( 1328): Full command received
D/TCPTester( 1328): Test successful
D/TCPTester( 1328): Iptables command to execute: iptables -D OUTPUT -p tcp --tcp-flags RST RST --sport 59566 --dport 6969 -d 192.95.61.160 -j DROP && iptables --list
D/TCPTester( 1328): iptables rule disabled
D/TCPTester( 1328): Running test Test Reserved-syn from 10.84.13.68:35192 to 192.95.61.160:6969 failed 100
D/TCPTester( 1328): Iptables command to execute: iptables -A OUTPUT -p tcp --tcp-flags RST RST --sport 35192 --dport 6969 -d 192.95.61.160 -j DROP && iptables --list
D/TCPTester( 1328): iptables rule enabled
D/TCPTester( 1328): Sending message 0F0B0A540D448978C05F3DA01B3904
D/TCPTester( 1328): Client connected, writing the message to socket
I/TCPTester-bin( 1397): Received 15 bytes
D/TCPTester-bin( 1397): Payload: 
D/TCPTester-bin( 1397): 0F 0B 0A 54 0D 44 89 78 C0 5F 3D A0 1B 39 04 
D/TCPTester-bin( 1397): Selecting test for opcode 11
D/TCPTester-bin( 1397): socket() ok
D/TCPTester-bin( 1397): setsockopt() ok
D/TCPTester-bin( 1397): TCP Checksum: 39DF
D/TCPTester-bin( 1397): 10.84.13.68:35192 --> 
D/TCPTester-bin( 1397): 		 192.95.61.160:6969
D/TCPTester-bin( 1397): 	Seq: 47074 	Ack: 0
D/TCPTester-bin( 1397): TCP Checksum: E96C
D/TCPTester-bin( 1397): 192.95.61.160:6969 --> 
D/TCPTester-bin( 1397): 		 10.84.13.68:35192
D/TCPTester-bin( 1397): 	Seq: 12345 	Ack: 47075
D/TCPTester-bin( 1397): 45 00 00 28 00 01 00 00 34 06 71 38 C0 5F 3D A0 0A 54 0D 44 1B 39 89 78 00 00 30 39 00 00 B7 E3 54 12 20 00 E9 6C 00 00 
D/TCPTester-bin( 1397): SYNACK 	Seq: 12345 	Ack: 47075
D/TCPTester-bin( 1397): TCP Checksum: 0996
D/TCPTester-bin( 1397): 10.84.13.68:35192 --> 
D/TCPTester-bin( 1397): 		 192.95.61.160:6969
D/TCPTester-bin( 1397): 	Seq: 47075 	Ack: 12346
D/TCPTester-bin( 1397): TCP Checksum: 29F7
D/TCPTester-bin( 1397): 10.84.13.68:35192 --> 
D/TCPTester-bin( 1397): 		 192.95.61.160:6969
D/TCPTester-bin( 1397): 	Seq: 47075 	Ack: 12346
D/TCPTester-bin( 1397): 45 00 00 2D 00 00 00 00 28 06 00 00 0A 54 0D 44 C0 5F 3D A0 89 78 1B 39 00 00 B7 E3 00 00 30 3A 50 18 FF D7 29 F7 00 00 48 45 4C 4C 4F 
D/TCPTester-bin( 1397): TCP Checksum: 09D2
D/TCPTester-bin( 1397): 192.95.61.160:6969 --> 
D/TCPTester-bin( 1397): 		 10.84.13.68:35192
D/TCPTester-bin( 1397): 	Seq: 12346 	Ack: 47080
D/TCPTester-bin( 1397): 45 00 00 2D 00 01 00 00 34 06 71 33 C0 5F 3D A0 0A 54 0D 44 1B 39 89 78 00 00 30 3A 00 00 B7 E8 50 10 20 00 09 D2 00 00 4F 4C 4C 45 48 
D/TCPTester-bin( 1397): TCP Checksum: 0D8C
D/TCPTester-bin( 1397): 10.84.13.68:35192 --> 
D/TCPTester-bin( 1397): 		 192.95.61.160:6969
D/TCPTester-bin( 1397): 	Seq: 47080 	Ack: 12351
D/TCPTester-bin( 1397): TCP Checksum: 0D8B
D/TCPTester-bin( 1397): 10.84.13.68:35192 --> 
D/TCPTester-bin( 1397): 		 192.95.61.160:6969
D/TCPTester-bin( 1397): 	Seq: 47080 	Ack: 12351
D/TCPTester-bin( 1397): TCP Checksum: ED61
D/TCPTester-bin( 1397): 192.95.61.160:6969 --> 
D/TCPTester-bin( 1397): 		 10.84.13.68:35192
D/TCPTester-bin( 1397): 	Seq: 12351 	Ack: 47081
D/TCPTester-bin( 1397): 45 00 00 28 00 01 00 00 34 06 71 38 C0 5F 3D A0 0A 54 0D 44 1B 39 89 78 00 00 30 3F 00 00 B7 E9 50 11 20 00 ED 61 00 00 
D/TCPTester-bin( 1397): TCP Checksum: 85E0
D/TCPTester-bin( 1397): 10.84.13.68:35192 --> 
D/TCPTester-bin( 1397): 		 192.95.61.160:6969
D/TCPTester-bin( 1397): 	Seq: 47080 	Ack: 47082
D/TCPTester-bin( 1397): Reserved byte 04 passed
D/TCPTester-bin( 1397): Sending message to the socket, opcode 0
D/TCPTester-bin( 1397): Test complete
I/TCPTester-bin( 1397): Receiving from socket, offset 0
D/TCPTester( 1328): Receive data from socket, bytesRead = 2, 0200
D/TCPTester( 1328): Full command received
D/TCPTester( 1328): Test successful
D/TCPTester( 1328): Iptables command to execute: iptables -D OUTPUT -p tcp --tcp-flags RST RST --sport 35192 --dport 6969 -d 192.95.61.160 -j DROP && iptables --list
D/TCPTester( 1328): iptables rule disabled
D/TCPTester( 1328): Running test Test Reserved-syn from 10.84.13.68:61777 to 192.95.61.160:6969 failed 1000
D/TCPTester( 1328): Iptables command to execute: iptables -A OUTPUT -p tcp --tcp-flags RST RST --sport 61777 --dport 6969 -d 192.95.61.160 -j DROP && iptables --list
D/TCPTester( 1328): iptables rule enabled
D/TCPTester( 1328): Sending message 0F0B0A540D44F151C05F3DA01B3908
D/TCPTester( 1328): Client connected, writing the message to socket
I/TCPTester-bin( 1397): Received 15 bytes
D/TCPTester-bin( 1397): Payload: 
D/TCPTester-bin( 1397): 0F 0B 0A 54 0D 44 F1 51 C0 5F 3D A0 1B 39 08 
D/TCPTester-bin( 1397): Selecting test for opcode 11
D/TCPTester-bin( 1397): socket() ok
D/TCPTester-bin( 1397): setsockopt() ok
D/TCPTester-bin( 1397): TCP Checksum: A5B1
D/TCPTester-bin( 1397): 10.84.13.68:61777 --> 
D/TCPTester-bin( 1397): 		 192.95.61.160:6969
D/TCPTester-bin( 1397): 	Seq: 57398 	Ack: 0
D/TCPTester-bin( 1397): TCP Checksum: 553F
D/TCPTester-bin( 1397): 192.95.61.160:6969 --> 
D/TCPTester-bin( 1397): 		 10.84.13.68:61777
D/TCPTester-bin( 1397): 	Seq: 12345 	Ack: 57399
D/TCPTester-bin( 1397): 45 00 00 28 00 01 00 00 34 06 71 38 C0 5F 3D A0 0A 54 0D 44 1B 39 F1 51 00 00 30 39 00 00 E0 37 58 12 20 00 55 3F 00 00 
D/TCPTester-bin( 1397): SYNACK 	Seq: 12345 	Ack: 57399
D/TCPTester-bin( 1397): TCP Checksum: 7568
D/TCPTester-bin( 1397): 10.84.13.68:61777 --> 
D/TCPTester-bin( 1397): 		 192.95.61.160:6969
D/TCPTester-bin( 1397): 	Seq: 57399 	Ack: 12346
D/TCPTester-bin( 1397): TCP Checksum: 99C9
D/TCPTester-bin( 1397): 10.84.13.68:61777 --> 
D/TCPTester-bin( 1397): 		 192.95.61.160:6969
D/TCPTester-bin( 1397): 	Seq: 57399 	Ack: 12346
D/TCPTester-bin( 1397): 45 00 00 2D 00 00 00 00 28 06 00 00 0A 54 0D 44 C0 5F 3D A0 F1 51 1B 39 00 00 E0 37 00 00 30 3A 50 18 FF D7 99 C9 00 00 48 45 4C 4C 4F 
D/TCPTester-bin( 1397): TCP Checksum: 79A4
D/TCPTester-bin( 1397): 192.95.61.160:6969 --> 
D/TCPTester-bin( 1397): 		 10.84.13.68:61777
D/TCPTester-bin( 1397): 	Seq: 12346 	Ack: 57404
D/TCPTester-bin( 1397): 45 00 00 2D 00 01 00 00 34 06 71 33 C0 5F 3D A0 0A 54 0D 44 1B 39 F1 51 00 00 30 3A 00 00 E0 3C 50 10 20 00 79 A4 00 00 4F 4C 4C 45 48 
D/TCPTester-bin( 1397): TCP Checksum: 7D5E
D/TCPTester-bin( 1397): 10.84.13.68:61777 --> 
D/TCPTester-bin( 1397): 		 192.95.61.160:6969
D/TCPTester-bin( 1397): 	Seq: 57404 	Ack: 12351
D/TCPTester-bin( 1397): TCP Checksum: 7D5D
D/TCPTester-bin( 1397): 10.84.13.68:61777 --> 
D/TCPTester-bin( 1397): 		 192.95.61.160:6969
D/TCPTester-bin( 1397): 	Seq: 57404 	Ack: 12351
D/TCPTester-bin( 1397): TCP Checksum: 5D34
D/TCPTester-bin( 1397): 192.95.61.160:6969 --> 
D/TCPTester-bin( 1397): 		 10.84.13.68:61777
D/TCPTester-bin( 1397): 	Seq: 12351 	Ack: 57405
D/TCPTester-bin( 1397): 45 00 00 28 00 01 00 00 34 06 71 38 C0 5F 3D A0 0A 54 0D 44 1B 39 F1 51 00 00 30 3F 00 00 E0 3D 50 11 20 00 5D 34 00 00 
D/TCPTester-bin( 1397): TCP Checksum: CD5E
D/TCPTester-bin( 1397): 10.84.13.68:61777 --> 
D/TCPTester-bin( 1397): 		 192.95.61.160:6969
D/TCPTester-bin( 1397): 	Seq: 57404 	Ack: 57406
D/TCPTester-bin( 1397): Reserved byte 08 passed
D/TCPTester-bin( 1397): Sending message to the socket, opcode 0
D/TCPTester-bin( 1397): Test complete
I/TCPTester-bin( 1397): Receiving from socket, offset 0
D/TCPTester( 1328): Receive data from socket, bytesRead = 2, 0200
D/TCPTester( 1328): Full command received
D/TCPTester( 1328): Test successful
D/TCPTester( 1328): Iptables command to execute: iptables -D OUTPUT -p tcp --tcp-flags RST RST --sport 61777 --dport 6969 -d 192.95.61.160 -j DROP && iptables --list
D/TCPTester( 1328): iptables rule disabled
D/TCPTester( 1328): Running test Test Reserved-est from 10.84.13.68:47424 to 192.95.61.160:6969 failed 1
D/TCPTester( 1328): Iptables command to execute: iptables -A OUTPUT -p tcp --tcp-flags RST RST --sport 47424 --dport 6969 -d 192.95.61.160 -j DROP && iptables --list
D/TCPTester( 1328): iptables rule enabled
D/TCPTester( 1328): Sending message 0F0C0A540D44B940C05F3DA01B3901
D/TCPTester( 1328): Client connected, writing the message to socket
I/TCPTester-bin( 1397): Received 15 bytes
D/TCPTester-bin( 1397): Payload: 
D/TCPTester-bin( 1397): 0F 0C 0A 54 0D 44 B9 40 C0 5F 3D A0 1B 39 01 
D/TCPTester-bin( 1397): Selecting test for opcode 12
D/TCPTester-bin( 1397): socket() ok
D/TCPTester-bin( 1397): setsockopt() ok
D/TCPTester-bin( 1397): TCP Checksum: 9E2C
D/TCPTester-bin( 1397): 10.84.13.68:47424 --> 
D/TCPTester-bin( 1397): 		 192.95.61.160:6969
D/TCPTester-bin( 1397): 	Seq: 10189 	Ack: 0
D/TCPTester-bin( 1397): TCP Checksum: 8FB5
D/TCPTester-bin( 1397): 192.95.61.160:6969 --> 
D/TCPTester-bin( 1397): 		 10.84.13.68:47424
D/TCPTester-bin( 1397): 	Seq: 12345 	Ack: 10190
D/TCPTester-bin( 1397): 45 00 00 28 00 01 00 00 34 06 71 38 C0 5F 3D A0 0A 54 0D 44 1B 39 B9 40 00 00 30 39 00 00 27 CE 50 12 20 00 8F B5 BE 04 
D/TCPTester-bin( 1397): SYNACK 	Seq: 12345 	Ack: 10190
D/TCPTester-bin( 1397): TCP Checksum: 6DE3
D/TCPTester-bin( 1397): 10.84.13.68:47424 --> 
D/TCPTester-bin( 1397): 		 192.95.61.160:6969
D/TCPTester-bin( 1397): 	Seq: 10190 	Ack: 12346
D/TCPTester-bin( 1397): TCP Checksum: 8944
D/TCPTester-bin( 1397): 10.84.13.68:47424 --> 
D/TCPTester-bin( 1397): 		 192.95.61.160:6969
D/TCPTester-bin( 1397): 	Seq: 10190 	Ack: 12346
D/TCPTester-bin( 1397): 45 00 00 2D 00 00 00 00 28 06 00 00 0A 54 0D 44 C0 5F 3D A0 B9 40 1B 39 00 00 27 CE 00 00 30 3A 51 18 FF D7 89 44 00 00 48 45 4C 4C 4F 
D/TCPTester-bin( 1397): TCP Checksum: 691F
D/TCPTester-bin( 1397): 192.95.61.160:6969 --> 
D/TCPTester-bin( 1397): 		 10.84.13.68:47424
D/TCPTester-bin( 1397): 	Seq: 12346 	Ack: 10195
D/TCPTester-bin( 1397): 45 00 00 2D 00 01 00 00 34 06 71 33 C0 5F 3D A0 0A 54 0D 44 1B 39 B9 40 00 00 30 3A 00 00 27 D3 51 10 20 00 69 1F 00 00 4F 4C 4C 45 48 
D/TCPTester-bin( 1397): TCP Checksum: 6CD9
D/TCPTester-bin( 1397): 10.84.13.68:47424 --> 
D/TCPTester-bin( 1397): 		 192.95.61.160:6969
D/TCPTester-bin( 1397): 	Seq: 10195 	Ack: 12351
D/TCPTester-bin( 1397): TCP Checksum: 6CD8
D/TCPTester-bin( 1397): 10.84.13.68:47424 --> 
D/TCPTester-bin( 1397): 		 192.95.61.160:6969
D/TCPTester-bin( 1397): 	Seq: 10195 	Ack: 12351
D/TCPTester-bin( 1397): TCP Checksum: 4DAF
D/TCPTester-bin( 1397): 192.95.61.160:6969 --> 
D/TCPTester-bin( 1397): 		 10.84.13.68:47424
D/TCPTester-bin( 1397): 	Seq: 12351 	Ack: 10196
D/TCPTester-bin( 1397): 45 00 00 28 00 01 00 00 34 06 71 38 C0 5F 3D A0 0A 54 0D 44 1B 39 B9 40 00 00 30 3F 00 00 27 D4 50 11 20 00 4D AF 00 00 
D/TCPTester-bin( 1397): TCP Checksum: 7643
D/TCPTester-bin( 1397): 10.84.13.68:47424 --> 
D/TCPTester-bin( 1397): 		 192.95.61.160:6969
D/TCPTester-bin( 1397): 	Seq: 10195 	Ack: 10197
D/TCPTester-bin( 1397): Reserved byte 01 passed
D/TCPTester-bin( 1397): Sending message to the socket, opcode 0
D/TCPTester-bin( 1397): Test complete
I/TCPTester-bin( 1397): Receiving from socket, offset 0
D/TCPTester( 1328): Receive data from socket, bytesRead = 2, 0200
D/TCPTester( 1328): Full command received
D/TCPTester( 1328): Test successful
D/TCPTester( 1328): Iptables command to execute: iptables -D OUTPUT -p tcp --tcp-flags RST RST --sport 47424 --dport 6969 -d 192.95.61.160 -j DROP && iptables --list
D/TCPTester( 1328): iptables rule disabled
D/TCPTester( 1328): Running test Test Reserved-est from 10.84.13.68:53826 to 192.95.61.160:6969 failed 10
D/TCPTester( 1328): Iptables command to execute: iptables -A OUTPUT -p tcp --tcp-flags RST RST --sport 53826 --dport 6969 -d 192.95.61.160 -j DROP && iptables --list
D/TCPTester( 1328): iptables rule enabled
D/TCPTester( 1328): Sending message 0F0C0A540D44D242C05F3DA01B3902
D/TCPTester( 1328): Client connected, writing the message to socket
I/TCPTester-bin( 1397): Received 15 bytes
D/TCPTester-bin( 1397): Payload: 
D/TCPTester-bin( 1397): 0F 0C 0A 54 0D 44 D2 42 C0 5F 3D A0 1B 39 02 
D/TCPTester-bin( 1397): Selecting test for opcode 12
D/TCPTester-bin( 1397): socket() ok
D/TCPTester-bin( 1397): setsockopt() ok
D/TCPTester-bin( 1397): TCP Checksum: 2421
D/TCPTester-bin( 1397): 10.84.13.68:53826 --> 
D/TCPTester-bin( 1397): 		 192.95.61.160:6969
D/TCPTester-bin( 1397): 	Seq: 35030 	Ack: 0
D/TCPTester-bin( 1397): TCP Checksum: 15AA
D/TCPTester-bin( 1397): 192.95.61.160:6969 --> 
D/TCPTester-bin( 1397): 		 10.84.13.68:53826
D/TCPTester-bin( 1397): 	Seq: 12345 	Ack: 35031
D/TCPTester-bin( 1397): 45 00 00 28 00 01 00 00 34 06 71 38 C0 5F 3D A0 0A 54 0D 44 1B 39 D2 42 00 00 30 39 00 00 88 D7 50 12 20 00 15 AA BE 04 
D/TCPTester-bin( 1397): SYNACK 	Seq: 12345 	Ack: 35031
D/TCPTester-bin( 1397): TCP Checksum: F3D7
D/TCPTester-bin( 1397): 10.84.13.68:53826 --> 
D/TCPTester-bin( 1397): 		 192.95.61.160:6969
D/TCPTester-bin( 1397): 	Seq: 35031 	Ack: 12346
D/TCPTester-bin( 1397): TCP Checksum: 0E39
D/TCPTester-bin( 1397): 10.84.13.68:53826 --> 
D/TCPTester-bin( 1397): 		 192.95.61.160:6969
D/TCPTester-bin( 1397): 	Seq: 35031 	Ack: 12346
D/TCPTester-bin( 1397): 45 00 00 2D 00 00 00 00 28 06 00 00 0A 54 0D 44 C0 5F 3D A0 D2 42 1B 39 00 00 88 D7 00 00 30 3A 52 18 FF D7 0E 39 00 00 48 45 4C 4C 4F 
D/TCPTester-bin( 1397): TCP Checksum: EE13
D/TCPTester-bin( 1397): 192.95.61.160:6969 --> 
D/TCPTester-bin( 1397): 		 10.84.13.68:53826
D/TCPTester-bin( 1397): 	Seq: 12346 	Ack: 35036
D/TCPTester-bin( 1397): 45 00 00 2D 00 01 00 00 34 06 71 33 C0 5F 3D A0 0A 54 0D 44 1B 39 D2 42 00 00 30 3A 00 00 88 DC 52 10 20 00 EE 13 00 00 4F 4C 4C 45 48 
D/TCPTester-bin( 1397): TCP Checksum: F1CD
D/TCPTester-bin( 1397): 10.84.13.68:53826 --> 
D/TCPTester-bin( 1397): 		 192.95.61.160:6969
D/TCPTester-bin( 1397): 	Seq: 35036 	Ack: 12351
D/TCPTester-bin( 1397): TCP Checksum: F1CC
D/TCPTester-bin( 1397): 10.84.13.68:53826 --> 
D/TCPTester-bin( 1397): 		 192.95.61.160:6969
D/TCPTester-bin( 1397): 	Seq: 35036 	Ack: 12351
D/TCPTester-bin( 1397): TCP Checksum: D3A3
D/TCPTester-bin( 1397): 192.95.61.160:6969 --> 
D/TCPTester-bin( 1397): 		 10.84.13.68:53826
D/TCPTester-bin( 1397): 	Seq: 12351 	Ack: 35037
D/TCPTester-bin( 1397): 45 00 00 28 00 01 00 00 34 06 71 38 C0 5F 3D A0 0A 54 0D 44 1B 39 D2 42 00 00 30 3F 00 00 88 DD 50 11 20 00 D3 A3 00 00 
D/TCPTester-bin( 1397): TCP Checksum: 9B2E
D/TCPTester-bin( 1397): 10.84.13.68:53826 --> 
D/TCPTester-bin( 1397): 		 192.95.61.160:6969
D/TCPTester-bin( 1397): 	Seq: 35036 	Ack: 35038
D/TCPTester-bin( 1397): Reserved byte 02 passed
D/TCPTester-bin( 1397): Sending message to the socket, opcode 0
D/TCPTester-bin( 1397): Test complete
I/TCPTester-bin( 1397): Receiving from socket, offset 0
D/TCPTester( 1328): Receive data from socket, bytesRead = 2, 0200
D/TCPTester( 1328): Full command received
D/TCPTester( 1328): Test successful
D/TCPTester( 1328): Iptables command to execute: iptables -D OUTPUT -p tcp --tcp-flags RST RST --sport 53826 --dport 6969 -d 192.95.61.160 -j DROP && iptables --list
D/TCPTester( 1328): iptables rule disabled
D/TCPTester( 1328): Running test Test Reserved-est from 10.84.13.68:64606 to 192.95.61.160:6969 failed 100
D/TCPTester( 1328): Iptables command to execute: iptables -A OUTPUT -p tcp --tcp-flags RST RST --sport 64606 --dport 6969 -d 192.95.61.160 -j DROP && iptables --list
D/TCPTester( 1328): iptables rule enabled
D/TCPTester( 1328): Sending message 0F0C0A540D44FC5EC05F3DA01B3904
D/TCPTester( 1328): Client connected, writing the message to socket
I/TCPTester-bin( 1397): Received 15 bytes
D/TCPTester-bin( 1397): Payload: 
D/TCPTester-bin( 1397): 0F 0C 0A 54 0D 44 FC 5E C0 5F 3D A0 1B 39 04 
D/TCPTester-bin( 1397): Selecting test for opcode 12
D/TCPTester-bin( 1397): socket() ok
D/TCPTester-bin( 1397): setsockopt() ok
D/TCPTester-bin( 1397): TCP Checksum: C7B3
D/TCPTester-bin( 1397): 10.84.13.68:64606 --> 
D/TCPTester-bin( 1397): 		 192.95.61.160:6969
D/TCPTester-bin( 1397): 	Seq: 47911 	Ack: 0
D/TCPTester-bin( 1397): TCP Checksum: B93C
D/TCPTester-bin( 1397): 192.95.61.160:6969 --> 
D/TCPTester-bin( 1397): 		 10.84.13.68:64606
D/TCPTester-bin( 1397): 	Seq: 12345 	Ack: 47912
D/TCPTester-bin( 1397): 45 00 00 28 00 01 00 00 34 06 71 38 C0 5F 3D A0 0A 54 0D 44 1B 39 FC 5E 00 00 30 39 00 00 BB 28 50 12 20 00 B9 3C BE 04 
D/TCPTester-bin( 1397): SYNACK 	Seq: 12345 	Ack: 47912
D/TCPTester-bin( 1397): TCP Checksum: 976A
D/TCPTester-bin( 1397): 10.84.13.68:64606 --> 
D/TCPTester-bin( 1397): 		 192.95.61.160:6969
D/TCPTester-bin( 1397): 	Seq: 47912 	Ack: 12346
D/TCPTester-bin( 1397): TCP Checksum: AFCB
D/TCPTester-bin( 1397): 10.84.13.68:64606 --> 
D/TCPTester-bin( 1397): 		 192.95.61.160:6969
D/TCPTester-bin( 1397): 	Seq: 47912 	Ack: 12346
D/TCPTester-bin( 1397): 45 00 00 2D 00 00 00 00 28 06 00 00 0A 54 0D 44 C0 5F 3D A0 FC 5E 1B 39 00 00 BB 28 00 00 30 3A 54 18 FF D7 AF CB 00 00 48 45 4C 4C 4F 
D/TCPTester-bin( 1397): TCP Checksum: 8FA6
D/TCPTester-bin( 1397): 192.95.61.160:6969 --> 
D/TCPTester-bin( 1397): 		 10.84.13.68:64606
D/TCPTester-bin( 1397): 	Seq: 12346 	Ack: 47917
D/TCPTester-bin( 1397): 45 00 00 2D 00 01 00 00 34 06 71 33 C0 5F 3D A0 0A 54 0D 44 1B 39 FC 5E 00 00 30 3A 00 00 BB 2D 54 10 20 00 8F A6 00 00 4F 4C 4C 45 48 
D/TCPTester-bin( 1397): TCP Checksum: 9360
D/TCPTester-bin( 1397): 10.84.13.68:64606 --> 
D/TCPTester-bin( 1397): 		 192.95.61.160:6969
D/TCPTester-bin( 1397): 	Seq: 47917 	Ack: 12351
D/TCPTester-bin( 1397): TCP Checksum: 935F
D/TCPTester-bin( 1397): 10.84.13.68:64606 --> 
D/TCPTester-bin( 1397): 		 192.95.61.160:6969
D/TCPTester-bin( 1397): 	Seq: 47917 	Ack: 12351
D/TCPTester-bin( 1397): TCP Checksum: 7736
D/TCPTester-bin( 1397): 192.95.61.160:6969 --> 
D/TCPTester-bin( 1397): 		 10.84.13.68:64606
D/TCPTester-bin( 1397): 	Seq: 12351 	Ack: 47918
D/TCPTester-bin( 1397): 45 00 00 28 00 01 00 00 34 06 71 38 C0 5F 3D A0 0A 54 0D 44 1B 39 FC 5E 00 00 30 3F 00 00 BB 2E 50 11 20 00 77 36 00 00 
D/TCPTester-bin( 1397): TCP Checksum: 0C70
D/TCPTester-bin( 1397): 10.84.13.68:64606 --> 
D/TCPTester-bin( 1397): 		 192.95.61.160:6969
D/TCPTester-bin( 1397): 	Seq: 47917 	Ack: 47919
D/TCPTester-bin( 1397): Reserved byte 04 passed
D/TCPTester-bin( 1397): Sending message to the socket, opcode 0
