D/Netalyzr( 1463): Starting TCPTester
D/TCPTester( 1463): Local socket address: tcptester_socket
D/TCPTester( 1463): localSocketServer accepts one client
D/TCPTester( 1463): Checking interface [lo][1][/::1%1%1][/127.0.0.1]
D/TCPTester( 1463): Interface status: truefalsetrue
D/TCPTester( 1463): Checking interface [svnet0][2]
D/TCPTester( 1463): Interface status: falsetruetrue
D/TCPTester( 1463): Checking interface [ifb0][3]
D/TCPTester( 1463): Interface status: falsefalsefalse
D/TCPTester( 1463): Checking interface [ifb1][4]
D/TCPTester( 1463): Interface status: falsefalsefalse
D/TCPTester( 1463): Checking interface [sit0][5]
D/TCPTester( 1463): Interface status: falsefalsefalse
D/TCPTester( 1463): Checking interface [ip6tnl0][6]
D/TCPTester( 1463): Interface status: falsefalsefalse
D/TCPTester( 1463): Checking interface [wlan0][7]
D/TCPTester( 1463): Interface status: falsefalsefalse
D/TCPTester( 1463): Checking interface [pdp0][8][/10.66.187.126]
D/TCPTester( 1463): Interface status: falsetruetrue
D/TCPTester( 1463): Got address 10.66.187.126 (interface [pdp0][8][/10.66.187.126])
D/TCPTester( 1463): 18 tests selected
D/TCPTester( 1463): Running test Test ACK-only from 10.66.187.126:7406 to 192.95.61.160:6969 failed
D/TCPTester( 1463): Iptables command to execute: iptables -A OUTPUT -p tcp --tcp-flags RST RST --sport 7406 --dport 6969 -d 192.95.61.160 -j DROP && iptables --list
I/TCPTester-bin( 1766): Starting TCPTester service v6
D/TCPTester-bin( 1766): Creating socket
I/TCPTester-bin( 1766): Connecting from native to local socket
D/TCPTester( 1463): Client connected, signaling condition
I/TCPTester-bin( 1766): Receiving from socket, offset 0
D/TCPTester( 1463): iptables rule enabled
D/TCPTester( 1463): Sending message 0E020A42BB7E1CEEC05F3DA01B39
D/TCPTester( 1463): Client connected, writing the message to socket
I/TCPTester-bin( 1766): Received 14 bytes
D/TCPTester-bin( 1766): Payload: 
D/TCPTester-bin( 1766): 0E 02 0A 42 BB 7E 1C EE C0 5F 3D A0 1B 39 
D/TCPTester-bin( 1766): Selecting test for opcode 2
D/TCPTester-bin( 1766): socket() ok
D/TCPTester-bin( 1766): setsockopt() ok
D/TCPTester-bin( 1766): TCP Checksum: 66E1
D/TCPTester-bin( 1766): 10.66.187.126:7406 --> 
D/TCPTester-bin( 1766): 		 192.95.61.160:6969
D/TCPTester-bin( 1766): 	Seq: 36433 	Ack: 3203334145
D/TCPTester-bin( 1766): TCP Checksum: D2E7
D/TCPTester-bin( 1766): 192.95.61.160:6969 --> 
D/TCPTester-bin( 1766): 		 10.66.187.126:7406
D/TCPTester-bin( 1766): 	Seq: 3129246091 	Ack: 36434
D/TCPTester-bin( 1766): 45 00 00 2C 16 BF 40 00 3C 06 64 4D C0 5F 3D A0 0A 42 BB 7E 1B 39 1C EE BA 84 81 8B 00 00 8E 52 60 12 FF 70 D2 E7 00 00 02 04 05 28 
D/TCPTester-bin( 1766): SYNACK 	Seq: 3129246091 	Ack: 36434
D/TCPTester-bin( 1766): TCP Checksum: E9B1
D/TCPTester-bin( 1766): 10.66.187.126:7406 --> 
D/TCPTester-bin( 1766): 		 192.95.61.160:6969
D/TCPTester-bin( 1766): 	Seq: 36434 	Ack: 3129246092
D/TCPTester-bin( 1766): TCP Checksum: 0613
D/TCPTester-bin( 1766): 10.66.187.126:7406 --> 
D/TCPTester-bin( 1766): 		 192.95.61.160:6969
D/TCPTester-bin( 1766): 	Seq: 36434 	Ack: 3129246092
D/TCPTester-bin( 1766): 45 00 00 2D 00 00 00 00 28 06 00 00 0A 42 BB 7E C0 5F 3D A0 1C EE 1B 39 00 00 8E 52 BA 84 81 8C 50 18 FF D7 06 13 00 00 48 45 4C 4C 4F 
D/TCPTester-bin( 1766): TCP Checksum: EA13
D/TCPTester-bin( 1766): 192.95.61.160:6969 --> 
D/TCPTester-bin( 1766): 		 10.66.187.126:7406
D/TCPTester-bin( 1766): 	Seq: 3129246092 	Ack: 36439
D/TCPTester-bin( 1766): 45 00 00 28 16 C0 40 00 3C 06 64 50 C0 5F 3D A0 0A 42 BB 7E 1B 39 1C EE BA 84 81 8C 00 00 8E 57 50 10 FF 70 EA 13 00 00 
E/TCPTester-bin( 1766): Payload wrong value, expected for iplen 20, tcplen 20:
D/TCPTester-bin( 1766): 48 45 4C 4C 
D/TCPTester-bin( 1766): BE EF 00 01 
D/TCPTester-bin( 1766): TCP Checksum: E9AB
D/TCPTester-bin( 1766): 10.66.187.126:7406 --> 
D/TCPTester-bin( 1766): 		 192.95.61.160:6969
D/TCPTester-bin( 1766): 	Seq: 36439 	Ack: 3129246092
D/TCPTester-bin( 1766): TCP Checksum: 0675
D/TCPTester-bin( 1766): 192.95.61.160:6969 --> 
D/TCPTester-bin( 1766): 		 10.66.187.126:7406
D/TCPTester-bin( 1766): 	Seq: 3129246092 	Ack: 36439
D/TCPTester-bin( 1766): 45 00 00 2D 16 C1 40 00 3C 06 64 4A C0 5F 3D A0 0A 42 BB 7E 1B 39 1C EE BA 84 81 8C 00 00 8E 57 50 18 FF 70 06 75 00 00 4F 4C 4C 45 48 
D/TCPTester-bin( 1766): Sending message to the socket, opcode 1
D/TCPTester-bin( 1766): Test complete
I/TCPTester-bin( 1766): Receiving from socket, offset 0
D/TCPTester( 1463): Receive data from socket, bytesRead = 2, 0201
D/TCPTester( 1463): Full command received
D/TCPTester( 1463): Test failed
D/TCPTester( 1463): Iptables command to execute: iptables -D OUTPUT -p tcp --tcp-flags RST RST --sport 7406 --dport 6969 -d 192.95.61.160 -j DROP && iptables --list
D/TCPTester( 1463): iptables rule disabled
D/TCPTester( 1463): Running test Test URG-only from 10.66.187.126:21473 to 192.95.61.160:6969 failed
D/TCPTester( 1463): Iptables command to execute: iptables -A OUTPUT -p tcp --tcp-flags RST RST --sport 21473 --dport 6969 -d 192.95.61.160 -j DROP && iptables --list
D/TCPTester( 1463): iptables rule enabled
D/TCPTester( 1463): Sending message 0E030A42BB7E53E1C05F3DA01B39
D/TCPTester( 1463): Client connected, writing the message to socket
I/TCPTester-bin( 1766): Received 14 bytes
D/TCPTester-bin( 1766): Payload: 
D/TCPTester-bin( 1766): 0E 03 0A 42 BB 7E 53 E1 C0 5F 3D A0 1B 39 
D/TCPTester-bin( 1766): Selecting test for opcode 3
D/TCPTester-bin( 1766): socket() ok
D/TCPTester-bin( 1766): setsockopt() ok
D/TCPTester-bin( 1766): TCP Checksum: 4D4D
D/TCPTester-bin( 1766): 10.66.187.126:21473 --> 
D/TCPTester-bin( 1766): 		 192.95.61.160:6969
D/TCPTester-bin( 1766): 	Seq: 29152 	Ack: 0
D/TCPTester-bin( 1766): TCP Checksum: 7677
D/TCPTester-bin( 1766): 192.95.61.160:6969 --> 
D/TCPTester-bin( 1766): 		 10.66.187.126:21473
D/TCPTester-bin( 1766): 	Seq: 2441538679 	Ack: 29153
D/TCPTester-bin( 1766): 45 00 00 2C 16 C4 40 00 3C 06 64 48 C0 5F 3D A0 0A 42 BB 7E 1B 39 53 E1 91 86 EC 77 00 00 71 E1 60 12 FF 70 76 77 00 00 02 04 05 28 
D/TCPTester-bin( 1766): SYNACK 	Seq: 2441538679 	Ack: 29153
D/TCPTester-bin( 1766): TCP Checksum: 8D41
D/TCPTester-bin( 1766): 10.66.187.126:21473 --> 
D/TCPTester-bin( 1766): 		 192.95.61.160:6969
D/TCPTester-bin( 1766): 	Seq: 29153 	Ack: 2441538680
D/TCPTester-bin( 1766): TCP Checksum: A9A2
D/TCPTester-bin( 1766): 10.66.187.126:21473 --> 
D/TCPTester-bin( 1766): 		 192.95.61.160:6969
D/TCPTester-bin( 1766): 	Seq: 29153 	Ack: 2441538680
D/TCPTester-bin( 1766): 45 00 00 2D 00 00 00 00 28 06 00 00 0A 42 BB 7E C0 5F 3D A0 53 E1 1B 39 00 00 71 E1 91 86 EC 78 50 18 FF D7 A9 A2 00 00 48 45 4C 4C 4F 
D/TCPTester-bin( 1766): TCP Checksum: 8DA3
D/TCPTester-bin( 1766): 192.95.61.160:6969 --> 
D/TCPTester-bin( 1766): 		 10.66.187.126:21473
D/TCPTester-bin( 1766): 	Seq: 2441538680 	Ack: 29158
D/TCPTester-bin( 1766): 45 00 00 28 16 C5 40 00 3C 06 64 4B C0 5F 3D A0 0A 42 BB 7E 1B 39 53 E1 91 86 EC 78 00 00 71 E6 50 10 FF 70 8D A3 00 00 
E/TCPTester-bin( 1766): Payload wrong value, expected for iplen 20, tcplen 20:
D/TCPTester-bin( 1766): 48 45 
D/TCPTester-bin( 1766): BE 02 
D/TCPTester-bin( 1766): TCP Checksum: 8D3B
D/TCPTester-bin( 1766): 10.66.187.126:21473 --> 
D/TCPTester-bin( 1766): 		 192.95.61.160:6969
D/TCPTester-bin( 1766): 	Seq: 29158 	Ack: 2441538680
D/TCPTester-bin( 1766): TCP Checksum: AA04
D/TCPTester-bin( 1766): 192.95.61.160:6969 --> 
D/TCPTester-bin( 1766): 		 10.66.187.126:21473
D/TCPTester-bin( 1766): 	Seq: 2441538680 	Ack: 29158
D/TCPTester-bin( 1766): 45 00 00 2D 16 C6 40 00 3C 06 64 45 C0 5F 3D A0 0A 42 BB 7E 1B 39 53 E1 91 86 EC 78 00 00 71 E6 50 18 FF 70 AA 04 00 00 4F 4C 4C 45 48 
D/TCPTester-bin( 1766): Sending message to the socket, opcode 1
D/TCPTester-bin( 1766): Test complete
I/TCPTester-bin( 1766): Receiving from socket, offset 0
D/TCPTester( 1463): Receive data from socket, bytesRead = 2, 0201
D/TCPTester( 1463): Full command received
D/TCPTester( 1463): Test failed
D/TCPTester( 1463): Iptables command to execute: iptables -D OUTPUT -p tcp --tcp-flags RST RST --sport 21473 --dport 6969 -d 192.95.61.160 -j DROP && iptables --list
D/TCPTester( 1463): iptables rule disabled
D/TCPTester( 1463): Running test Test ACK-URG from 10.66.187.126:42867 to 192.95.61.160:6969 failed
D/TCPTester( 1463): Iptables command to execute: iptables -A OUTPUT -p tcp --tcp-flags RST RST --sport 42867 --dport 6969 -d 192.95.61.160 -j DROP && iptables --list
D/TCPTester( 1463): iptables rule enabled
D/TCPTester( 1463): Sending message 0E040A42BB7EA773C05F3DA01B39
D/TCPTester( 1463): Client connected, writing the message to socket
I/TCPTester-bin( 1766): Received 14 bytes
D/TCPTester-bin( 1766): Payload: 
D/TCPTester-bin( 1766): 0E 04 0A 42 BB 7E A7 73 C0 5F 3D A0 1B 39 
D/TCPTester-bin( 1766): Selecting test for opcode 4
D/TCPTester-bin( 1766): socket() ok
D/TCPTester-bin( 1766): setsockopt() ok
D/TCPTester-bin( 1766): TCP Checksum: 1F6E
D/TCPTester-bin( 1766): 10.66.187.126:42867 --> 
D/TCPTester-bin( 1766): 		 192.95.61.160:6969
D/TCPTester-bin( 1766): 	Seq: 19261 	Ack: 3203334147
D/TCPTester-bin( 1766): TCP Checksum: F84E
D/TCPTester-bin( 1766): 192.95.61.160:6969 --> 
D/TCPTester-bin( 1766): 		 10.66.187.126:42867
D/TCPTester-bin( 1766): 	Seq: 2206813102 	Ack: 19262
D/TCPTester-bin( 1766): 45 00 00 2C 16 C9 40 00 3C 06 64 43 C0 5F 3D A0 0A 42 BB 7E 1B 39 A7 73 83 89 4B AE 00 00 4B 3E 60 12 FF 70 F8 4E 00 00 02 04 05 28 
E/TCPTester-bin( 1766): SYNACK packet expected urg BE03, got: 0000
E/TCPTester-bin( 1766): TCP SYNACK packet failure: 3, Success
E/TCPTester-bin( 1766): TCP handshake failed: Success
D/TCPTester-bin( 1766): Sending message to the socket, opcode 1
D/TCPTester-bin( 1766): Test complete
I/TCPTester-bin( 1766): Receiving from socket, offset 0
D/TCPTester( 1463): Receive data from socket, bytesRead = 2, 0201
D/TCPTester( 1463): Full command received
D/TCPTester( 1463): Test failed
D/TCPTester( 1463): Iptables command to execute: iptables -D OUTPUT -p tcp --tcp-flags RST RST --sport 42867 --dport 6969 -d 192.95.61.160 -j DROP && iptables --list
D/TCPTester( 1463): iptables rule disabled
D/TCPTester( 1463): Running test Test plain-URG from 10.66.187.126:6076 to 192.95.61.160:6969 failed
D/TCPTester( 1463): Iptables command to execute: iptables -A OUTPUT -p tcp --tcp-flags RST RST --sport 6076 --dport 6969 -d 192.95.61.160 -j DROP && iptables --list
D/TCPTester( 1463): iptables rule enabled
D/TCPTester( 1463): Sending message 0E050A42BB7E17BCC05F3DA01B39
D/TCPTester( 1463): Client connected, writing the message to socket
I/TCPTester-bin( 1766): Received 14 bytes
D/TCPTester-bin( 1766): Payload: 
D/TCPTester-bin( 1766): 0E 05 0A 42 BB 7E 17 BC C0 5F 3D A0 1B 39 
D/TCPTester-bin( 1766): Selecting test for opcode 5
D/TCPTester-bin( 1766): socket() ok
D/TCPTester-bin( 1766): setsockopt() ok
D/TCPTester-bin( 1766): TCP Checksum: DACC
D/TCPTester-bin( 1766): 10.66.187.126:6076 --> 
D/TCPTester-bin( 1766): 		 192.95.61.160:6969
D/TCPTester-bin( 1766): 	Seq: 56968 	Ack: 0
D/TCPTester-bin( 1766): TCP Checksum: 44DE
D/TCPTester-bin( 1766): 192.95.61.160:6969 --> 
D/TCPTester-bin( 1766): 		 10.66.187.126:6076
D/TCPTester-bin( 1766): 	Seq: 2420698827 	Ack: 56969
D/TCPTester-bin( 1766): 45 00 00 2C 16 CA 40 00 3C 06 64 42 C0 5F 3D A0 0A 42 BB 7E 1B 39 17 BC 90 48 EE CB 00 00 DE 89 60 12 FF 70 44 DE 00 00 02 04 05 28 
E/TCPTester-bin( 1766): SYNACK packet expected urg BE04, got: 0000
E/TCPTester-bin( 1766): TCP SYNACK packet failure: 3, Success
E/TCPTester-bin( 1766): TCP handshake failed: Success
D/TCPTester-bin( 1766): Sending message to the socket, opcode 1
D/TCPTester-bin( 1766): Test complete
I/TCPTester-bin( 1766): Receiving from socket, offset 0
D/TCPTester( 1463): Receive data from socket, bytesRead = 2, 0201
D/TCPTester( 1463): Full command received
D/TCPTester( 1463): Test failed
D/TCPTester( 1463): Iptables command to execute: iptables -D OUTPUT -p tcp --tcp-flags RST RST --sport 6076 --dport 6969 -d 192.95.61.160 -j DROP && iptables --list
D/TCPTester( 1463): iptables rule disabled
D/TCPTester( 1463): Running test Test ACK-checksum-incorrect from 10.66.187.126:8232 to 192.95.61.160:6969 failed
D/TCPTester( 1463): Iptables command to execute: iptables -A OUTPUT -p tcp --tcp-flags RST RST --sport 8232 --dport 6969 -d 192.95.61.160 -j DROP && iptables --list
D/TCPTester( 1463): iptables rule enabled
D/TCPTester( 1463): Sending message 0E060A42BB7E2028C05F3DA01B39
D/TCPTester( 1463): Client connected, writing the message to socket
I/TCPTester-bin( 1766): Received 14 bytes
D/TCPTester-bin( 1766): Payload: 
D/TCPTester-bin( 1766): 0E 06 0A 42 BB 7E 20 28 C0 5F 3D A0 1B 39 
D/TCPTester-bin( 1766): Selecting test for opcode 6
D/TCPTester-bin( 1766): socket() ok
D/TCPTester-bin( 1766): setsockopt() ok
D/TCPTester-bin( 1766): TCP Checksum: DC6C
D/TCPTester-bin( 1766): 10.66.187.126:8232 --> 
D/TCPTester-bin( 1766): 		 192.95.61.160:6969
D/TCPTester-bin( 1766): 	Seq: 5512 	Ack: 3203334149
D/TCPTester-bin( 1766): TCP Checksum: F8C9
D/TCPTester-bin( 1766): 192.95.61.160:6969 --> 
D/TCPTester-bin( 1766): 		 10.66.187.126:8232
D/TCPTester-bin( 1766): 	Seq: 3416506393 	Ack: 5513
D/TCPTester-bin( 1766): 45 00 00 2C 16 CB 40 00 3C 06 64 41 C0 5F 3D A0 0A 42 BB 7E 1B 39 20 28 CB A3 C0 19 00 00 15 89 60 12 FF 70 F8 C9 00 00 02 04 05 28 
D/TCPTester-bin( 1766): Checksum NATing recalculated: 57010, DEB2
D/TCPTester-bin( 1766): Checksum NATing recalculated (Seq): 32761, 7FF9
E/TCPTester-bin( 1766): SYNACK packet expected check BEEF, got: DEB2 or 7FF9
E/TCPTester-bin( 1766): TCP SYNACK packet failure: 4, Success
E/TCPTester-bin( 1766): TCP handshake failed: Success
D/TCPTester-bin( 1766): Sending message to the socket, opcode 1
D/TCPTester-bin( 1766): Test complete
I/TCPTester-bin( 1766): Receiving from socket, offset 0
D/TCPTester( 1463): Receive data from socket, bytesRead = 2, 0201
D/TCPTester( 1463): Full command received
D/TCPTester( 1463): Test failed
D/TCPTester( 1463): Iptables command to execute: iptables -D OUTPUT -p tcp --tcp-flags RST RST --sport 8232 --dport 6969 -d 192.95.61.160 -j DROP && iptables --list
D/TCPTester( 1463): iptables rule disabled
D/TCPTester( 1463): Running test Test ACK-checksum from 10.66.187.126:47138 to 192.95.61.160:6969 failed
D/TCPTester( 1463): Iptables command to execute: iptables -A OUTPUT -p tcp --tcp-flags RST RST --sport 47138 --dport 6969 -d 192.95.61.160 -j DROP && iptables --list
D/TCPTester( 1463): iptables rule enabled
D/TCPTester( 1463): Sending message 0E070A42BB7EB822C05F3DA01B39
D/TCPTester( 1463): Client connected, writing the message to socket
I/TCPTester-bin( 1766): Received 14 bytes
D/TCPTester-bin( 1766): Payload: 
D/TCPTester-bin( 1766): 0E 07 0A 42 BB 7E B8 22 C0 5F 3D A0 1B 39 
D/TCPTester-bin( 1766): Selecting test for opcode 7
D/TCPTester-bin( 1766): socket() ok
D/TCPTester-bin( 1766): setsockopt() ok
D/TCPTester-bin( 1766): TCP Checksum: 6BDD
D/TCPTester-bin( 1766): 10.66.187.126:47138 --> 
D/TCPTester-bin( 1766): 		 192.95.61.160:6969
D/TCPTester-bin( 1766): 	Seq: 60955 	Ack: 3203334150
D/TCPTester-bin( 1766): TCP Checksum: 1CAD
D/TCPTester-bin( 1766): 192.95.61.160:6969 --> 
D/TCPTester-bin( 1766): 		 10.66.187.126:47138
D/TCPTester-bin( 1766): 	Seq: 1191817282 	Ack: 60956
D/TCPTester-bin( 1766): 45 00 00 2C 16 CD 40 00 3C 06 64 3F C0 5F 3D A0 0A 42 BB 7E 1B 39 B8 22 47 09 B0 42 00 00 EE 1C 60 12 FF 70 1C AD 00 00 02 04 05 28 
D/TCPTester-bin( 1766): Checksum NATing recalculated: 39568, 9A90
D/TCPTester-bin( 1766): Checksum NATing recalculated (Seq): 32761, 7FF9
E/TCPTester-bin( 1766): SYNACK packet expected check BEEF, got: 9A90 or 7FF9
E/TCPTester-bin( 1766): TCP SYNACK packet failure: 4, Success
E/TCPTester-bin( 1766): TCP handshake failed: Success
D/TCPTester-bin( 1766): Sending message to the socket, opcode 1
D/TCPTester-bin( 1766): Test complete
I/TCPTester-bin( 1766): Receiving from socket, offset 0
D/TCPTester( 1463): Receive data from socket, bytesRead = 2, 0201
D/TCPTester( 1463): Full command received
D/TCPTester( 1463): Test failed
D/TCPTester( 1463): Iptables command to execute: iptables -D OUTPUT -p tcp --tcp-flags RST RST --sport 47138 --dport 6969 -d 192.95.61.160 -j DROP && iptables --list
D/TCPTester( 1463): iptables rule disabled
D/TCPTester( 1463): Running test Test URG-URG from 10.66.187.126:6977 to 192.95.61.160:6969 failed
D/TCPTester( 1463): Iptables command to execute: iptables -A OUTPUT -p tcp --tcp-flags RST RST --sport 6977 --dport 6969 -d 192.95.61.160 -j DROP && iptables --list
D/TCPTester( 1463): iptables rule enabled
D/TCPTester( 1463): Sending message 0E080A42BB7E1B41C05F3DA01B39
D/TCPTester( 1463): Client connected, writing the message to socket
I/TCPTester-bin( 1766): Received 14 bytes
D/TCPTester-bin( 1766): Payload: 
D/TCPTester-bin( 1766): 0E 08 0A 42 BB 7E 1B 41 C0 5F 3D A0 1B 39 
D/TCPTester-bin( 1766): Selecting test for opcode 8
D/TCPTester-bin( 1766): socket() ok
D/TCPTester-bin( 1766): setsockopt() ok
D/TCPTester-bin( 1766): TCP Checksum: 5760
D/TCPTester-bin( 1766): 10.66.187.126:6977 --> 
D/TCPTester-bin( 1766): 		 192.95.61.160:6969
D/TCPTester-bin( 1766): 	Seq: 41064 	Ack: 0
D/TCPTester-bin( 1766): TCP Checksum: 4053
D/TCPTester-bin( 1766): 192.95.61.160:6969 --> 
D/TCPTester-bin( 1766): 		 10.66.187.126:6977
D/TCPTester-bin( 1766): 	Seq: 2238265553 	Ack: 41065
D/TCPTester-bin( 1766): 45 00 00 2C 16 D0 40 00 3C 06 64 3C C0 5F 3D A0 0A 42 BB 7E 1B 39 1B 41 85 69 38 D1 00 00 A0 69 60 12 FF 70 40 53 00 00 02 04 05 28 
E/TCPTester-bin( 1766): SYNACK packet expected urg BE07, got: 0000
E/TCPTester-bin( 1766): TCP SYNACK packet failure: 3, Success
E/TCPTester-bin( 1766): TCP handshake failed: Success
D/TCPTester-bin( 1766): Sending message to the socket, opcode 1
D/TCPTester-bin( 1766): Test complete
I/TCPTester-bin( 1766): Receiving from socket, offset 0
D/TCPTester( 1463): Receive data from socket, bytesRead = 2, 0201
D/TCPTester( 1463): Full command received
D/TCPTester( 1463): Test failed
D/TCPTester( 1463): Iptables command to execute: iptables -D OUTPUT -p tcp --tcp-flags RST RST --sport 6977 --dport 6969 -d 192.95.61.160 -j DROP && iptables --list
D/TCPTester( 1463): iptables rule disabled
D/TCPTester( 1463): Running test Test URG-checksum from 10.66.187.126:13507 to 192.95.61.160:6969 failed
D/TCPTester( 1463): Iptables command to execute: iptables -A OUTPUT -p tcp --tcp-flags RST RST --sport 13507 --dport 6969 -d 192.95.61.160 -j DROP && iptables --list
D/TCPTester( 1463): iptables rule enabled
D/TCPTester( 1463): Sending message 0E090A42BB7E34C3C05F3DA01B39
D/TCPTester( 1463): Client connected, writing the message to socket
I/TCPTester-bin( 1766): Received 14 bytes
D/TCPTester-bin( 1766): Payload: 
D/TCPTester-bin( 1766): 0E 09 0A 42 BB 7E 34 C3 C0 5F 3D A0 1B 39 
D/TCPTester-bin( 1766): Selecting test for opcode 9
D/TCPTester-bin( 1766): socket() ok
D/TCPTester-bin( 1766): setsockopt() ok
D/TCPTester-bin( 1766): TCP Checksum: 1B9D
D/TCPTester-bin( 1766): 10.66.187.126:13507 --> 
D/TCPTester-bin( 1766): 		 192.95.61.160:6969
D/TCPTester-bin( 1766): 	Seq: 49832 	Ack: 0
D/TCPTester-bin( 1766): TCP Checksum: 333B
D/TCPTester-bin( 1766): 192.95.61.160:6969 --> 
D/TCPTester-bin( 1766): 		 10.66.187.126:13507
D/TCPTester-bin( 1766): 	Seq: 2588407112 	Ack: 49833
D/TCPTester-bin( 1766): 45 00 00 2C 16 D2 40 00 3C 06 64 3A C0 5F 3D A0 0A 42 BB 7E 1B 39 34 C3 9A 47 F5 48 00 00 C2 A9 60 12 FF 70 33 3B 00 00 02 04 05 28 
D/TCPTester-bin( 1766): Checksum NATing recalculated: 11711, 2DBF
D/TCPTester-bin( 1766): Checksum NATing recalculated (Seq): 32761, 7FF9
E/TCPTester-bin( 1766): SYNACK packet expected check BEEF, got: 2DBF or 7FF9
E/TCPTester-bin( 1766): TCP SYNACK packet failure: 4, Success
E/TCPTester-bin( 1766): TCP handshake failed: Success
D/TCPTester-bin( 1766): Sending message to the socket, opcode 1
D/TCPTester-bin( 1766): Test complete
I/TCPTester-bin( 1766): Receiving from socket, offset 0
D/TCPTester( 1463): Receive data from socket, bytesRead = 2, 0201
D/TCPTester( 1463): Full command received
D/TCPTester( 1463): Test failed
D/TCPTester( 1463): Iptables command to execute: iptables -D OUTPUT -p tcp --tcp-flags RST RST --sport 13507 --dport 6969 -d 192.95.61.160 -j DROP && iptables --list
D/TCPTester( 1463): iptables rule disabled
D/TCPTester( 1463): Running test Test URG-checksum-incorrect from 10.66.187.126:64028 to 192.95.61.160:6969 failed
D/TCPTester( 1463): Iptables command to execute: iptables -A OUTPUT -p tcp --tcp-flags RST RST --sport 64028 --dport 6969 -d 192.95.61.160 -j DROP && iptables --list
D/TCPTester( 1463): iptables rule enabled
D/TCPTester( 1463): Sending message 0E0A0A42BB7EFA1CC05F3DA01B39
D/TCPTester( 1463): Client connected, writing the message to socket
I/TCPTester-bin( 1766): Received 14 bytes
D/TCPTester-bin( 1766): Payload: 
D/TCPTester-bin( 1766): 0E 0A 0A 42 BB 7E FA 1C C0 5F 3D A0 1B 39 
D/TCPTester-bin( 1766): Selecting test for opcode 10
D/TCPTester-bin( 1766): socket() ok
D/TCPTester-bin( 1766): setsockopt() ok
D/TCPTester-bin( 1766): TCP Checksum: D395
D/TCPTester-bin( 1766): 10.66.187.126:64028 --> 
D/TCPTester-bin( 1766): 		 192.95.61.160:6969
D/TCPTester-bin( 1766): 	Seq: 17749 	Ack: 0
D/TCPTester-bin( 1766): TCP Checksum: 0989
D/TCPTester-bin( 1766): 192.95.61.160:6969 --> 
D/TCPTester-bin( 1766): 		 10.66.187.126:64028
D/TCPTester-bin( 1766): 	Seq: 1913650988 	Ack: 17750
D/TCPTester-bin( 1766): 45 00 00 2C 16 D4 40 00 3C 06 64 38 C0 5F 3D A0 0A 42 BB 7E 1B 39 FA 1C 72 0F FF 2C 00 00 45 56 60 12 FF 70 09 89 00 00 02 04 05 28 
D/TCPTester-bin( 1766): Checksum NATing recalculated: 51558, C966
D/TCPTester-bin( 1766): Checksum NATing recalculated (Seq): 32761, 7FF9
E/TCPTester-bin( 1766): SYNACK packet expected check BEEF, got: C966 or 7FF9
E/TCPTester-bin( 1766): TCP SYNACK packet failure: 4, Success
E/TCPTester-bin( 1766): TCP handshake failed: Success
D/TCPTester-bin( 1766): Sending message to the socket, opcode 1
D/TCPTester-bin( 1766): Test complete
I/TCPTester-bin( 1766): Receiving from socket, offset 0
D/TCPTester( 1463): Receive data from socket, bytesRead = 2, 0201
D/TCPTester( 1463): Full command received
D/TCPTester( 1463): Test failed
D/TCPTester( 1463): Iptables command to execute: iptables -D OUTPUT -p tcp --tcp-flags RST RST --sport 64028 --dport 6969 -d 192.95.61.160 -j DROP && iptables --list
D/TCPTester( 1463): iptables rule disabled
D/TCPTester( 1463): Running test Test Reserved-syn from 10.66.187.126:40337 to 192.95.61.160:6969 failed 1
D/TCPTester( 1463): Iptables command to execute: iptables -A OUTPUT -p tcp --tcp-flags RST RST --sport 40337 --dport 6969 -d 192.95.61.160 -j DROP && iptables --list
D/TCPTester( 1463): iptables rule enabled
D/TCPTester( 1463): Sending message 0F0B0A42BB7E9D91C05F3DA01B3901
D/TCPTester( 1463): Client connected, writing the message to socket
I/TCPTester-bin( 1766): Received 15 bytes
D/TCPTester-bin( 1766): Payload: 
D/TCPTester-bin( 1766): 0F 0B 0A 42 BB 7E 9D 91 C0 5F 3D A0 1B 39 01 
D/TCPTester-bin( 1766): Selecting test for opcode 11
D/TCPTester-bin( 1766): socket() ok
D/TCPTester-bin( 1766): setsockopt() ok
D/TCPTester-bin( 1766): TCP Checksum: 6754
D/TCPTester-bin( 1766): 10.66.187.126:40337 --> 
D/TCPTester-bin( 1766): 		 192.95.61.160:6969
D/TCPTester-bin( 1766): 	Seq: 52011 	Ack: 0
D/TCPTester-bin( 1766): TCP Checksum: EA62
D/TCPTester-bin( 1766): 192.95.61.160:6969 --> 
D/TCPTester-bin( 1766): 		 10.66.187.126:40337
D/TCPTester-bin( 1766): 	Seq: 2326649961 	Ack: 52012
D/TCPTester-bin( 1766): 45 00 00 2C 16 D6 40 00 3C 06 64 36 C0 5F 3D A0 0A 42 BB 7E 1B 39 9D 91 8A AD DC 69 00 00 CB 2C 60 12 FF 70 EA 62 00 00 02 04 05 28 
E/TCPTester-bin( 1766): SYNACK packet expected res 01, got: 00
E/TCPTester-bin( 1766): TCP SYNACK packet failure: 5, Success
E/TCPTester-bin( 1766): TCP handshake failed: Success
D/TCPTester-bin( 1766): Sending message to the socket, opcode 1
D/TCPTester-bin( 1766): Test complete
I/TCPTester-bin( 1766): Receiving from socket, offset 0
D/TCPTester( 1463): Receive data from socket, bytesRead = 2, 0201
D/TCPTester( 1463): Full command received
D/TCPTester( 1463): Test failed
D/TCPTester( 1463): Iptables command to execute: iptables -D OUTPUT -p tcp --tcp-flags RST RST --sport 40337 --dport 6969 -d 192.95.61.160 -j DROP && iptables --list
D/TCPTester( 1463): iptables rule disabled
D/TCPTester( 1463): Running test Test Reserved-syn from 10.66.187.126:15357 to 192.95.61.160:6969 failed 10
D/TCPTester( 1463): Iptables command to execute: iptables -A OUTPUT -p tcp --tcp-flags RST RST --sport 15357 --dport 6969 -d 192.95.61.160 -j DROP && iptables --list
D/TCPTester( 1463): iptables rule enabled
D/TCPTester( 1463): Sending message 0F0B0A42BB7E3BFDC05F3DA01B3902
D/TCPTester( 1463): Client connected, writing the message to socket
I/TCPTester-bin( 1766): Received 15 bytes
D/TCPTester-bin( 1766): Payload: 
D/TCPTester-bin( 1766): 0F 0B 0A 42 BB 7E 3B FD C0 5F 3D A0 1B 39 02 
D/TCPTester-bin( 1766): Selecting test for opcode 11
D/TCPTester-bin( 1766): socket() ok
D/TCPTester-bin( 1766): setsockopt() ok
D/TCPTester-bin( 1766): TCP Checksum: 65D1
D/TCPTester-bin( 1766): 10.66.187.126:15357 --> 
D/TCPTester-bin( 1766): 		 192.95.61.160:6969
D/TCPTester-bin( 1766): 	Seq: 11587 	Ack: 0
D/TCPTester-bin( 1766): TCP Checksum: 9191
D/TCPTester-bin( 1766): 192.95.61.160:6969 --> 
D/TCPTester-bin( 1766): 		 10.66.187.126:15357
D/TCPTester-bin( 1766): 	Seq: 1712478547 	Ack: 11588
D/TCPTester-bin( 1766): 45 00 00 2C 16 D8 40 00 3C 06 64 34 C0 5F 3D A0 0A 42 BB 7E 1B 39 3B FD 66 12 59 53 00 00 2D 44 60 12 FF 70 91 91 00 00 02 04 05 28 
E/TCPTester-bin( 1766): SYNACK packet expected res 02, got: 00
E/TCPTester-bin( 1766): TCP SYNACK packet failure: 5, Success
E/TCPTester-bin( 1766): TCP handshake failed: Success
D/TCPTester-bin( 1766): Sending message to the socket, opcode 1
D/TCPTester-bin( 1766): Test complete
I/TCPTester-bin( 1766): Receiving from socket, offset 0
D/TCPTester( 1463): Receive data from socket, bytesRead = 2, 0201
D/TCPTester( 1463): Full command received
D/TCPTester( 1463): Test failed
D/TCPTester( 1463): Iptables command to execute: iptables -D OUTPUT -p tcp --tcp-flags RST RST --sport 15357 --dport 6969 -d 192.95.61.160 -j DROP && iptables --list
D/TCPTester( 1463): iptables rule disabled
D/TCPTester( 1463): Running test Test Reserved-syn from 10.66.187.126:8813 to 192.95.61.160:6969 failed 100
D/TCPTester( 1463): Iptables command to execute: iptables -A OUTPUT -p tcp --tcp-flags RST RST --sport 8813 --dport 6969 -d 192.95.61.160 -j DROP && iptables --list
D/TCPTester( 1463): iptables rule enabled
D/TCPTester( 1463): Sending message 0F0B0A42BB7E226DC05F3DA01B3904
D/TCPTester( 1463): Client connected, writing the message to socket
I/TCPTester-bin( 1766): Received 15 bytes
D/TCPTester-bin( 1766): Payload: 
D/TCPTester-bin( 1766): 0F 0B 0A 42 BB 7E 22 6D C0 5F 3D A0 1B 39 04 
D/TCPTester-bin( 1766): Selecting test for opcode 11
D/TCPTester-bin( 1766): socket() ok
D/TCPTester-bin( 1766): setsockopt() ok
D/TCPTester-bin( 1766): TCP Checksum: F2C1
D/TCPTester-bin( 1766): 10.66.187.126:8813 --> 
D/TCPTester-bin( 1766): 		 192.95.61.160:6969
D/TCPTester-bin( 1766): 	Seq: 47074 	Ack: 0
D/TCPTester-bin( 1766): TCP Checksum: F0A9
D/TCPTester-bin( 1766): 192.95.61.160:6969 --> 
D/TCPTester-bin( 1766): 		 10.66.187.126:8813
D/TCPTester-bin( 1766): 	Seq: 3787918710 	Ack: 47075
D/TCPTester-bin( 1766): 45 00 00 2C 16 D9 40 00 3C 06 64 33 C0 5F 3D A0 0A 42 BB 7E 1B 39 22 6D E1 C7 0D 76 00 00 B7 E3 60 12 FF 70 F0 A9 00 00 02 04 05 28 
E/TCPTester-bin( 1766): SYNACK packet expected res 04, got: 00
E/TCPTester-bin( 1766): TCP SYNACK packet failure: 5, Success
E/TCPTester-bin( 1766): TCP handshake failed: Success
D/TCPTester-bin( 1766): Sending message to the socket, opcode 1
D/TCPTester-bin( 1766): Test complete
I/TCPTester-bin( 1766): Receiving from socket, offset 0
D/TCPTester( 1463): Receive data from socket, bytesRead = 2, 0201
D/TCPTester( 1463): Full command received
D/TCPTester( 1463): Test failed
D/TCPTester( 1463): Iptables command to execute: iptables -D OUTPUT -p tcp --tcp-flags RST RST --sport 8813 --dport 6969 -d 192.95.61.160 -j DROP && iptables --list
D/TCPTester( 1463): iptables rule disabled
D/TCPTester( 1463): Running test Test Reserved-syn from 10.66.187.126:22287 to 192.95.61.160:6969 failed 1000
D/TCPTester( 1463): Iptables command to execute: iptables -A OUTPUT -p tcp --tcp-flags RST RST --sport 22287 --dport 6969 -d 192.95.61.160 -j DROP && iptables --list
D/TCPTester( 1463): iptables rule enabled
D/TCPTester( 1463): Sending message 0F0B0A42BB7E570FC05F3DA01B3908
D/TCPTester( 1463): Client connected, writing the message to socket
I/TCPTester-bin( 1766): Received 15 bytes
D/TCPTester-bin( 1766): Payload: 
D/TCPTester-bin( 1766): 0F 0B 0A 42 BB 7E 57 0F C0 5F 3D A0 1B 39 08 
D/TCPTester-bin( 1766): Selecting test for opcode 11
D/TCPTester-bin( 1766): socket() ok
D/TCPTester-bin( 1766): setsockopt() ok
D/TCPTester-bin( 1766): TCP Checksum: 91CB
D/TCPTester-bin( 1766): 10.66.187.126:22287 --> 
D/TCPTester-bin( 1766): 		 192.95.61.160:6969
D/TCPTester-bin( 1766): 	Seq: 57398 	Ack: 0
D/TCPTester-bin( 1766): TCP Checksum: 406A
D/TCPTester-bin( 1766): 192.95.61.160:6969 --> 
D/TCPTester-bin( 1766): 		 10.66.187.126:22287
D/TCPTester-bin( 1766): 	Seq: 1765595466 	Ack: 57399
D/TCPTester-bin( 1766): 45 00 00 2C 16 DB 40 00 3C 06 64 31 C0 5F 3D A0 0A 42 BB 7E 1B 39 57 0F 69 3C D9 4A 00 00 E0 37 60 12 FF 70 40 6A 00 00 02 04 05 28 
E/TCPTester-bin( 1766): SYNACK packet expected res 08, got: 00
E/TCPTester-bin( 1766): TCP SYNACK packet failure: 5, Success
E/TCPTester-bin( 1766): TCP handshake failed: Success
D/TCPTester-bin( 1766): Sending message to the socket, opcode 1
D/TCPTester-bin( 1766): Test complete
I/TCPTester-bin( 1766): Receiving from socket, offset 0
D/TCPTester( 1463): Receive data from socket, bytesRead = 2, 0201
D/TCPTester( 1463): Full command received
D/TCPTester( 1463): Test failed
D/TCPTester( 1463): Iptables command to execute: iptables -D OUTPUT -p tcp --tcp-flags RST RST --sport 22287 --dport 6969 -d 192.95.61.160 -j DROP && iptables --list
D/TCPTester( 1463): iptables rule disabled
D/TCPTester( 1463): Running test Test Reserved-est from 10.66.187.126:45666 to 192.95.61.160:6969 failed 1
D/TCPTester( 1463): Iptables command to execute: iptables -A OUTPUT -p tcp --tcp-flags RST RST --sport 45666 --dport 6969 -d 192.95.61.160 -j DROP && iptables --list
D/TCPTester( 1463): iptables rule enabled
D/TCPTester( 1463): Sending message 0F0C0A42BB7EB262C05F3DA01B3901
D/TCPTester( 1463): Client connected, writing the message to socket
I/TCPTester-bin( 1766): Received 15 bytes
D/TCPTester-bin( 1766): Payload: 
D/TCPTester-bin( 1766): 0F 0C 0A 42 BB 7E B2 62 C0 5F 3D A0 1B 39 01 
D/TCPTester-bin( 1766): Selecting test for opcode 12
D/TCPTester-bin( 1766): socket() ok
D/TCPTester-bin( 1766): setsockopt() ok
D/TCPTester-bin( 1766): TCP Checksum: F6E1
D/TCPTester-bin( 1766): 10.66.187.126:45666 --> 
D/TCPTester-bin( 1766): 		 192.95.61.160:6969
D/TCPTester-bin( 1766): 	Seq: 10189 	Ack: 0
D/TCPTester-bin( 1766): TCP Checksum: A364
D/TCPTester-bin( 1766): 192.95.61.160:6969 --> 
D/TCPTester-bin( 1766): 		 10.66.187.126:45666
D/TCPTester-bin( 1766): 	Seq: 3269818813 	Ack: 10190
D/TCPTester-bin( 1766): 45 00 00 2C 16 DE 40 00 3C 06 64 2E C0 5F 3D A0 0A 42 BB 7E 1B 39 B2 62 C2 E5 79 BD 00 00 27 CE 60 12 FF 70 A3 64 00 00 02 04 05 28 
D/TCPTester-bin( 1766): SYNACK 	Seq: 3269818813 	Ack: 10190
D/TCPTester-bin( 1766): TCP Checksum: BA2E
D/TCPTester-bin( 1766): 10.66.187.126:45666 --> 
D/TCPTester-bin( 1766): 		 192.95.61.160:6969
D/TCPTester-bin( 1766): 	Seq: 10190 	Ack: 3269818814
D/TCPTester-bin( 1766): TCP Checksum: D58F
D/TCPTester-bin( 1766): 10.66.187.126:45666 --> 
D/TCPTester-bin( 1766): 		 192.95.61.160:6969
D/TCPTester-bin( 1766): 	Seq: 10190 	Ack: 3269818814
D/TCPTester-bin( 1766): 45 00 00 2D 00 00 00 00 28 06 00 00 0A 42 BB 7E C0 5F 3D A0 B2 62 1B 39 00 00 27 CE C2 E5 79 BE 51 18 FF D7 D5 8F 00 00 48 45 4C 4C 4F 
D/TCPTester-bin( 1766): TCP Checksum: BA90
D/TCPTester-bin( 1766): 192.95.61.160:6969 --> 
D/TCPTester-bin( 1766): 		 10.66.187.126:45666
D/TCPTester-bin( 1766): 	Seq: 3269818814 	Ack: 10195
D/TCPTester-bin( 1766): 45 00 00 28 16 E0 40 00 3C 06 64 30 C0 5F 3D A0 0A 42 BB 7E 1B 39 B2 62 C2 E5 79 BE 00 00 27 D3 50 10 FF 70 BA 90 00 00 
E/TCPTester-bin( 1766): Payload wrong value, expected for iplen 20, tcplen 20:
D/TCPTester-bin( 1766): 02 04 05 28 4F 
D/TCPTester-bin( 1766): 4F 4C 4C 45 48 
E/TCPTester-bin( 1766): Data packet reserved field wrong value: 00, expected 01
D/TCPTester-bin( 1766): TCP Checksum: BA28
D/TCPTester-bin( 1766): 10.66.187.126:45666 --> 
D/TCPTester-bin( 1766): 		 192.95.61.160:6969
D/TCPTester-bin( 1766): 	Seq: 10195 	Ack: 3269818814
D/TCPTester-bin( 1766): TCP Checksum: D6F1
D/TCPTester-bin( 1766): 192.95.61.160:6969 --> 
D/TCPTester-bin( 1766): 		 10.66.187.126:45666
D/TCPTester-bin( 1766): 	Seq: 3269818814 	Ack: 10195
D/TCPTester-bin( 1766): 45 00 00 2D 16 E1 40 00 3C 06 64 2A C0 5F 3D A0 0A 42 BB 7E 1B 39 B2 62 C2 E5 79 BE 00 00 27 D3 50 18 FF 70 D6 F1 00 00 4F 4C 4C 45 48 
D/TCPTester-bin( 1766): Sending message to the socket, opcode 1
D/TCPTester-bin( 1766): Test complete
I/TCPTester-bin( 1766): Receiving from socket, offset 0
D/TCPTester( 1463): Receive data from socket, bytesRead = 2, 0201
D/TCPTester( 1463): Full command received
D/TCPTester( 1463): Test failed
D/TCPTester( 1463): Iptables command to execute: iptables -D OUTPUT -p tcp --tcp-flags RST RST --sport 45666 --dport 6969 -d 192.95.61.160 -j DROP && iptables --list
D/TCPTester( 1463): iptables rule disabled
D/TCPTester( 1463): Running test Test Reserved-est from 10.66.187.126:36638 to 192.95.61.160:6969 failed 10
D/TCPTester( 1463): Iptables command to execute: iptables -A OUTPUT -p tcp --tcp-flags RST RST --sport 36638 --dport 6969 -d 192.95.61.160 -j DROP && iptables --list
D/TCPTester( 1463): iptables rule enabled
D/TCPTester( 1463): Sending message 0F0C0A42BB7E8F1EC05F3DA01B3902
D/TCPTester( 1463): Client connected, writing the message to socket
I/TCPTester-bin( 1766): Received 15 bytes
D/TCPTester-bin( 1766): Payload: 
D/TCPTester-bin( 1766): 0F 0C 0A 42 BB 7E 8F 1E C0 5F 3D A0 1B 39 02 
D/TCPTester-bin( 1766): Selecting test for opcode 12
D/TCPTester-bin( 1766): socket() ok
D/TCPTester-bin( 1766): setsockopt() ok
D/TCPTester-bin( 1766): TCP Checksum: B91C
D/TCPTester-bin( 1766): 10.66.187.126:36638 --> 
D/TCPTester-bin( 1766): 		 192.95.61.160:6969
D/TCPTester-bin( 1766): 	Seq: 35030 	Ack: 0
D/TCPTester-bin( 1766): TCP Checksum: C92D
D/TCPTester-bin( 1766): 192.95.61.160:6969 --> 
D/TCPTester-bin( 1766): 		 10.66.187.126:36638
D/TCPTester-bin( 1766): 	Seq: 2604416472 	Ack: 35031
D/TCPTester-bin( 1766): 45 00 00 2C 16 E4 40 00 3C 06 64 28 C0 5F 3D A0 0A 42 BB 7E 1B 39 8F 1E 9B 3C 3D D8 00 00 88 D7 60 12 FF 70 C9 2D 00 00 02 04 05 28 
D/TCPTester-bin( 1766): SYNACK 	Seq: 2604416472 	Ack: 35031
D/TCPTester-bin( 1766): TCP Checksum: DFF7
D/TCPTester-bin( 1766): 10.66.187.126:36638 --> 
D/TCPTester-bin( 1766): 		 192.95.61.160:6969
D/TCPTester-bin( 1766): 	Seq: 35031 	Ack: 2604416473
D/TCPTester-bin( 1766): TCP Checksum: FA58
D/TCPTester-bin( 1766): 10.66.187.126:36638 --> 
D/TCPTester-bin( 1766): 		 192.95.61.160:6969
D/TCPTester-bin( 1766): 	Seq: 35031 	Ack: 2604416473
D/TCPTester-bin( 1766): 45 00 00 2D 00 00 00 00 28 06 00 00 0A 42 BB 7E C0 5F 3D A0 8F 1E 1B 39 00 00 88 D7 9B 3C 3D D9 52 18 FF D7 FA 58 00 00 48 45 4C 4C 4F 
D/TCPTester-bin( 1766): TCP Checksum: E059
D/TCPTester-bin( 1766): 192.95.61.160:6969 --> 
D/TCPTester-bin( 1766): 		 10.66.187.126:36638
D/TCPTester-bin( 1766): 	Seq: 2604416473 	Ack: 35036
D/TCPTester-bin( 1766): 45 00 00 28 16 E5 40 00 3C 06 64 2B C0 5F 3D A0 0A 42 BB 7E 1B 39 8F 1E 9B 3C 3D D9 00 00 88 DC 50 10 FF 70 E0 59 00 00 
E/TCPTester-bin( 1766): Payload wrong value, expected for iplen 20, tcplen 20:
D/TCPTester-bin( 1766): 48 45 4C 4C 4F 
D/TCPTester-bin( 1766): 4F 4C 4C 45 48 
E/TCPTester-bin( 1766): Data packet reserved field wrong value: 00, expected 02
D/TCPTester-bin( 1766): TCP Checksum: DFF1
D/TCPTester-bin( 1766): 10.66.187.126:36638 --> 
D/TCPTester-bin( 1766): 		 192.95.61.160:6969
D/TCPTester-bin( 1766): 	Seq: 35036 	Ack: 2604416473
D/TCPTester-bin( 1766): TCP Checksum: FCBA
D/TCPTester-bin( 1766): 192.95.61.160:6969 --> 
D/TCPTester-bin( 1766): 		 10.66.187.126:36638
D/TCPTester-bin( 1766): 	Seq: 2604416473 	Ack: 35036
D/TCPTester-bin( 1766): 45 00 00 2D 16 E6 40 00 3C 06 64 25 C0 5F 3D A0 0A 42 BB 7E 1B 39 8F 1E 9B 3C 3D D9 00 00 88 DC 50 18 FF 70 FC BA 00 00 4F 4C 4C 45 48 
D/TCPTester-bin( 1766): Sending message to the socket, opcode 1
D/TCPTester-bin( 1766): Test complete
I/TCPTester-bin( 1766): Receiving from socket, offset 0
D/TCPTester( 1463): Receive data from socket, bytesRead = 2, 0201
D/TCPTester( 1463): Full command received
D/TCPTester( 1463): Test failed
D/TCPTester( 1463): Iptables command to execute: iptables -D OUTPUT -p tcp --tcp-flags RST RST --sport 36638 --dport 6969 -d 192.95.61.160 -j DROP && iptables --list
D/TCPTester( 1463): iptables rule disabled
D/TCPTester( 1463): Running test Test Reserved-est from 10.66.187.126:59166 to 192.95.61.160:6969 failed 100
D/TCPTester( 1463): Iptables command to execute: iptables -A OUTPUT -p tcp --tcp-flags RST RST --sport 59166 --dport 6969 -d 192.95.61.160 -j DROP && iptables --list
D/TCPTester( 1463): iptables rule enabled
D/TCPTester( 1463): Sending message 0F0C0A42BB7EE71EC05F3DA01B3904
D/TCPTester( 1463): Client connected, writing the message to socket
I/TCPTester-bin( 1766): Received 15 bytes
D/TCPTester-bin( 1766): Payload: 
D/TCPTester-bin( 1766): 0F 0C 0A 42 BB 7E E7 1E C0 5F 3D A0 1B 39 04 
D/TCPTester-bin( 1766): Selecting test for opcode 12
D/TCPTester-bin( 1766): socket() ok
D/TCPTester-bin( 1766): setsockopt() ok
D/TCPTester-bin( 1766): TCP Checksum: 2ECB
D/TCPTester-bin( 1766): 10.66.187.126:59166 --> 
D/TCPTester-bin( 1766): 		 192.95.61.160:6969
D/TCPTester-bin( 1766): 	Seq: 47911 	Ack: 0
D/TCPTester-bin( 1766): TCP Checksum: 57BA
D/TCPTester-bin( 1766): 192.95.61.160:6969 --> 
D/TCPTester-bin( 1766): 		 10.66.187.126:59166
D/TCPTester-bin( 1766): 	Seq: 4018786476 	Ack: 47912
D/TCPTester-bin( 1766): 45 00 00 2C 16 E9 40 00 3C 06 64 23 C0 5F 3D A0 0A 42 BB 7E 1B 39 E7 1E EF 89 D0 AC 00 00 BB 28 60 12 FF 70 57 BA 00 00 02 04 05 28 
D/TCPTester-bin( 1766): SYNACK 	Seq: 4018786476 	Ack: 47912
D/TCPTester-bin( 1766): TCP Checksum: 6E84
D/TCPTester-bin( 1766): 10.66.187.126:59166 --> 
D/TCPTester-bin( 1766): 		 192.95.61.160:6969
D/TCPTester-bin( 1766): 	Seq: 47912 	Ack: 4018786477
D/TCPTester-bin( 1766): TCP Checksum: 86E5
D/TCPTester-bin( 1766): 10.66.187.126:59166 --> 
D/TCPTester-bin( 1766): 		 192.95.61.160:6969
D/TCPTester-bin( 1766): 	Seq: 47912 	Ack: 4018786477
D/TCPTester-bin( 1766): 45 00 00 2D 00 00 00 00 28 06 00 00 0A 42 BB 7E C0 5F 3D A0 E7 1E 1B 39 00 00 BB 28 EF 89 D0 AD 54 18 FF D7 86 E5 00 00 48 45 4C 4C 4F 
D/TCPTester-bin( 1766): TCP Checksum: 6EE6
D/TCPTester-bin( 1766): 192.95.61.160:6969 --> 
D/TCPTester-bin( 1766): 		 10.66.187.126:59166
D/TCPTester-bin( 1766): 	Seq: 4018786477 	Ack: 47917
D/TCPTester-bin( 1766): 45 00 00 28 16 EA 40 00 3C 06 64 26 C0 5F 3D A0 0A 42 BB 7E 1B 39 E7 1E EF 89 D0 AD 00 00 BB 2D 50 10 FF 70 6E E6 00 00 
E/TCPTester-bin( 1766): Payload wrong value, expected for iplen 20, tcplen 20:
D/TCPTester-bin( 1766): 48 45 4C 4C 4F 
D/TCPTester-bin( 1766): 4F 4C 4C 45 48 
E/TCPTester-bin( 1766): Data packet reserved field wrong value: 00, expected 04
D/TCPTester-bin( 1766): TCP Checksum: 6E7E
D/TCPTester-bin( 1766): 10.66.187.126:59166 --> 
D/TCPTester-bin( 1766): 		 192.95.61.160:6969
D/TCPTester-bin( 1766): 	Seq: 47917 	Ack: 4018786477
D/TCPTester-bin( 1766): TCP Checksum: 8B47
D/TCPTester-bin( 1766): 192.95.61.160:6969 --> 
D/TCPTester-bin( 1766): 		 10.66.187.126:59166
D/TCPTester-bin( 1766): 	Seq: 4018786477 	Ack: 47917
D/TCPTester-bin( 1766): 45 00 00 2D 16 EB 40 00 3C 06 64 20 C0 5F 3D A0 0A 42 BB 7E 1B 39 E7 1E EF 89 D0 AD 00 00 BB 2D 50 18 FF 70 8B 47 00 00 4F 4C 4C 45 48 
D/TCPTester-bin( 1766): Sending message to the socket, opcode 1
D/TCPTester-bin( 1766): Test complete
I/TCPTester-bin( 1766): Receiving from socket, offset 0
D/TCPTester( 1463): Receive data from socket, bytesRead = 2, 0201
D/TCPTester( 1463): Full command received
D/TCPTester( 1463): Test failed
D/TCPTester( 1463): Iptables command to execute: iptables -D OUTPUT -p tcp --tcp-flags RST RST --sport 59166 --dport 6969 -d 192.95.61.160 -j DROP && iptables --list
D/TCPTester( 1463): iptables rule disabled
D/TCPTester( 1463): Running test Test Reserved-est from 10.66.187.126:37551 to 192.95.61.160:6969 failed 1000
D/TCPTester( 1463): Iptables command to execute: iptables -A OUTPUT -p tcp --tcp-flags RST RST --sport 37551 --dport 6969 -d 192.95.61.160 -j DROP && iptables --list
D/TCPTester( 1463): iptables rule enabled
D/TCPTester( 1463): Sending message 0F0C0A42BB7E92AFC05F3DA01B3908
D/TCPTester( 1463): Client connected, writing the message to socket
I/TCPTester-bin( 1766): Received 15 bytes
D/TCPTester-bin( 1766): Payload: 
D/TCPTester-bin( 1766): 0F 0C 0A 42 BB 7E 92 AF C0 5F 3D A0 1B 39 08 
D/TCPTester-bin( 1766): Selecting test for opcode 12
D/TCPTester-bin( 1766): socket() ok
D/TCPTester-bin( 1766): setsockopt() ok
D/TCPTester-bin( 1766): TCP Checksum: 5845
D/TCPTester-bin( 1766): 10.66.187.126:37551 --> 
D/TCPTester-bin( 1766): 		 192.95.61.160:6969
D/TCPTester-bin( 1766): 	Seq: 58908 	Ack: 0
D/TCPTester-bin( 1766): TCP Checksum: 3303
D/TCPTester-bin( 1766): 192.95.61.160:6969 --> 
D/TCPTester-bin( 1766): 		 10.66.187.126:37551
D/TCPTester-bin( 1766): 	Seq: 923916118 	Ack: 58909
D/TCPTester-bin( 1766): 45 00 00 2C 16 EE 40 00 3C 06 64 1E C0 5F 3D A0 0A 42 BB 7E 1B 39 92 AF 37 11 D7 56 00 00 E6 1D 60 12 FF 70 33 03 00 00 02 04 05 28 
D/TCPTester-bin( 1766): SYNACK 	Seq: 923916118 	Ack: 58909
D/TCPTester-bin( 1766): TCP Checksum: 49CD
D/TCPTester-bin( 1766): 10.66.187.126:37551 --> 
D/TCPTester-bin( 1766): 		 192.95.61.160:6969
D/TCPTester-bin( 1766): 	Seq: 58909 	Ack: 923916119
D/TCPTester-bin( 1766): TCP Checksum: 5E2E
D/TCPTester-bin( 1766): 10.66.187.126:37551 --> 
D/TCPTester-bin( 1766): 		 192.95.61.160:6969
D/TCPTester-bin( 1766): 	Seq: 58909 	Ack: 923916119
D/TCPTester-bin( 1766): 45 00 00 2D 00 00 00 00 28 06 00 00 0A 42 BB 7E C0 5F 3D A0 92 AF 1B 39 00 00 E6 1D 37 11 D7 57 58 18 FF D7 5E 2E 00 00 48 45 4C 4C 4F 
D/TCPTester-bin( 1766): TCP Checksum: 4A2F
D/TCPTester-bin( 1766): 192.95.61.160:6969 --> 
D/TCPTester-bin( 1766): 		 10.66.187.126:37551
D/TCPTester-bin( 1766): 	Seq: 923916119 	Ack: 58914
D/TCPTester-bin( 1766): 45 00 00 28 16 EF 40 00 3C 06 64 21 C0 5F 3D A0 0A 42 BB 7E 1B 39 92 AF 37 11 D7 57 00 00 E6 22 50 10 FF 70 4A 2F 00 00 
E/TCPTester-bin( 1766): Payload wrong value, expected for iplen 20, tcplen 20:
D/TCPTester-bin( 1766): 48 45 4C 4C 4F 
D/TCPTester-bin( 1766): 4F 4C 4C 45 48 
E/TCPTester-bin( 1766): Data packet reserved field wrong value: 00, expected 08
D/TCPTester-bin( 1766): TCP Checksum: 49C7
D/TCPTester-bin( 1766): 10.66.187.126:37551 --> 
D/TCPTester-bin( 1766): 		 192.95.61.160:6969
D/TCPTester-bin( 1766): 	Seq: 58914 	Ack: 923916119
D/TCPTester-bin( 1766): TCP Checksum: 6690
D/TCPTester-bin( 1766): 192.95.61.160:6969 --> 
D/TCPTester-bin( 1766): 		 10.66.187.126:37551
D/TCPTester-bin( 1766): 	Seq: 923916119 	Ack: 58914
D/TCPTester-bin( 1766): 45 00 00 2D 16 F0 40 00 3C 06 64 1B C0 5F 3D A0 0A 42 BB 7E 1B 39 92 AF 37 11 D7 57 00 00 E6 22 50 18 FF 70 66 90 00 00 4F 4C 4C 45 48 
D/TCPTester-bin( 1766): Sending message to the socket, opcode 1
D/TCPTester-bin( 1766): Test complete
I/TCPTester-bin( 1766): Receiving from socket, offset 0
D/TCPTester( 1463): Receive data from socket, bytesRead = 2, 0201
D/TCPTester( 1463): Full command received
D/TCPTester( 1463): Test failed
D/TCPTester( 1463): Iptables command to execute: iptables -D OUTPUT -p tcp --tcp-flags RST RST --sport 37551 --dport 6969 -d 192.95.61.160 -j DROP && iptables --list
D/TCPTester( 1463): iptables rule disabled
D/TCPTester( 1463): Running test Test ACK-checksum-incorrect-seq from 10.66.187.126:34950 to 192.95.61.160:6969 failed
D/TCPTester( 1463): Iptables command to execute: iptables -A OUTPUT -p tcp --tcp-flags RST RST --sport 34950 --dport 6969 -d 192.95.61.160 -j DROP && iptables --list
D/TCPTester( 1463): iptables rule enabled
D/TCPTester( 1463): Sending message 0E0D0A42BB7E8886C05F3DA01B39
D/TCPTester( 1463): Client connected, writing the message to socket
I/TCPTester-bin( 1766): Received 14 bytes
D/TCPTester-bin( 1766): Payload: 
D/TCPTester-bin( 1766): 0E 0D 0A 42 BB 7E 88 86 C0 5F 3D A0 1B 39 
D/TCPTester-bin( 1766): Selecting test for opcode 13
D/TCPTester-bin( 1766): socket() ok
D/TCPTester-bin( 1766): setsockopt() ok
D/TCPTester-bin( 1766): TCP Checksum: 5D4D
D/TCPTester-bin( 1766): 10.66.187.126:34950 --> 
D/TCPTester-bin( 1766): 		 192.95.61.160:6969
D/TCPTester-bin( 1766): 	Seq: 11329 	Ack: 3203334157
D/TCPTester-bin( 1766): TCP Checksum: 472A
D/TCPTester-bin( 1766): 192.95.61.160:6969 --> 
D/TCPTester-bin( 1766): 		 10.66.187.126:34950
D/TCPTester-bin( 1766): 	Seq: 939296329 	Ack: 11330
D/TCPTester-bin( 1766): 45 00 00 2C 16 F3 40 00 3C 06 64 19 C0 5F 3D A0 0A 42 BB 7E 1B 39 88 86 37 FC 86 49 00 00 2C 42 60 12 FF 70 47 2A 00 00 02 04 05 28 
D/TCPTester-bin( 1766): Checksum NATing recalculated: 38257, 9571
D/TCPTester-bin( 1766): Checksum NATing recalculated (Seq): 32761, 7FF9
E/TCPTester-bin( 1766): SYNACK packet expected check BEEE, got: 9571 or 7FF9
E/TCPTester-bin( 1766): TCP SYNACK packet failure: 4, Success
E/TCPTester-bin( 1766): TCP handshake failed: Success
D/TCPTester-bin( 1766): Sending message to the socket, opcode 1
D/TCPTester-bin( 1766): Test complete
I/TCPTester-bin( 1766): Receiving from socket, offset 0
D/TCPTester( 1463): Receive data from socket, bytesRead = 2, 0201
D/TCPTester( 1463): Full command received
D/TCPTester( 1463): Test failed
D/TCPTester( 1463): Iptables command to execute: iptables -D OUTPUT -p tcp --tcp-flags RST RST --sport 34950 --dport 6969 -d 192.95.61.160 -j DROP && iptables --list
D/TCPTester( 1463): iptables rule disabled
D/TCPTester( 1463): Finish SocketTesterServer comms thread
I/TCPTester-bin( 1766): Received 0 bytes
D/TCPTester-bin( 1766): End of File
D/TCPTester( 1463): Finished
D/TCPTester( 1463): Finish SocketTesterServer comms thread
D/TCPTester( 1463): Finished
D/TCPTester( 1463): The LocalSocketServer thread stopping
D/TCPTester( 1463): 18 results
D/TCPTester( 1463): Network info: NetworkInfo: type: mobile[HSDPA], state: CONNECTED/CONNECTED, reason: connected, extra: mobile.o2.co.uk, roaming: false, failover: false, isAvailable: true, isConnectedToProvisioningNetwork: false
D/TCPTester( 1463): Test ACK-only from 10.66.187.126:7406 to 192.95.61.160:6969 failed
D/TCPTester( 1463): Test URG-only from 10.66.187.126:21473 to 192.95.61.160:6969 failed
D/TCPTester( 1463): Test ACK-URG from 10.66.187.126:42867 to 192.95.61.160:6969 failed
D/TCPTester( 1463): Test plain-URG from 10.66.187.126:6076 to 192.95.61.160:6969 failed
D/TCPTester( 1463): Test ACK-checksum-incorrect from 10.66.187.126:8232 to 192.95.61.160:6969 failed
D/TCPTester( 1463): Test ACK-checksum from 10.66.187.126:47138 to 192.95.61.160:6969 failed
D/TCPTester( 1463): Test URG-URG from 10.66.187.126:6977 to 192.95.61.160:6969 failed
D/TCPTester( 1463): Test URG-checksum from 10.66.187.126:13507 to 192.95.61.160:6969 failed
D/TCPTester( 1463): Test URG-checksum-incorrect from 10.66.187.126:64028 to 192.95.61.160:6969 failed
D/TCPTester( 1463): Test Reserved-syn from 10.66.187.126:40337 to 192.95.61.160:6969 failed 1
D/TCPTester( 1463): Test Reserved-syn from 10.66.187.126:15357 to 192.95.61.160:6969 failed 10
D/TCPTester( 1463): Test Reserved-syn from 10.66.187.126:8813 to 192.95.61.160:6969 failed 100
D/TCPTester( 1463): Test Reserved-syn from 10.66.187.126:22287 to 192.95.61.160:6969 failed 1000
D/TCPTester( 1463): Test Reserved-est from 10.66.187.126:45666 to 192.95.61.160:6969 failed 1
D/TCPTester( 1463): Test Reserved-est from 10.66.187.126:36638 to 192.95.61.160:6969 failed 10
D/TCPTester( 1463): Test Reserved-est from 10.66.187.126:59166 to 192.95.61.160:6969 failed 100
D/TCPTester( 1463): Test Reserved-est from 10.66.187.126:37551 to 192.95.61.160:6969 failed 1000
D/TCPTester( 1463): Test ACK-checksum-incorrect-seq from 10.66.187.126:34950 to 192.95.61.160:6969 failed
ThinkAir:beefyControl andrius$ 
