ThinkAir:beefyControl andrius$ adb logcat | grep TCPTester
D/Netalyzr( 1358): Starting TCPTester
D/TCPTester( 1358): Local socket address: tcptester_socket
D/TCPTester( 1358): localSocketServer accepts one client
D/TCPTester( 1358): Checking interface [lo][1][/::1%1%1][/127.0.0.1]
D/TCPTester( 1358): Interface status: truefalsetrue
D/TCPTester( 1358): Checking interface [svnet0][2]
D/TCPTester( 1358): Interface status: falsetruetrue
D/TCPTester( 1358): Checking interface [ifb0][3]
D/TCPTester( 1358): Interface status: falsefalsefalse
D/TCPTester( 1358): Checking interface [ifb1][4]
D/TCPTester( 1358): Interface status: falsefalsefalse
D/TCPTester( 1358): Checking interface [sit0][5]
D/TCPTester( 1358): Interface status: falsefalsefalse
D/TCPTester( 1358): Checking interface [ip6tnl0][6]
D/TCPTester( 1358): Interface status: falsefalsefalse
D/TCPTester( 1358): Checking interface [wlan0][7]
D/TCPTester( 1358): Interface status: falsefalsefalse
D/TCPTester( 1358): Checking interface [pdp0][8][/10.5.28.116]
D/TCPTester( 1358): Interface status: falsetruetrue
D/TCPTester( 1358): Got address 10.5.28.116 (interface [pdp0][8][/10.5.28.116])
D/TCPTester( 1358): 18 tests selected
D/TCPTester( 1358): Running test Test ACK-only from 10.5.28.116:47039 to 192.95.61.160:6969 failed
D/TCPTester( 1358): Iptables command to execute: iptables -A OUTPUT -p tcp --tcp-flags RST RST --sport 47039 --dport 6969 -d 192.95.61.160 -j DROP && iptables --list
I/TCPTester-bin( 1419): Starting TCPTester service v6
D/TCPTester-bin( 1419): Creating socket
I/TCPTester-bin( 1419): Connecting from native to local socket
D/TCPTester( 1358): Client connected, signaling condition
I/TCPTester-bin( 1419): Receiving from socket, offset 0
D/TCPTester( 1358): iptables rule enabled
D/TCPTester( 1358): Sending message 0E020A051C74B7BFC05F3DA01B39
D/TCPTester( 1358): Client connected, writing the message to socket
I/TCPTester-bin( 1419): Received 14 bytes
D/TCPTester-bin( 1419): Payload: 
D/TCPTester-bin( 1419): 0E 02 0A 05 1C 74 B7 BF C0 5F 3D A0 1B 39 
D/TCPTester-bin( 1419): Selecting test for opcode 2
D/TCPTester-bin( 1419): socket() ok
D/TCPTester-bin( 1419): setsockopt() ok
D/TCPTester-bin( 1419): TCP Checksum: 6B57
D/TCPTester-bin( 1419): 10.5.28.116:47039 --> 
D/TCPTester-bin( 1419): 		 192.95.61.160:6969
D/TCPTester-bin( 1419): 	Seq: 36433 	Ack: 3203334145
D/TCPTester-bin( 1419): TCP Checksum: D9D5
D/TCPTester-bin( 1419): 192.95.61.160:6969 --> 
D/TCPTester-bin( 1419): 		 10.5.28.116:47039
D/TCPTester-bin( 1419): 	Seq: 12345 	Ack: 36434
D/TCPTester-bin( 1419): 45 00 00 28 00 01 00 00 30 06 66 57 C0 5F 3D A0 0A 05 1C 74 1B 39 B7 BF 00 00 30 39 00 00 8E 52 50 12 20 00 D9 D5 00 00 
D/TCPTester-bin( 1419): SYNACK 	Seq: 12345 	Ack: 36434
D/TCPTester-bin( 1419): TCP Checksum: F9FE
D/TCPTester-bin( 1419): 10.5.28.116:47039 --> 
D/TCPTester-bin( 1419): 		 192.95.61.160:6969
D/TCPTester-bin( 1419): 	Seq: 36434 	Ack: 12346
D/TCPTester-bin( 1419): TCP Checksum: 1660
D/TCPTester-bin( 1419): 10.5.28.116:47039 --> 
D/TCPTester-bin( 1419): 		 192.95.61.160:6969
D/TCPTester-bin( 1419): 	Seq: 36434 	Ack: 12346
D/TCPTester-bin( 1419): 45 00 00 2D 00 00 00 00 28 06 00 00 0A 05 1C 74 C0 5F 3D A0 B7 BF 1B 39 00 00 8E 52 00 00 30 3A 50 18 FF D7 16 60 00 00 48 45 4C 4C 4F 
D/TCPTester-bin( 1419): TCP Checksum: 1ADD
D/TCPTester-bin( 1419): 192.95.61.160:6969 --> 
D/TCPTester-bin( 1419): 		 10.5.28.116:47039
D/TCPTester-bin( 1419): 	Seq: 12346 	Ack: 36439
D/TCPTester-bin( 1419): 45 00 00 2C 00 01 00 00 31 06 65 53 C0 5F 3D A0 0A 05 1C 74 1B 39 B7 BF 00 00 30 3A 00 00 8E 57 50 10 20 00 1A DD 00 00 BE EF 00 01 
D/TCPTester-bin( 1419): TCP Checksum: F9F5
D/TCPTester-bin( 1419): 10.5.28.116:47039 --> 
D/TCPTester-bin( 1419): 		 192.95.61.160:6969
D/TCPTester-bin( 1419): 	Seq: 36439 	Ack: 12350
D/TCPTester-bin( 1419): TCP Checksum: F9F4
D/TCPTester-bin( 1419): 10.5.28.116:47039 --> 
D/TCPTester-bin( 1419): 		 192.95.61.160:6969
D/TCPTester-bin( 1419): 	Seq: 36439 	Ack: 12350
D/TCPTester-bin( 1419): TCP Checksum: D9CB
D/TCPTester-bin( 1419): 192.95.61.160:6969 --> 
D/TCPTester-bin( 1419): 		 10.5.28.116:47039
D/TCPTester-bin( 1419): 	Seq: 12350 	Ack: 36440
D/TCPTester-bin( 1419): 45 00 00 28 00 01 00 00 31 06 65 57 C0 5F 3D A0 0A 05 1C 74 1B 39 B7 BF 00 00 30 3E 00 00 8E 58 50 11 20 00 D9 CB 00 00 
D/TCPTester-bin( 1419): TCP Checksum: 9BDA
D/TCPTester-bin( 1419): 10.5.28.116:47039 --> 
D/TCPTester-bin( 1419): 		 192.95.61.160:6969
D/TCPTester-bin( 1419): 	Seq: 36439 	Ack: 36441
D/TCPTester-bin( 1419): Sending message to the socket, opcode 0
D/TCPTester-bin( 1419): Test complete
I/TCPTester-bin( 1419): Receiving from socket, offset 0
D/TCPTester( 1358): Receive data from socket, bytesRead = 2, 0200
D/TCPTester( 1358): Full command received
D/TCPTester( 1358): Test successful
D/TCPTester( 1358): Iptables command to execute: iptables -D OUTPUT -p tcp --tcp-flags RST RST --sport 47039 --dport 6969 -d 192.95.61.160 -j DROP && iptables --list
D/TCPTester( 1358): iptables rule disabled
D/TCPTester( 1358): Running test Test URG-only from 10.5.28.116:18192 to 192.95.61.160:6969 failed
D/TCPTester( 1358): Iptables command to execute: iptables -A OUTPUT -p tcp --tcp-flags RST RST --sport 18192 --dport 6969 -d 192.95.61.160 -j DROP && iptables --list
D/TCPTester( 1358): iptables rule enabled
D/TCPTester( 1358): Sending message 0E030A051C744710C05F3DA01B39
D/TCPTester( 1358): Client connected, writing the message to socket
I/TCPTester-bin( 1419): Received 14 bytes
D/TCPTester-bin( 1419): Payload: 
D/TCPTester-bin( 1419): 0E 03 0A 05 1C 74 47 10 C0 5F 3D A0 1B 39 
D/TCPTester-bin( 1419): Selecting test for opcode 3
D/TCPTester-bin( 1419): socket() ok
D/TCPTester-bin( 1419): setsockopt() ok
D/TCPTester-bin( 1419): TCP Checksum: F965
D/TCPTester-bin( 1419): 10.5.28.116:18192 --> 
D/TCPTester-bin( 1419): 		 192.95.61.160:6969
D/TCPTester-bin( 1419): 	Seq: 29152 	Ack: 0
D/TCPTester-bin( 1419): TCP Checksum: 66F6
D/TCPTester-bin( 1419): 192.95.61.160:6969 --> 
D/TCPTester-bin( 1419): 		 10.5.28.116:18192
D/TCPTester-bin( 1419): 	Seq: 12345 	Ack: 29153
D/TCPTester-bin( 1419): 45 00 00 28 00 01 00 00 30 06 66 57 C0 5F 3D A0 0A 05 1C 74 1B 39 47 10 00 00 30 39 00 00 71 E1 50 12 20 00 66 F6 00 00 
D/TCPTester-bin( 1419): SYNACK 	Seq: 12345 	Ack: 29153
D/TCPTester-bin( 1419): TCP Checksum: 871F
D/TCPTester-bin( 1419): 10.5.28.116:18192 --> 
D/TCPTester-bin( 1419): 		 192.95.61.160:6969
D/TCPTester-bin( 1419): 	Seq: 29153 	Ack: 12346
D/TCPTester-bin( 1419): TCP Checksum: A380
D/TCPTester-bin( 1419): 10.5.28.116:18192 --> 
D/TCPTester-bin( 1419): 		 192.95.61.160:6969
D/TCPTester-bin( 1419): 	Seq: 29153 	Ack: 12346
D/TCPTester-bin( 1419): 45 00 00 2D 00 00 00 00 28 06 00 00 0A 05 1C 74 C0 5F 3D A0 47 10 1B 39 00 00 71 E1 00 00 30 3A 50 18 FF D7 A3 80 00 00 48 45 4C 4C 4F 
D/TCPTester-bin( 1419): TCP Checksum: A8ED
D/TCPTester-bin( 1419): 192.95.61.160:6969 --> 
D/TCPTester-bin( 1419): 		 10.5.28.116:18192
D/TCPTester-bin( 1419): 	Seq: 12346 	Ack: 29158
D/TCPTester-bin( 1419): 45 00 00 2A 00 01 00 00 31 06 65 55 C0 5F 3D A0 0A 05 1C 74 1B 39 47 10 00 00 30 3A 00 00 71 E6 50 10 20 00 A8 ED 00 00 BE 02 
D/TCPTester-bin( 1419): TCP Checksum: 8718
D/TCPTester-bin( 1419): 10.5.28.116:18192 --> 
D/TCPTester-bin( 1419): 		 192.95.61.160:6969
D/TCPTester-bin( 1419): 	Seq: 29158 	Ack: 12348
D/TCPTester-bin( 1419): TCP Checksum: 8717
D/TCPTester-bin( 1419): 10.5.28.116:18192 --> 
D/TCPTester-bin( 1419): 		 192.95.61.160:6969
D/TCPTester-bin( 1419): 	Seq: 29158 	Ack: 12348
D/TCPTester-bin( 1419): TCP Checksum: 66EE
D/TCPTester-bin( 1419): 192.95.61.160:6969 --> 
D/TCPTester-bin( 1419): 		 10.5.28.116:18192
D/TCPTester-bin( 1419): 	Seq: 12348 	Ack: 29159
D/TCPTester-bin( 1419): 45 00 00 28 00 01 00 00 31 06 65 57 C0 5F 3D A0 0A 05 1C 74 1B 39 47 10 00 00 30 3C 00 00 71 E7 50 11 20 00 66 EE 00 00 
D/TCPTester-bin( 1419): TCP Checksum: 456C
D/TCPTester-bin( 1419): 10.5.28.116:18192 --> 
D/TCPTester-bin( 1419): 		 192.95.61.160:6969
D/TCPTester-bin( 1419): 	Seq: 29158 	Ack: 29160
D/TCPTester-bin( 1419): Sending message to the socket, opcode 0
D/TCPTester-bin( 1419): Test complete
I/TCPTester-bin( 1419): Receiving from socket, offset 0
D/TCPTester( 1358): Receive data from socket, bytesRead = 2, 0200
D/TCPTester( 1358): Full command received
D/TCPTester( 1358): Test successful
D/TCPTester( 1358): Iptables command to execute: iptables -D OUTPUT -p tcp --tcp-flags RST RST --sport 18192 --dport 6969 -d 192.95.61.160 -j DROP && iptables --list
D/TCPTester( 1358): iptables rule disabled
D/TCPTester( 1358): Running test Test ACK-URG from 10.5.28.116:53162 to 192.95.61.160:6969 failed
D/TCPTester( 1358): Iptables command to execute: iptables -A OUTPUT -p tcp --tcp-flags RST RST --sport 53162 --dport 6969 -d 192.95.61.160 -j DROP && iptables --list
D/TCPTester( 1358): iptables rule enabled
D/TCPTester( 1358): Sending message 0E040A051C74CFAAC05F3DA01B39
D/TCPTester( 1358): Client connected, writing the message to socket
I/TCPTester-bin( 1419): Received 14 bytes
D/TCPTester-bin( 1419): Payload: 
D/TCPTester-bin( 1419): 0E 04 0A 05 1C 74 CF AA C0 5F 3D A0 1B 39 
D/TCPTester-bin( 1419): Selecting test for opcode 4
D/TCPTester-bin( 1419): socket() ok
D/TCPTester-bin( 1419): setsockopt() ok
D/TCPTester-bin( 1419): TCP Checksum: 967E
D/TCPTester-bin( 1419): 10.5.28.116:53162 --> 
D/TCPTester-bin( 1419): 		 192.95.61.160:6969
D/TCPTester-bin( 1419): 	Seq: 19261 	Ack: 3203334147
D/TCPTester-bin( 1419): TCP Checksum: 46FB
D/TCPTester-bin( 1419): 192.95.61.160:6969 --> 
D/TCPTester-bin( 1419): 		 10.5.28.116:53162
D/TCPTester-bin( 1419): 	Seq: 12345 	Ack: 19262
D/TCPTester-bin( 1419): 45 00 00 28 00 01 00 00 30 06 66 57 C0 5F 3D A0 0A 05 1C 74 1B 39 CF AA 00 00 30 39 00 00 4B 3E 50 12 20 00 46 FB BE 03 
D/TCPTester-bin( 1419): SYNACK 	Seq: 12345 	Ack: 19262
D/TCPTester-bin( 1419): TCP Checksum: 2528
D/TCPTester-bin( 1419): 10.5.28.116:53162 --> 
D/TCPTester-bin( 1419): 		 192.95.61.160:6969
D/TCPTester-bin( 1419): 	Seq: 19262 	Ack: 12346
D/TCPTester-bin( 1419): TCP Checksum: 4189
D/TCPTester-bin( 1419): 10.5.28.116:53162 --> 
D/TCPTester-bin( 1419): 		 192.95.61.160:6969
D/TCPTester-bin( 1419): 	Seq: 19262 	Ack: 12346
D/TCPTester-bin( 1419): 45 00 00 2D 00 00 00 00 28 06 00 00 0A 05 1C 74 C0 5F 3D A0 CF AA 1B 39 00 00 4B 3E 00 00 30 3A 50 18 FF D7 41 89 00 00 48 45 4C 4C 4F 
D/TCPTester-bin( 1419): TCP Checksum: 2164
D/TCPTester-bin( 1419): 192.95.61.160:6969 --> 
D/TCPTester-bin( 1419): 		 10.5.28.116:53162
D/TCPTester-bin( 1419): 	Seq: 12346 	Ack: 19267
D/TCPTester-bin( 1419): 45 00 00 2D 00 01 00 00 31 06 65 52 C0 5F 3D A0 0A 05 1C 74 1B 39 CF AA 00 00 30 3A 00 00 4B 43 50 10 20 00 21 64 00 00 4F 4C 4C 45 48 
D/TCPTester-bin( 1419): TCP Checksum: 251E
D/TCPTester-bin( 1419): 10.5.28.116:53162 --> 
D/TCPTester-bin( 1419): 		 192.95.61.160:6969
D/TCPTester-bin( 1419): 	Seq: 19267 	Ack: 12351
D/TCPTester-bin( 1419): TCP Checksum: 251D
D/TCPTester-bin( 1419): 10.5.28.116:53162 --> 
D/TCPTester-bin( 1419): 		 192.95.61.160:6969
D/TCPTester-bin( 1419): 	Seq: 19267 	Ack: 12351
D/TCPTester-bin( 1419): TCP Checksum: 04F4
D/TCPTester-bin( 1419): 192.95.61.160:6969 --> 
D/TCPTester-bin( 1419): 		 10.5.28.116:53162
D/TCPTester-bin( 1419): 	Seq: 12351 	Ack: 19268
D/TCPTester-bin( 1419): 45 00 00 28 00 01 00 00 31 06 65 57 C0 5F 3D A0 0A 05 1C 74 1B 39 CF AA 00 00 30 3F 00 00 4B 44 50 11 20 00 04 F4 00 00 
D/TCPTester-bin( 1419): TCP Checksum: 0A18
D/TCPTester-bin( 1419): 10.5.28.116:53162 --> 
D/TCPTester-bin( 1419): 		 192.95.61.160:6969
D/TCPTester-bin( 1419): 	Seq: 19267 	Ack: 19269
D/TCPTester-bin( 1419): Sending message to the socket, opcode 0
D/TCPTester-bin( 1419): Test complete
I/TCPTester-bin( 1419): Receiving from socket, offset 0
D/TCPTester( 1358): Receive data from socket, bytesRead = 2, 0200
D/TCPTester( 1358): Full command received
D/TCPTester( 1358): Test successful
D/TCPTester( 1358): Iptables command to execute: iptables -D OUTPUT -p tcp --tcp-flags RST RST --sport 53162 --dport 6969 -d 192.95.61.160 -j DROP && iptables --list
D/TCPTester( 1358): iptables rule disabled
D/TCPTester( 1358): Running test Test plain-URG from 10.5.28.116:22321 to 192.95.61.160:6969 failed
D/TCPTester( 1358): Iptables command to execute: iptables -A OUTPUT -p tcp --tcp-flags RST RST --sport 22321 --dport 6969 -d 192.95.61.160 -j DROP && iptables --list
D/TCPTester( 1358): iptables rule enabled
D/TCPTester( 1358): Sending message 0E050A051C745731C05F3DA01B39
D/TCPTester( 1358): Client connected, writing the message to socket
I/TCPTester-bin( 1419): Received 14 bytes
D/TCPTester-bin( 1419): Payload: 
D/TCPTester-bin( 1419): 0E 05 0A 05 1C 74 57 31 C0 5F 3D A0 1B 39 
D/TCPTester-bin( 1419): Selecting test for opcode 5
D/TCPTester-bin( 1419): socket() ok
D/TCPTester-bin( 1419): setsockopt() ok
D/TCPTester-bin( 1419): TCP Checksum: 3A9F
D/TCPTester-bin( 1419): 10.5.28.116:22321 --> 
D/TCPTester-bin( 1419): 		 192.95.61.160:6969
D/TCPTester-bin( 1419): 	Seq: 56968 	Ack: 0
D/TCPTester-bin( 1419): TCP Checksum: 2C28
D/TCPTester-bin( 1419): 192.95.61.160:6969 --> 
D/TCPTester-bin( 1419): 		 10.5.28.116:22321
D/TCPTester-bin( 1419): 	Seq: 12345 	Ack: 56969
D/TCPTester-bin( 1419): 45 00 00 28 00 01 00 00 30 06 66 57 C0 5F 3D A0 0A 05 1C 74 1B 39 57 31 00 00 30 39 00 00 DE 89 50 12 20 00 2C 28 BE 04 
D/TCPTester-bin( 1419): SYNACK 	Seq: 12345 	Ack: 56969
D/TCPTester-bin( 1419): TCP Checksum: 0A56
D/TCPTester-bin( 1419): 10.5.28.116:22321 --> 
D/TCPTester-bin( 1419): 		 192.95.61.160:6969
D/TCPTester-bin( 1419): 	Seq: 56969 	Ack: 12346
D/TCPTester-bin( 1419): TCP Checksum: 26B7
D/TCPTester-bin( 1419): 10.5.28.116:22321 --> 
D/TCPTester-bin( 1419): 		 192.95.61.160:6969
D/TCPTester-bin( 1419): 	Seq: 56969 	Ack: 12346
D/TCPTester-bin( 1419): 45 00 00 2D 00 00 00 00 28 06 00 00 0A 05 1C 74 C0 5F 3D A0 57 31 1B 39 00 00 DE 89 00 00 30 3A 50 18 FF D7 26 B7 00 00 48 45 4C 4C 4F 
D/TCPTester-bin( 1419): TCP Checksum: 0692
D/TCPTester-bin( 1419): 192.95.61.160:6969 --> 
D/TCPTester-bin( 1419): 		 10.5.28.116:22321
D/TCPTester-bin( 1419): 	Seq: 12346 	Ack: 56974
D/TCPTester-bin( 1419): 45 00 00 2D 00 01 00 00 31 06 65 52 C0 5F 3D A0 0A 05 1C 74 1B 39 57 31 00 00 30 3A 00 00 DE 8E 50 10 20 00 06 92 00 00 4F 4C 4C 45 48 
D/TCPTester-bin( 1419): TCP Checksum: 0A4C
D/TCPTester-bin( 1419): 10.5.28.116:22321 --> 
D/TCPTester-bin( 1419): 		 192.95.61.160:6969
D/TCPTester-bin( 1419): 	Seq: 56974 	Ack: 12351
D/TCPTester-bin( 1419): TCP Checksum: 0A4B
D/TCPTester-bin( 1419): 10.5.28.116:22321 --> 
D/TCPTester-bin( 1419): 		 192.95.61.160:6969
D/TCPTester-bin( 1419): 	Seq: 56974 	Ack: 12351
D/TCPTester-bin( 1419): TCP Checksum: EA21
D/TCPTester-bin( 1419): 192.95.61.160:6969 --> 
D/TCPTester-bin( 1419): 		 10.5.28.116:22321
D/TCPTester-bin( 1419): 	Seq: 12351 	Ack: 56975
D/TCPTester-bin( 1419): 45 00 00 28 00 01 00 00 30 06 66 57 C0 5F 3D A0 0A 05 1C 74 1B 39 57 31 00 00 30 3F 00 00 DE 8F 50 11 20 00 EA 21 00 00 
D/TCPTester-bin( 1419): TCP Checksum: 5BFA
D/TCPTester-bin( 1419): 10.5.28.116:22321 --> 
D/TCPTester-bin( 1419): 		 192.95.61.160:6969
D/TCPTester-bin( 1419): 	Seq: 56974 	Ack: 56976
D/TCPTester-bin( 1419): Sending message to the socket, opcode 0
D/TCPTester-bin( 1419): Test complete
I/TCPTester-bin( 1419): Receiving from socket, offset 0
D/TCPTester( 1358): Receive data from socket, bytesRead = 2, 0200
D/TCPTester( 1358): Full command received
D/TCPTester( 1358): Test successful
D/TCPTester( 1358): Iptables command to execute: iptables -D OUTPUT -p tcp --tcp-flags RST RST --sport 22321 --dport 6969 -d 192.95.61.160 -j DROP && iptables --list
D/TCPTester( 1358): iptables rule disabled
D/TCPTester( 1358): Running test Test ACK-checksum-incorrect from 10.5.28.116:11702 to 192.95.61.160:6969 failed
D/TCPTester( 1358): Iptables command to execute: iptables -A OUTPUT -p tcp --tcp-flags RST RST --sport 11702 --dport 6969 -d 192.95.61.160 -j DROP && iptables --list
D/TCPTester( 1358): iptables rule enabled
D/TCPTester( 1358): Sending message 0E060A051C742DB6C05F3DA01B39
D/TCPTester( 1358): Client connected, writing the message to socket
I/TCPTester-bin( 1419): Received 14 bytes
D/TCPTester-bin( 1419): Payload: 
D/TCPTester-bin( 1419): 0E 06 0A 05 1C 74 2D B6 C0 5F 3D A0 1B 39 
D/TCPTester-bin( 1419): Selecting test for opcode 6
D/TCPTester-bin( 1419): socket() ok
D/TCPTester-bin( 1419): setsockopt() ok
D/TCPTester-bin( 1419): TCP Checksum: 6E26
D/TCPTester-bin( 1419): 10.5.28.116:11702 --> 
D/TCPTester-bin( 1419): 		 192.95.61.160:6969
D/TCPTester-bin( 1419): 	Seq: 5512 	Ack: 3203334149
E/TCPTester-bin( 1419): TCP SYNACK packet failure: 9, Try again
E/TCPTester-bin( 1419): TCP handshake failed: Try again
D/TCPTester-bin( 1419): Sending message to the socket, opcode 1
D/TCPTester-bin( 1419): Test complete
I/TCPTester-bin( 1419): Receiving from socket, offset 0
D/TCPTester( 1358): Receive data from socket, bytesRead = 2, 0201
D/TCPTester( 1358): Full command received
D/TCPTester( 1358): Test failed
D/TCPTester( 1358): Iptables command to execute: iptables -D OUTPUT -p tcp --tcp-flags RST RST --sport 11702 --dport 6969 -d 192.95.61.160 -j DROP && iptables --list
D/TCPTester( 1358): iptables rule disabled
D/TCPTester( 1358): Running test Test ACK-checksum from 10.5.28.116:48404 to 192.95.61.160:6969 failed
D/TCPTester( 1358): Iptables command to execute: iptables -A OUTPUT -p tcp --tcp-flags RST RST --sport 48404 --dport 6969 -d 192.95.61.160 -j DROP && iptables --list
D/TCPTester( 1358): iptables rule enabled
D/TCPTester( 1358): Sending message 0E070A051C74BD14C05F3DA01B39
D/TCPTester( 1358): Client connected, writing the message to socket
I/TCPTester-bin( 1419): Received 14 bytes
D/TCPTester-bin( 1419): Payload: 
D/TCPTester-bin( 1419): 0E 07 0A 05 1C 74 BD 14 C0 5F 3D A0 1B 39 
D/TCPTester-bin( 1419): Selecting test for opcode 7
D/TCPTester-bin( 1419): socket() ok
D/TCPTester-bin( 1419): setsockopt() ok
D/TCPTester-bin( 1419): TCP Checksum: 0633
D/TCPTester-bin( 1419): 10.5.28.116:48404 --> 
D/TCPTester-bin( 1419): 		 192.95.61.160:6969
D/TCPTester-bin( 1419): 	Seq: 60955 	Ack: 3203334150
D/TCPTester-bin( 1419): TCP Checksum: DB61
D/TCPTester-bin( 1419): 192.95.61.160:6969 --> 
D/TCPTester-bin( 1419): 		 10.5.28.116:48404
D/TCPTester-bin( 1419): 	Seq: 12345 	Ack: 60956
D/TCPTester-bin( 1419): 45 00 00 2A 00 01 00 00 30 06 66 55 C0 5F 3D A0 0A 05 1C 74 1B 39 BD 14 00 00 30 39 00 00 EE 1C 50 12 20 00 DB 61 00 00 99 52 
D/TCPTester-bin( 1419): Checksum NATing recalculated: 48879, BEEF
D/TCPTester-bin( 1419): Checksum NATing recalculated (Seq): 56645, DD45
D/TCPTester-bin( 1419): SYNACK 	Seq: 12345 	Ack: 60956
D/TCPTester-bin( 1419): TCP Checksum: 94DF
D/TCPTester-bin( 1419): 10.5.28.116:48404 --> 
D/TCPTester-bin( 1419): 		 192.95.61.160:6969
D/TCPTester-bin( 1419): 	Seq: 60956 	Ack: 12346
D/TCPTester-bin( 1419): TCP Checksum: B140
D/TCPTester-bin( 1419): 10.5.28.116:48404 --> 
D/TCPTester-bin( 1419): 		 192.95.61.160:6969
D/TCPTester-bin( 1419): 	Seq: 60956 	Ack: 12346
D/TCPTester-bin( 1419): 45 00 00 2D 00 00 00 00 28 06 00 00 0A 05 1C 74 C0 5F 3D A0 BD 14 1B 39 00 00 EE 1C 00 00 30 3A 50 18 FF D7 B1 40 00 00 48 45 4C 4C 4F 
D/TCPTester-bin( 1419): TCP Checksum: 911B
D/TCPTester-bin( 1419): 192.95.61.160:6969 --> 
D/TCPTester-bin( 1419): 		 10.5.28.116:48404
D/TCPTester-bin( 1419): 	Seq: 12346 	Ack: 60961
D/TCPTester-bin( 1419): 45 00 00 2D 00 01 00 00 31 06 65 52 C0 5F 3D A0 0A 05 1C 74 1B 39 BD 14 00 00 30 3A 00 00 EE 21 50 10 20 00 91 1B 00 00 4F 4C 4C 45 48 
D/TCPTester-bin( 1419): TCP Checksum: 94D5
D/TCPTester-bin( 1419): 10.5.28.116:48404 --> 
D/TCPTester-bin( 1419): 		 192.95.61.160:6969
D/TCPTester-bin( 1419): 	Seq: 60961 	Ack: 12351
D/TCPTester-bin( 1419): TCP Checksum: 94D4
D/TCPTester-bin( 1419): 10.5.28.116:48404 --> 
D/TCPTester-bin( 1419): 		 192.95.61.160:6969
D/TCPTester-bin( 1419): 	Seq: 60961 	Ack: 12351
D/TCPTester-bin( 1419): TCP Checksum: 74AB
D/TCPTester-bin( 1419): 192.95.61.160:6969 --> 
D/TCPTester-bin( 1419): 		 10.5.28.116:48404
D/TCPTester-bin( 1419): 	Seq: 12351 	Ack: 60962
D/TCPTester-bin( 1419): 45 00 00 28 00 01 00 00 31 06 65 57 C0 5F 3D A0 0A 05 1C 74 1B 39 BD 14 00 00 30 3F 00 00 EE 22 50 11 20 00 74 AB 00 00 
D/TCPTester-bin( 1419): TCP Checksum: D6F0
D/TCPTester-bin( 1419): 10.5.28.116:48404 --> 
D/TCPTester-bin( 1419): 		 192.95.61.160:6969
D/TCPTester-bin( 1419): 	Seq: 60961 	Ack: 60963
D/TCPTester-bin( 1419): Sending message to the socket, opcode 0
D/TCPTester-bin( 1419): Test complete
I/TCPTester-bin( 1419): Receiving from socket, offset 0
D/TCPTester( 1358): Receive data from socket, bytesRead = 2, 0200
D/TCPTester( 1358): Full command received
D/TCPTester( 1358): Test successful
D/TCPTester( 1358): Iptables command to execute: iptables -D OUTPUT -p tcp --tcp-flags RST RST --sport 48404 --dport 6969 -d 192.95.61.160 -j DROP && iptables --list
D/TCPTester( 1358): iptables rule disabled
D/TCPTester( 1358): Running test Test URG-URG from 10.5.28.116:19305 to 192.95.61.160:6969 failed
D/TCPTester( 1358): Iptables command to execute: iptables -A OUTPUT -p tcp --tcp-flags RST RST --sport 19305 --dport 6969 -d 192.95.61.160 -j DROP && iptables --list
D/TCPTester( 1358): iptables rule enabled
D/TCPTester( 1358): Sending message 0E080A051C744B69C05F3DA01B39
D/TCPTester( 1358): Client connected, writing the message to socket
I/TCPTester-bin( 1419): Received 14 bytes
D/TCPTester-bin( 1419): Payload: 
D/TCPTester-bin( 1419): 0E 08 0A 05 1C 74 4B 69 C0 5F 3D A0 1B 39 
D/TCPTester-bin( 1419): Selecting test for opcode 8
D/TCPTester-bin( 1419): socket() ok
D/TCPTester-bin( 1419): setsockopt() ok
D/TCPTester-bin( 1419): TCP Checksum: C67F
D/TCPTester-bin( 1419): 10.5.28.116:19305 --> 
D/TCPTester-bin( 1419): 		 192.95.61.160:6969
D/TCPTester-bin( 1419): 	Seq: 41064 	Ack: 0
D/TCPTester-bin( 1419): TCP Checksum: 760D
D/TCPTester-bin( 1419): 192.95.61.160:6969 --> 
D/TCPTester-bin( 1419): 		 10.5.28.116:19305
D/TCPTester-bin( 1419): 	Seq: 12345 	Ack: 41065
D/TCPTester-bin( 1419): 45 00 00 28 00 01 00 00 30 06 66 57 C0 5F 3D A0 0A 05 1C 74 1B 39 4B 69 00 00 30 39 00 00 A0 69 50 12 20 00 76 0D BE 07 
D/TCPTester-bin( 1419): SYNACK 	Seq: 12345 	Ack: 41065
D/TCPTester-bin( 1419): TCP Checksum: 543E
D/TCPTester-bin( 1419): 10.5.28.116:19305 --> 
D/TCPTester-bin( 1419): 		 192.95.61.160:6969
D/TCPTester-bin( 1419): 	Seq: 41065 	Ack: 12346
D/TCPTester-bin( 1419): TCP Checksum: 709F
D/TCPTester-bin( 1419): 10.5.28.116:19305 --> 
D/TCPTester-bin( 1419): 		 192.95.61.160:6969
D/TCPTester-bin( 1419): 	Seq: 41065 	Ack: 12346
D/TCPTester-bin( 1419): 45 00 00 2D 00 00 00 00 28 06 00 00 0A 05 1C 74 C0 5F 3D A0 4B 69 1B 39 00 00 A0 69 00 00 30 3A 50 18 FF D7 70 9F 00 00 48 45 4C 4C 4F 
D/TCPTester-bin( 1419): TCP Checksum: 507A
D/TCPTester-bin( 1419): 192.95.61.160:6969 --> 
D/TCPTester-bin( 1419): 		 10.5.28.116:19305
D/TCPTester-bin( 1419): 	Seq: 12346 	Ack: 41070
D/TCPTester-bin( 1419): 45 00 00 2D 00 01 00 00 31 06 65 52 C0 5F 3D A0 0A 05 1C 74 1B 39 4B 69 00 00 30 3A 00 00 A0 6E 50 10 20 00 50 7A 00 00 4F 4C 4C 45 48 
D/TCPTester-bin( 1419): TCP Checksum: 5434
D/TCPTester-bin( 1419): 10.5.28.116:19305 --> 
D/TCPTester-bin( 1419): 		 192.95.61.160:6969
D/TCPTester-bin( 1419): 	Seq: 41070 	Ack: 12351
D/TCPTester-bin( 1419): TCP Checksum: 5433
D/TCPTester-bin( 1419): 10.5.28.116:19305 --> 
D/TCPTester-bin( 1419): 		 192.95.61.160:6969
D/TCPTester-bin( 1419): 	Seq: 41070 	Ack: 12351
D/TCPTester-bin( 1419): TCP Checksum: 340A
D/TCPTester-bin( 1419): 192.95.61.160:6969 --> 
D/TCPTester-bin( 1419): 		 10.5.28.116:19305
D/TCPTester-bin( 1419): 	Seq: 12351 	Ack: 41071
D/TCPTester-bin( 1419): 45 00 00 28 00 01 00 00 31 06 65 57 C0 5F 3D A0 0A 05 1C 74 1B 39 4B 69 00 00 30 3F 00 00 A0 6F 50 11 20 00 34 0A 00 00 
D/TCPTester-bin( 1419): TCP Checksum: E402
D/TCPTester-bin( 1419): 10.5.28.116:19305 --> 
D/TCPTester-bin( 1419): 		 192.95.61.160:6969
D/TCPTester-bin( 1419): 	Seq: 41070 	Ack: 41072
D/TCPTester-bin( 1419): Sending message to the socket, opcode 0
D/TCPTester-bin( 1419): Test complete
I/TCPTester-bin( 1419): Receiving from socket, offset 0
D/TCPTester( 1358): Receive data from socket, bytesRead = 2, 0200
D/TCPTester( 1358): Full command received
D/TCPTester( 1358): Test successful
D/TCPTester( 1358): Iptables command to execute: iptables -D OUTPUT -p tcp --tcp-flags RST RST --sport 19305 --dport 6969 -d 192.95.61.160 -j DROP && iptables --list
D/TCPTester( 1358): iptables rule disabled
D/TCPTester( 1358): Running test Test URG-checksum from 10.5.28.116:15095 to 192.95.61.160:6969 failed
D/TCPTester( 1358): Iptables command to execute: iptables -A OUTPUT -p tcp --tcp-flags RST RST --sport 15095 --dport 6969 -d 192.95.61.160 -j DROP && iptables --list
D/TCPTester( 1358): iptables rule enabled
D/TCPTester( 1358): Sending message 0E090A051C743AF7C05F3DA01B39
D/TCPTester( 1358): Client connected, writing the message to socket
I/TCPTester-bin( 1419): Received 14 bytes
D/TCPTester-bin( 1419): Payload: 
D/TCPTester-bin( 1419): 0E 09 0A 05 1C 74 3A F7 C0 5F 3D A0 1B 39 
D/TCPTester-bin( 1419): Selecting test for opcode 9
D/TCPTester-bin( 1419): socket() ok
D/TCPTester-bin( 1419): setsockopt() ok
D/TCPTester-bin( 1419): TCP Checksum: B4B0
D/TCPTester-bin( 1419): 10.5.28.116:15095 --> 
D/TCPTester-bin( 1419): 		 192.95.61.160:6969
D/TCPTester-bin( 1419): 	Seq: 49832 	Ack: 0
D/TCPTester-bin( 1419): TCP Checksum: 6442
D/TCPTester-bin( 1419): 192.95.61.160:6969 --> 
D/TCPTester-bin( 1419): 		 10.5.28.116:15095
D/TCPTester-bin( 1419): 	Seq: 12345 	Ack: 49833
D/TCPTester-bin( 1419): 45 00 00 28 00 01 00 00 30 06 66 57 C0 5F 3D A0 0A 05 1C 74 1B 39 3A F7 00 00 30 39 00 00 C2 A9 50 12 20 00 64 42 BE 04 
D/TCPTester-bin( 1419): Checksum NATing recalculated: 50610, C5B2
D/TCPTester-bin( 1419): Checksum NATing recalculated (Seq): 47253, B895
E/TCPTester-bin( 1419): SYNACK packet expected check BEEF, got: C5B2 or B895
E/TCPTester-bin( 1419): TCP SYNACK packet failure: 4, Try again
E/TCPTester-bin( 1419): TCP handshake failed: Try again
D/TCPTester-bin( 1419): Sending message to the socket, opcode 1
D/TCPTester-bin( 1419): Test complete
I/TCPTester-bin( 1419): Receiving from socket, offset 0
D/TCPTester( 1358): Receive data from socket, bytesRead = 2, 0201
D/TCPTester( 1358): Full command received
D/TCPTester( 1358): Test failed
D/TCPTester( 1358): Iptables command to execute: iptables -D OUTPUT -p tcp --tcp-flags RST RST --sport 15095 --dport 6969 -d 192.95.61.160 -j DROP && iptables --list
D/TCPTester( 1358): iptables rule disabled
D/TCPTester( 1358): Running test Test URG-checksum-incorrect from 10.5.28.116:42286 to 192.95.61.160:6969 failed
D/TCPTester( 1358): Iptables command to execute: iptables -A OUTPUT -p tcp --tcp-flags RST RST --sport 42286 --dport 6969 -d 192.95.61.160 -j DROP && iptables --list
D/TCPTester( 1358): iptables rule enabled
D/TCPTester( 1358): Sending message 0E0A0A051C74A52EC05F3DA01B39
D/TCPTester( 1358): Client connected, writing the message to socket
I/TCPTester-bin( 1419): Received 14 bytes
D/TCPTester-bin( 1419): Payload: 
D/TCPTester-bin( 1419): 0E 0A 0A 05 1C 74 A5 2E C0 5F 3D A0 1B 39 
D/TCPTester-bin( 1419): Selecting test for opcode 10
D/TCPTester-bin( 1419): socket() ok
D/TCPTester-bin( 1419): setsockopt() ok
D/TCPTester-bin( 1419): TCP Checksum: C7CB
D/TCPTester-bin( 1419): 10.5.28.116:42286 --> 
D/TCPTester-bin( 1419): 		 192.95.61.160:6969
D/TCPTester-bin( 1419): 	Seq: 17749 	Ack: 0
E/TCPTester-bin( 1419): TCP SYNACK packet failure: 9, Try again
E/TCPTester-bin( 1419): TCP handshake failed: Try again
D/TCPTester-bin( 1419): Sending message to the socket, opcode 1
D/TCPTester-bin( 1419): Test complete
I/TCPTester-bin( 1419): Receiving from socket, offset 0
D/TCPTester( 1358): Receive data from socket, bytesRead = 2, 0201
D/TCPTester( 1358): Full command received
D/TCPTester( 1358): Test failed
D/TCPTester( 1358): Iptables command to execute: iptables -D OUTPUT -p tcp --tcp-flags RST RST --sport 42286 --dport 6969 -d 192.95.61.160 -j DROP && iptables --list
D/TCPTester( 1358): iptables rule disabled
D/TCPTester( 1358): Running test Test Reserved-syn from 10.5.28.116:22455 to 192.95.61.160:6969 failed 1
D/TCPTester( 1358): Iptables command to execute: iptables -A OUTPUT -p tcp --tcp-flags RST RST --sport 22455 --dport 6969 -d 192.95.61.160 -j DROP && iptables --list
D/TCPTester( 1358): iptables rule enabled
D/TCPTester( 1358): Sending message 0F0B0A051C7457B7C05F3DA01B3901
D/TCPTester( 1358): Client connected, writing the message to socket
I/TCPTester-bin( 1419): Received 15 bytes
D/TCPTester-bin( 1419): Payload: 
D/TCPTester-bin( 1419): 0F 0B 0A 05 1C 74 57 B7 C0 5F 3D A0 1B 39 01 
D/TCPTester-bin( 1419): Selecting test for opcode 11
D/TCPTester-bin( 1419): socket() ok
D/TCPTester-bin( 1419): setsockopt() ok
D/TCPTester-bin( 1419): TCP Checksum: 4C76
D/TCPTester-bin( 1419): 10.5.28.116:22455 --> 
D/TCPTester-bin( 1419): 		 192.95.61.160:6969
D/TCPTester-bin( 1419): 	Seq: 52011 	Ack: 0
D/TCPTester-bin( 1419): TCP Checksum: FC03
D/TCPTester-bin( 1419): 192.95.61.160:6969 --> 
D/TCPTester-bin( 1419): 		 10.5.28.116:22455
D/TCPTester-bin( 1419): 	Seq: 12345 	Ack: 52012
D/TCPTester-bin( 1419): 45 00 00 28 00 01 00 00 30 06 66 57 C0 5F 3D A0 0A 05 1C 74 1B 39 57 B7 00 00 30 39 00 00 CB 2C 51 12 20 00 FC 03 00 00 
D/TCPTester-bin( 1419): SYNACK 	Seq: 12345 	Ack: 52012
D/TCPTester-bin( 1419): TCP Checksum: 1C2D
D/TCPTester-bin( 1419): 10.5.28.116:22455 --> 
D/TCPTester-bin( 1419): 		 192.95.61.160:6969
D/TCPTester-bin( 1419): 	Seq: 52012 	Ack: 12346
D/TCPTester-bin( 1419): TCP Checksum: 398E
D/TCPTester-bin( 1419): 10.5.28.116:22455 --> 
D/TCPTester-bin( 1419): 		 192.95.61.160:6969
D/TCPTester-bin( 1419): 	Seq: 52012 	Ack: 12346
D/TCPTester-bin( 1419): 45 00 00 2D 00 00 00 00 28 06 00 00 0A 05 1C 74 C0 5F 3D A0 57 B7 1B 39 00 00 CB 2C 00 00 30 3A 50 18 FF D7 39 8E 00 00 48 45 4C 4C 4F 
D/TCPTester-bin( 1419): TCP Checksum: 1969
D/TCPTester-bin( 1419): 192.95.61.160:6969 --> 
D/TCPTester-bin( 1419): 		 10.5.28.116:22455
D/TCPTester-bin( 1419): 	Seq: 12346 	Ack: 52017
D/TCPTester-bin( 1419): 45 00 00 2D 00 01 00 00 31 06 65 52 C0 5F 3D A0 0A 05 1C 74 1B 39 57 B7 00 00 30 3A 00 00 CB 31 50 10 20 00 19 69 00 00 4F 4C 4C 45 48 
D/TCPTester-bin( 1419): TCP Checksum: 1D23
D/TCPTester-bin( 1419): 10.5.28.116:22455 --> 
D/TCPTester-bin( 1419): 		 192.95.61.160:6969
D/TCPTester-bin( 1419): 	Seq: 52017 	Ack: 12351
D/TCPTester-bin( 1419): TCP Checksum: 1D22
D/TCPTester-bin( 1419): 10.5.28.116:22455 --> 
D/TCPTester-bin( 1419): 		 192.95.61.160:6969
D/TCPTester-bin( 1419): 	Seq: 52017 	Ack: 12351
D/TCPTester-bin( 1419): TCP Checksum: FCF8
D/TCPTester-bin( 1419): 192.95.61.160:6969 --> 
D/TCPTester-bin( 1419): 		 10.5.28.116:22455
D/TCPTester-bin( 1419): 	Seq: 12351 	Ack: 52018
D/TCPTester-bin( 1419): 45 00 00 28 00 01 00 00 31 06 65 57 C0 5F 3D A0 0A 05 1C 74 1B 39 57 B7 00 00 30 3F 00 00 CB 32 50 11 20 00 FC F8 00 00 
D/TCPTester-bin( 1419): TCP Checksum: 822E
D/TCPTester-bin( 1419): 10.5.28.116:22455 --> 
D/TCPTester-bin( 1419): 		 192.95.61.160:6969
D/TCPTester-bin( 1419): 	Seq: 52017 	Ack: 52019
D/TCPTester-bin( 1419): Reserved byte 01 passed
D/TCPTester-bin( 1419): Sending message to the socket, opcode 0
D/TCPTester-bin( 1419): Test complete
I/TCPTester-bin( 1419): Receiving from socket, offset 0
D/TCPTester( 1358): Receive data from socket, bytesRead = 2, 0200
D/TCPTester( 1358): Full command received
D/TCPTester( 1358): Test successful
D/TCPTester( 1358): Iptables command to execute: iptables -D OUTPUT -p tcp --tcp-flags RST RST --sport 22455 --dport 6969 -d 192.95.61.160 -j DROP && iptables --list
D/TCPTester( 1358): iptables rule disabled
D/TCPTester( 1358): Running test Test Reserved-syn from 10.5.28.116:44479 to 192.95.61.160:6969 failed 10
D/TCPTester( 1358): Iptables command to execute: iptables -A OUTPUT -p tcp --tcp-flags RST RST --sport 44479 --dport 6969 -d 192.95.61.160 -j DROP && iptables --list
D/TCPTester( 1358): iptables rule enabled
D/TCPTester( 1358): Sending message 0F0B0A051C74ADBFC05F3DA01B3902
D/TCPTester( 1358): Client connected, writing the message to socket
I/TCPTester-bin( 1419): Received 15 bytes
D/TCPTester-bin( 1419): Payload: 
D/TCPTester-bin( 1419): 0F 0B 0A 05 1C 74 AD BF C0 5F 3D A0 1B 39 02 
D/TCPTester-bin( 1419): Selecting test for opcode 11
D/TCPTester-bin( 1419): socket() ok
D/TCPTester-bin( 1419): setsockopt() ok
D/TCPTester-bin( 1419): TCP Checksum: 9356
D/TCPTester-bin( 1419): 10.5.28.116:44479 --> 
D/TCPTester-bin( 1419): 		 192.95.61.160:6969
D/TCPTester-bin( 1419): 	Seq: 11587 	Ack: 0
D/TCPTester-bin( 1419): TCP Checksum: 42E4
D/TCPTester-bin( 1419): 192.95.61.160:6969 --> 
D/TCPTester-bin( 1419): 		 10.5.28.116:44479
D/TCPTester-bin( 1419): 	Seq: 12345 	Ack: 11588
D/TCPTester-bin( 1419): 45 00 00 28 00 01 00 00 30 06 66 57 C0 5F 3D A0 0A 05 1C 74 1B 39 AD BF 00 00 30 39 00 00 2D 44 52 12 20 00 42 E4 00 00 
D/TCPTester-bin( 1419): SYNACK 	Seq: 12345 	Ack: 11588
D/TCPTester-bin( 1419): TCP Checksum: 630D
D/TCPTester-bin( 1419): 10.5.28.116:44479 --> 
D/TCPTester-bin( 1419): 		 192.95.61.160:6969
D/TCPTester-bin( 1419): 	Seq: 11588 	Ack: 12346
D/TCPTester-bin( 1419): TCP Checksum: 816E
D/TCPTester-bin( 1419): 10.5.28.116:44479 --> 
D/TCPTester-bin( 1419): 		 192.95.61.160:6969
D/TCPTester-bin( 1419): 	Seq: 11588 	Ack: 12346
D/TCPTester-bin( 1419): 45 00 00 2D 00 00 00 00 28 06 00 00 0A 05 1C 74 C0 5F 3D A0 AD BF 1B 39 00 00 2D 44 00 00 30 3A 50 18 FF D7 81 6E 00 00 48 45 4C 4C 4F 
D/TCPTester-bin( 1419): TCP Checksum: 6149
D/TCPTester-bin( 1419): 192.95.61.160:6969 --> 
D/TCPTester-bin( 1419): 		 10.5.28.116:44479
D/TCPTester-bin( 1419): 	Seq: 12346 	Ack: 11593
D/TCPTester-bin( 1419): 45 00 00 2D 00 01 00 00 31 06 65 52 C0 5F 3D A0 0A 05 1C 74 1B 39 AD BF 00 00 30 3A 00 00 2D 49 50 10 20 00 61 49 00 00 4F 4C 4C 45 48 
D/TCPTester-bin( 1419): TCP Checksum: 6503
D/TCPTester-bin( 1419): 10.5.28.116:44479 --> 
D/TCPTester-bin( 1419): 		 192.95.61.160:6969
D/TCPTester-bin( 1419): 	Seq: 11593 	Ack: 12351
D/TCPTester-bin( 1419): TCP Checksum: 6502
D/TCPTester-bin( 1419): 10.5.28.116:44479 --> 
D/TCPTester-bin( 1419): 		 192.95.61.160:6969
D/TCPTester-bin( 1419): 	Seq: 11593 	Ack: 12351
D/TCPTester-bin( 1419): TCP Checksum: 44D9
D/TCPTester-bin( 1419): 192.95.61.160:6969 --> 
D/TCPTester-bin( 1419): 		 10.5.28.116:44479
D/TCPTester-bin( 1419): 	Seq: 12351 	Ack: 11594
D/TCPTester-bin( 1419): 45 00 00 28 00 01 00 00 31 06 65 57 C0 5F 3D A0 0A 05 1C 74 1B 39 AD BF 00 00 30 3F 00 00 2D 4A 50 11 20 00 44 D9 00 00 
D/TCPTester-bin( 1419): TCP Checksum: 67F7
D/TCPTester-bin( 1419): 10.5.28.116:44479 --> 
D/TCPTester-bin( 1419): 		 192.95.61.160:6969
D/TCPTester-bin( 1419): 	Seq: 11593 	Ack: 11595
D/TCPTester-bin( 1419): Reserved byte 02 passed
D/TCPTester-bin( 1419): Sending message to the socket, opcode 0
D/TCPTester-bin( 1419): Test complete
I/TCPTester-bin( 1419): Receiving from socket, offset 0
D/TCPTester( 1358): Receive data from socket, bytesRead = 2, 0200
D/TCPTester( 1358): Full command received
D/TCPTester( 1358): Test successful
D/TCPTester( 1358): Iptables command to execute: iptables -D OUTPUT -p tcp --tcp-flags RST RST --sport 44479 --dport 6969 -d 192.95.61.160 -j DROP && iptables --list
D/TCPTester( 1358): iptables rule disabled
D/TCPTester( 1358): Running test Test Reserved-syn from 10.5.28.116:16809 to 192.95.61.160:6969 failed 100
D/TCPTester( 1358): Iptables command to execute: iptables -A OUTPUT -p tcp --tcp-flags RST RST --sport 16809 --dport 6969 -d 192.95.61.160 -j DROP && iptables --list
D/TCPTester( 1358): iptables rule enabled
D/TCPTester( 1358): Sending message 0F0B0A051C7441A9C05F3DA01B3904
D/TCPTester( 1358): Client connected, writing the message to socket
I/TCPTester-bin( 1419): Received 15 bytes
D/TCPTester-bin( 1419): Payload: 
D/TCPTester-bin( 1419): 0F 0B 0A 05 1C 74 41 A9 C0 5F 3D A0 1B 39 04 
D/TCPTester-bin( 1419): Selecting test for opcode 11
D/TCPTester-bin( 1419): socket() ok
D/TCPTester-bin( 1419): setsockopt() ok
D/TCPTester-bin( 1419): TCP Checksum: 72CD
D/TCPTester-bin( 1419): 10.5.28.116:16809 --> 
D/TCPTester-bin( 1419): 		 192.95.61.160:6969
D/TCPTester-bin( 1419): 	Seq: 47074 	Ack: 0
D/TCPTester-bin( 1419): TCP Checksum: 225B
D/TCPTester-bin( 1419): 192.95.61.160:6969 --> 
D/TCPTester-bin( 1419): 		 10.5.28.116:16809
D/TCPTester-bin( 1419): 	Seq: 12345 	Ack: 47075
D/TCPTester-bin( 1419): 45 00 00 28 00 01 00 00 30 06 66 57 C0 5F 3D A0 0A 05 1C 74 1B 39 41 A9 00 00 30 39 00 00 B7 E3 54 12 20 00 22 5B 00 00 
D/TCPTester-bin( 1419): SYNACK 	Seq: 12345 	Ack: 47075
D/TCPTester-bin( 1419): TCP Checksum: 4284
D/TCPTester-bin( 1419): 10.5.28.116:16809 --> 
D/TCPTester-bin( 1419): 		 192.95.61.160:6969
D/TCPTester-bin( 1419): 	Seq: 47075 	Ack: 12346
D/TCPTester-bin( 1419): TCP Checksum: 62E5
D/TCPTester-bin( 1419): 10.5.28.116:16809 --> 
D/TCPTester-bin( 1419): 		 192.95.61.160:6969
D/TCPTester-bin( 1419): 	Seq: 47075 	Ack: 12346
D/TCPTester-bin( 1419): 45 00 00 2D 00 00 00 00 28 06 00 00 0A 05 1C 74 C0 5F 3D A0 41 A9 1B 39 00 00 B7 E3 00 00 30 3A 50 18 FF D7 62 E5 00 00 48 45 4C 4C 4F 
D/TCPTester-bin( 1419): TCP Checksum: 42C0
D/TCPTester-bin( 1419): 192.95.61.160:6969 --> 
D/TCPTester-bin( 1419): 		 10.5.28.116:16809
D/TCPTester-bin( 1419): 	Seq: 12346 	Ack: 47080
D/TCPTester-bin( 1419): 45 00 00 2D 00 01 00 00 31 06 65 52 C0 5F 3D A0 0A 05 1C 74 1B 39 41 A9 00 00 30 3A 00 00 B7 E8 50 10 20 00 42 C0 00 00 4F 4C 4C 45 48 
D/TCPTester-bin( 1419): TCP Checksum: 467A
D/TCPTester-bin( 1419): 10.5.28.116:16809 --> 
D/TCPTester-bin( 1419): 		 192.95.61.160:6969
D/TCPTester-bin( 1419): 	Seq: 47080 	Ack: 12351
D/TCPTester-bin( 1419): TCP Checksum: 4679
D/TCPTester-bin( 1419): 10.5.28.116:16809 --> 
D/TCPTester-bin( 1419): 		 192.95.61.160:6969
D/TCPTester-bin( 1419): 	Seq: 47080 	Ack: 12351
D/TCPTester-bin( 1419): TCP Checksum: 2650
D/TCPTester-bin( 1419): 192.95.61.160:6969 --> 
D/TCPTester-bin( 1419): 		 10.5.28.116:16809
D/TCPTester-bin( 1419): 	Seq: 12351 	Ack: 47081
D/TCPTester-bin( 1419): 45 00 00 28 00 01 00 00 30 06 66 57 C0 5F 3D A0 0A 05 1C 74 1B 39 41 A9 00 00 30 3F 00 00 B7 E9 50 11 20 00 26 50 00 00 
D/TCPTester-bin( 1419): TCP Checksum: BECE
D/TCPTester-bin( 1419): 10.5.28.116:16809 --> 
D/TCPTester-bin( 1419): 		 192.95.61.160:6969
D/TCPTester-bin( 1419): 	Seq: 47080 	Ack: 47082
D/TCPTester-bin( 1419): Reserved byte 04 passed
D/TCPTester-bin( 1419): Sending message to the socket, opcode 0
D/TCPTester-bin( 1419): Test complete
I/TCPTester-bin( 1419): Receiving from socket, offset 0
D/TCPTester( 1358): Receive data from socket, bytesRead = 2, 0200
D/TCPTester( 1358): Full command received
D/TCPTester( 1358): Test successful
D/TCPTester( 1358): Iptables command to execute: iptables -D OUTPUT -p tcp --tcp-flags RST RST --sport 16809 --dport 6969 -d 192.95.61.160 -j DROP && iptables --list
D/TCPTester( 1358): iptables rule disabled
D/TCPTester( 1358): Running test Test Reserved-syn from 10.5.28.116:30931 to 192.95.61.160:6969 failed 1000
D/TCPTester( 1358): Iptables command to execute: iptables -A OUTPUT -p tcp --tcp-flags RST RST --sport 30931 --dport 6969 -d 192.95.61.160 -j DROP && iptables --list
D/TCPTester( 1358): iptables rule enabled
D/TCPTester( 1358): Sending message 0F0B0A051C7478D3C05F3DA01B3908
D/TCPTester( 1358): Client connected, writing the message to socket
I/TCPTester-bin( 1419): Received 15 bytes
D/TCPTester-bin( 1419): Payload: 
D/TCPTester-bin( 1419): 0F 0B 0A 05 1C 74 78 D3 C0 5F 3D A0 1B 39 08 
D/TCPTester-bin( 1419): Selecting test for opcode 11
D/TCPTester-bin( 1419): socket() ok
D/TCPTester-bin( 1419): setsockopt() ok
D/TCPTester-bin( 1419): TCP Checksum: 0F4F
D/TCPTester-bin( 1419): 10.5.28.116:30931 --> 
D/TCPTester-bin( 1419): 		 192.95.61.160:6969
D/TCPTester-bin( 1419): 	Seq: 57398 	Ack: 0
D/TCPTester-bin( 1419): TCP Checksum: BEDC
D/TCPTester-bin( 1419): 192.95.61.160:6969 --> 
D/TCPTester-bin( 1419): 		 10.5.28.116:30931
D/TCPTester-bin( 1419): 	Seq: 12345 	Ack: 57399
D/TCPTester-bin( 1419): 45 00 00 28 00 01 00 00 30 06 66 57 C0 5F 3D A0 0A 05 1C 74 1B 39 78 D3 00 00 30 39 00 00 E0 37 58 12 20 00 BE DC 00 00 
D/TCPTester-bin( 1419): SYNACK 	Seq: 12345 	Ack: 57399
D/TCPTester-bin( 1419): TCP Checksum: DF05
D/TCPTester-bin( 1419): 10.5.28.116:30931 --> 
D/TCPTester-bin( 1419): 		 192.95.61.160:6969
D/TCPTester-bin( 1419): 	Seq: 57399 	Ack: 12346
D/TCPTester-bin( 1419): TCP Checksum: 0367
D/TCPTester-bin( 1419): 10.5.28.116:30931 --> 
D/TCPTester-bin( 1419): 		 192.95.61.160:6969
D/TCPTester-bin( 1419): 	Seq: 57399 	Ack: 12346
D/TCPTester-bin( 1419): 45 00 00 2D 00 00 00 00 28 06 00 00 0A 05 1C 74 C0 5F 3D A0 78 D3 1B 39 00 00 E0 37 00 00 30 3A 50 18 FF D7 03 67 00 00 48 45 4C 4C 4F 
D/TCPTester-bin( 1419): TCP Checksum: E341
D/TCPTester-bin( 1419): 192.95.61.160:6969 --> 
D/TCPTester-bin( 1419): 		 10.5.28.116:30931
D/TCPTester-bin( 1419): 	Seq: 12346 	Ack: 57404
D/TCPTester-bin( 1419): 45 00 00 2D 00 01 00 00 31 06 65 52 C0 5F 3D A0 0A 05 1C 74 1B 39 78 D3 00 00 30 3A 00 00 E0 3C 50 10 20 00 E3 41 00 00 4F 4C 4C 45 48 
D/TCPTester-bin( 1419): TCP Checksum: E6FB
D/TCPTester-bin( 1419): 10.5.28.116:30931 --> 
D/TCPTester-bin( 1419): 		 192.95.61.160:6969
D/TCPTester-bin( 1419): 	Seq: 57404 	Ack: 12351
D/TCPTester-bin( 1419): TCP Checksum: E6FA
D/TCPTester-bin( 1419): 10.5.28.116:30931 --> 
D/TCPTester-bin( 1419): 		 192.95.61.160:6969
D/TCPTester-bin( 1419): 	Seq: 57404 	Ack: 12351
D/TCPTester-bin( 1419): TCP Checksum: C6D1
D/TCPTester-bin( 1419): 192.95.61.160:6969 --> 
D/TCPTester-bin( 1419): 		 10.5.28.116:30931
D/TCPTester-bin( 1419): 	Seq: 12351 	Ack: 57405
D/TCPTester-bin( 1419): 45 00 00 28 00 01 00 00 31 06 65 57 C0 5F 3D A0 0A 05 1C 74 1B 39 78 D3 00 00 30 3F 00 00 E0 3D 50 11 20 00 C6 D1 00 00 
D/TCPTester-bin( 1419): TCP Checksum: 36FC
D/TCPTester-bin( 1419): 10.5.28.116:30931 --> 
D/TCPTester-bin( 1419): 		 192.95.61.160:6969
D/TCPTester-bin( 1419): 	Seq: 57404 	Ack: 57406
D/TCPTester-bin( 1419): Reserved byte 08 passed
D/TCPTester-bin( 1419): Sending message to the socket, opcode 0
D/TCPTester-bin( 1419): Test complete
I/TCPTester-bin( 1419): Receiving from socket, offset 0
D/TCPTester( 1358): Receive data from socket, bytesRead = 2, 0200
D/TCPTester( 1358): Full command received
D/TCPTester( 1358): Test successful
D/TCPTester( 1358): Iptables command to execute: iptables -D OUTPUT -p tcp --tcp-flags RST RST --sport 30931 --dport 6969 -d 192.95.61.160 -j DROP && iptables --list
D/TCPTester( 1358): iptables rule disabled
D/TCPTester( 1358): Running test Test Reserved-est from 10.5.28.116:9171 to 192.95.61.160:6969 failed 1
D/TCPTester( 1358): Iptables command to execute: iptables -A OUTPUT -p tcp --tcp-flags RST RST --sport 9171 --dport 6969 -d 192.95.61.160 -j DROP && iptables --list
D/TCPTester( 1358): iptables rule enabled
D/TCPTester( 1358): Sending message 0F0C0A051C7423D3C05F3DA01B3901
D/TCPTester( 1358): Client connected, writing the message to socket
I/TCPTester-bin( 1419): Received 15 bytes
D/TCPTester-bin( 1419): Payload: 
D/TCPTester-bin( 1419): 0F 0C 0A 05 1C 74 23 D3 C0 5F 3D A0 1B 39 01 
D/TCPTester-bin( 1419): Selecting test for opcode 12
D/TCPTester-bin( 1419): socket() ok
D/TCPTester-bin( 1419): setsockopt() ok
D/TCPTester-bin( 1419): TCP Checksum: 24B9
D/TCPTester-bin( 1419): 10.5.28.116:9171 --> 
D/TCPTester-bin( 1419): 		 192.95.61.160:6969
D/TCPTester-bin( 1419): 	Seq: 10189 	Ack: 0
D/TCPTester-bin( 1419): TCP Checksum: 1642
D/TCPTester-bin( 1419): 192.95.61.160:6969 --> 
D/TCPTester-bin( 1419): 		 10.5.28.116:9171
D/TCPTester-bin( 1419): 	Seq: 12345 	Ack: 10190
D/TCPTester-bin( 1419): 45 00 00 28 00 01 00 00 30 06 66 57 C0 5F 3D A0 0A 05 1C 74 1B 39 23 D3 00 00 30 39 00 00 27 CE 50 12 20 00 16 42 BE 04 
D/TCPTester-bin( 1419): SYNACK 	Seq: 12345 	Ack: 10190
D/TCPTester-bin( 1419): TCP Checksum: F46F
D/TCPTester-bin( 1419): 10.5.28.116:9171 --> 
D/TCPTester-bin( 1419): 		 192.95.61.160:6969
D/TCPTester-bin( 1419): 	Seq: 10190 	Ack: 12346
D/TCPTester-bin( 1419): TCP Checksum: 0FD1
D/TCPTester-bin( 1419): 10.5.28.116:9171 --> 
D/TCPTester-bin( 1419): 		 192.95.61.160:6969
D/TCPTester-bin( 1419): 	Seq: 10190 	Ack: 12346
D/TCPTester-bin( 1419): 45 00 00 2D 00 00 00 00 28 06 00 00 0A 05 1C 74 C0 5F 3D A0 23 D3 1B 39 00 00 27 CE 00 00 30 3A 51 18 FF D7 0F D1 00 00 48 45 4C 4C 4F 
D/TCPTester-bin( 1419): TCP Checksum: EFAB
D/TCPTester-bin( 1419): 192.95.61.160:6969 --> 
D/TCPTester-bin( 1419): 		 10.5.28.116:9171
D/TCPTester-bin( 1419): 	Seq: 12346 	Ack: 10195
D/TCPTester-bin( 1419): 45 00 00 2D 00 01 00 00 30 06 66 52 C0 5F 3D A0 0A 05 1C 74 1B 39 23 D3 00 00 30 3A 00 00 27 D3 51 10 20 00 EF AB 00 00 4F 4C 4C 45 48 
D/TCPTester-bin( 1419): TCP Checksum: F365
D/TCPTester-bin( 1419): 10.5.28.116:9171 --> 
D/TCPTester-bin( 1419): 		 192.95.61.160:6969
D/TCPTester-bin( 1419): 	Seq: 10195 	Ack: 12351
D/TCPTester-bin( 1419): TCP Checksum: F364
D/TCPTester-bin( 1419): 10.5.28.116:9171 --> 
D/TCPTester-bin( 1419): 		 192.95.61.160:6969
D/TCPTester-bin( 1419): 	Seq: 10195 	Ack: 12351
D/TCPTester-bin( 1419): TCP Checksum: D43B
D/TCPTester-bin( 1419): 192.95.61.160:6969 --> 
D/TCPTester-bin( 1419): 		 10.5.28.116:9171
D/TCPTester-bin( 1419): 	Seq: 12351 	Ack: 10196
D/TCPTester-bin( 1419): 45 00 00 28 00 01 00 00 31 06 65 57 C0 5F 3D A0 0A 05 1C 74 1B 39 23 D3 00 00 30 3F 00 00 27 D4 50 11 20 00 D4 3B 00 00 
D/TCPTester-bin( 1419): TCP Checksum: FCCF
D/TCPTester-bin( 1419): 10.5.28.116:9171 --> 
D/TCPTester-bin( 1419): 		 192.95.61.160:6969
D/TCPTester-bin( 1419): 	Seq: 10195 	Ack: 10197
D/TCPTester-bin( 1419): Reserved byte 01 passed
D/TCPTester-bin( 1419): Sending message to the socket, opcode 0
D/TCPTester-bin( 1419): Test complete
I/TCPTester-bin( 1419): Receiving from socket, offset 0
D/TCPTester( 1358): Receive data from socket, bytesRead = 2, 0200
D/TCPTester( 1358): Full command received
D/TCPTester( 1358): Test successful
D/TCPTester( 1358): Iptables command to execute: iptables -D OUTPUT -p tcp --tcp-flags RST RST --sport 9171 --dport 6969 -d 192.95.61.160 -j DROP && iptables --list
D/TCPTester( 1358): iptables rule disabled
D/TCPTester( 1358): Running test Test Reserved-est from 10.5.28.116:24706 to 192.95.61.160:6969 failed 10
D/TCPTester( 1358): Iptables command to execute: iptables -A OUTPUT -p tcp --tcp-flags RST RST --sport 24706 --dport 6969 -d 192.95.61.160 -j DROP && iptables --list
D/TCPTester( 1358): iptables rule enabled
D/TCPTester( 1358): Sending message 0F0C0A051C746082C05F3DA01B3902
D/TCPTester( 1358): Client connected, writing the message to socket
I/TCPTester-bin( 1419): Received 15 bytes
D/TCPTester-bin( 1419): Payload: 
D/TCPTester-bin( 1419): 0F 0C 0A 05 1C 74 60 82 C0 5F 3D A0 1B 39 02 
D/TCPTester-bin( 1419): Selecting test for opcode 12
D/TCPTester-bin( 1419): socket() ok
D/TCPTester-bin( 1419): setsockopt() ok
D/TCPTester-bin( 1419): TCP Checksum: 8700
D/TCPTester-bin( 1419): 10.5.28.116:24706 --> 
D/TCPTester-bin( 1419): 		 192.95.61.160:6969
D/TCPTester-bin( 1419): 	Seq: 35030 	Ack: 0
D/TCPTester-bin( 1419): TCP Checksum: 7889
D/TCPTester-bin( 1419): 192.95.61.160:6969 --> 
D/TCPTester-bin( 1419): 		 10.5.28.116:24706
D/TCPTester-bin( 1419): 	Seq: 12345 	Ack: 35031
D/TCPTester-bin( 1419): 45 00 00 28 00 01 00 00 30 06 66 57 C0 5F 3D A0 0A 05 1C 74 1B 39 60 82 00 00 30 39 00 00 88 D7 50 12 20 00 78 89 BE 04 
D/TCPTester-bin( 1419): SYNACK 	Seq: 12345 	Ack: 35031
D/TCPTester-bin( 1419): TCP Checksum: 56B7
D/TCPTester-bin( 1419): 10.5.28.116:24706 --> 
D/TCPTester-bin( 1419): 		 192.95.61.160:6969
D/TCPTester-bin( 1419): 	Seq: 35031 	Ack: 12346
D/TCPTester-bin( 1419): TCP Checksum: 7118
D/TCPTester-bin( 1419): 10.5.28.116:24706 --> 
D/TCPTester-bin( 1419): 		 192.95.61.160:6969
D/TCPTester-bin( 1419): 	Seq: 35031 	Ack: 12346
D/TCPTester-bin( 1419): 45 00 00 2D 00 00 00 00 28 06 00 00 0A 05 1C 74 C0 5F 3D A0 60 82 1B 39 00 00 88 D7 00 00 30 3A 52 18 FF D7 71 18 00 00 48 45 4C 4C 4F 
D/TCPTester-bin( 1419): TCP Checksum: 50F3
D/TCPTester-bin( 1419): 192.95.61.160:6969 --> 
D/TCPTester-bin( 1419): 		 10.5.28.116:24706
D/TCPTester-bin( 1419): 	Seq: 12346 	Ack: 35036
D/TCPTester-bin( 1419): 45 00 00 2D 00 01 00 00 31 06 65 52 C0 5F 3D A0 0A 05 1C 74 1B 39 60 82 00 00 30 3A 00 00 88 DC 52 10 20 00 50 F3 00 00 4F 4C 4C 45 48 
D/TCPTester-bin( 1419): TCP Checksum: 54AD
D/TCPTester-bin( 1419): 10.5.28.116:24706 --> 
D/TCPTester-bin( 1419): 		 192.95.61.160:6969
D/TCPTester-bin( 1419): 	Seq: 35036 	Ack: 12351
D/TCPTester-bin( 1419): TCP Checksum: 54AC
D/TCPTester-bin( 1419): 10.5.28.116:24706 --> 
D/TCPTester-bin( 1419): 		 192.95.61.160:6969
D/TCPTester-bin( 1419): 	Seq: 35036 	Ack: 12351
D/TCPTester-bin( 1419): TCP Checksum: 3683
D/TCPTester-bin( 1419): 192.95.61.160:6969 --> 
D/TCPTester-bin( 1419): 		 10.5.28.116:24706
D/TCPTester-bin( 1419): 	Seq: 12351 	Ack: 35037
D/TCPTester-bin( 1419): 45 00 00 28 00 01 00 00 31 06 65 57 C0 5F 3D A0 0A 05 1C 74 1B 39 60 82 00 00 30 3F 00 00 88 DD 50 11 20 00 36 83 00 00 
D/TCPTester-bin( 1419): TCP Checksum: FE0D
D/TCPTester-bin( 1419): 10.5.28.116:24706 --> 
D/TCPTester-bin( 1419): 		 192.95.61.160:6969
D/TCPTester-bin( 1419): 	Seq: 35036 	Ack: 35038
D/TCPTester-bin( 1419): Reserved byte 02 passed
D/TCPTester-bin( 1419): Sending message to the socket, opcode 0
D/TCPTester-bin( 1419): Test complete
I/TCPTester-bin( 1419): Receiving from socket, offset 0
D/TCPTester( 1358): Receive data from socket, bytesRead = 2, 0200
D/TCPTester( 1358): Full command received
D/TCPTester( 1358): Test successful
D/TCPTester( 1358): Iptables command to execute: iptables -D OUTPUT -p tcp --tcp-flags RST RST --sport 24706 --dport 6969 -d 192.95.61.160 -j DROP && iptables --list
D/TCPTester( 1358): iptables rule disabled
D/TCPTester( 1358): Running test Test Reserved-est from 10.5.28.116:30332 to 192.95.61.160:6969 failed 100
D/TCPTester( 1358): Iptables command to execute: iptables -A OUTPUT -p tcp --tcp-flags RST RST --sport 30332 --dport 6969 -d 192.95.61.160 -j DROP && iptables --list
D/TCPTester( 1358): iptables rule enabled
D/TCPTester( 1358): Sending message 0F0C0A051C74767CC05F3DA01B3904
